Component: ARM Compiler 5.06 update 7 (build 960) Tool: armlink [4d3601]

==============================================================================

Section Cross References

    startup_stm32f103xb.o(STACK) refers (Special) to heapauxi.o(.text) for __use_two_region_memory
    startup_stm32f103xb.o(HEAP) refers (Special) to heapauxi.o(.text) for __use_two_region_memory
    startup_stm32f103xb.o(RESET) refers (Special) to heapauxi.o(.text) for __use_two_region_memory
    startup_stm32f103xb.o(RESET) refers to startup_stm32f103xb.o(STACK) for __initial_sp
    startup_stm32f103xb.o(RESET) refers to startup_stm32f103xb.o(.text) for Reset_Handler
    startup_stm32f103xb.o(RESET) refers to stm32f1xx_it.o(i.NMI_Handler) for NMI_Handler
    startup_stm32f103xb.o(RESET) refers to stm32f1xx_it.o(i.HardFault_Handler) for HardFault_Handler
    startup_stm32f103xb.o(RESET) refers to stm32f1xx_it.o(i.MemManage_Handler) for MemManage_Handler
    startup_stm32f103xb.o(RESET) refers to stm32f1xx_it.o(i.BusFault_Handler) for BusFault_Handler
    startup_stm32f103xb.o(RESET) refers to stm32f1xx_it.o(i.UsageFault_Handler) for UsageFault_Handler
    startup_stm32f103xb.o(RESET) refers to port.o(.emb_text) for SVC_Handler
    startup_stm32f103xb.o(RESET) refers to stm32f1xx_it.o(i.DebugMon_Handler) for DebugMon_Handler
    startup_stm32f103xb.o(RESET) refers to cmsis_os2.o(i.SysTick_Handler) for SysTick_Handler
    startup_stm32f103xb.o(RESET) refers to stm32f1xx_it.o(i.DMA1_Channel6_IRQHandler) for DMA1_Channel6_IRQHandler
    startup_stm32f103xb.o(RESET) refers to stm32f1xx_it.o(i.DMA1_Channel7_IRQHandler) for DMA1_Channel7_IRQHandler
    startup_stm32f103xb.o(RESET) refers to stm32f1xx_it.o(i.USB_HP_CAN1_TX_IRQHandler) for USB_HP_CAN1_TX_IRQHandler
    startup_stm32f103xb.o(RESET) refers to stm32f1xx_it.o(i.USB_LP_CAN1_RX0_IRQHandler) for USB_LP_CAN1_RX0_IRQHandler
    startup_stm32f103xb.o(RESET) refers to stm32f1xx_it.o(i.CAN1_RX1_IRQHandler) for CAN1_RX1_IRQHandler
    startup_stm32f103xb.o(RESET) refers to stm32f1xx_it.o(i.TIM2_IRQHandler) for TIM2_IRQHandler
    startup_stm32f103xb.o(RESET) refers to stm32f1xx_it.o(i.TIM4_IRQHandler) for TIM4_IRQHandler
    startup_stm32f103xb.o(RESET) refers to stm32f1xx_it.o(i.USART2_IRQHandler) for USART2_IRQHandler
    startup_stm32f103xb.o(.text) refers (Special) to heapauxi.o(.text) for __use_two_region_memory
    startup_stm32f103xb.o(.text) refers to system_stm32f1xx.o(i.SystemInit) for SystemInit
    startup_stm32f103xb.o(.text) refers to __main.o(!!!main) for __main
    startup_stm32f103xb.o(.text) refers to startup_stm32f103xb.o(HEAP) for Heap_Mem
    startup_stm32f103xb.o(.text) refers to startup_stm32f103xb.o(STACK) for Stack_Mem
    main.o(i.HAL_TIM_PeriodElapsedCallback) refers to stm32f1xx_hal_gpio.o(i.HAL_GPIO_TogglePin) for HAL_GPIO_TogglePin
    main.o(i.HAL_TIM_PeriodElapsedCallback) refers to stm32f1xx_hal.o(i.HAL_IncTick) for HAL_IncTick
    main.o(i.HAL_TIM_PeriodElapsedCallback) refers to tim.o(.bss) for htim2
    main.o(i.HAL_TIM_PeriodElapsedCallback) refers to main.o(.data) for .data
    main.o(i.SystemClock_Config) refers to rt_memclr_w.o(.text) for __aeabi_memclr4
    main.o(i.SystemClock_Config) refers to stm32f1xx_hal_rcc.o(i.HAL_RCC_OscConfig) for HAL_RCC_OscConfig
    main.o(i.SystemClock_Config) refers to stm32f1xx_hal_rcc.o(i.HAL_RCC_ClockConfig) for HAL_RCC_ClockConfig
    main.o(i.main) refers to stm32f1xx_hal.o(i.HAL_Init) for HAL_Init
    main.o(i.main) refers to main.o(i.SystemClock_Config) for SystemClock_Config
    main.o(i.main) refers to gpio.o(i.MX_GPIO_Init) for MX_GPIO_Init
    main.o(i.main) refers to dma.o(i.MX_DMA_Init) for MX_DMA_Init
    main.o(i.main) refers to can.o(i.MX_CAN_Init) for MX_CAN_Init
    main.o(i.main) refers to tim.o(i.MX_TIM2_Init) for MX_TIM2_Init
    main.o(i.main) refers to usart.o(i.MX_USART2_UART_Init) for MX_USART2_UART_Init
    main.o(i.main) refers to stm32f1xx_hal_tim.o(i.HAL_TIM_Base_Start_IT) for HAL_TIM_Base_Start_IT
    main.o(i.main) refers to cmsis_os2.o(i.osKernelInitialize) for osKernelInitialize
    main.o(i.main) refers to freertos.o(i.MX_FREERTOS_Init) for MX_FREERTOS_Init
    main.o(i.main) refers to cmsis_os2.o(i.osKernelStart) for osKernelStart
    main.o(i.main) refers to tim.o(.bss) for htim2
    gpio.o(i.MX_GPIO_Init) refers to stm32f1xx_hal_gpio.o(i.HAL_GPIO_WritePin) for HAL_GPIO_WritePin
    gpio.o(i.MX_GPIO_Init) refers to stm32f1xx_hal_gpio.o(i.HAL_GPIO_Init) for HAL_GPIO_Init
    freertos.o(i.ButtonTask) refers to stm32f1xx_hal_gpio.o(i.HAL_GPIO_ReadPin) for HAL_GPIO_ReadPin
    freertos.o(i.ButtonTask) refers to stm32f1xx_hal.o(i.HAL_GetTick) for HAL_GetTick
    freertos.o(i.ButtonTask) refers to tasks.o(i.vTaskDelay) for vTaskDelay
    freertos.o(i.ButtonTask) refers to main.o(.data) for g_button_cnt
    freertos.o(i.CANTask) refers to freertos.o(i.CAN_Filter_Init) for CAN_Filter_Init
    freertos.o(i.CANTask) refers to freertos.o(i.CAN_SendData) for CAN_SendData
[...]
    x$fpl$dnaninf                            0x08004f74   Section      156  dnaninf.o(x$fpl$dnaninf)
    x$fpl$dretinf                            0x08005010   Section       12  dretinf.o(x$fpl$dretinf)
    x$fpl$drleqf                             0x0800501c   Section      108  drleqf.o(x$fpl$drleqf)
    x$fpl$dsqrt                              0x08005088   Section      460  dsqrt_noumaal.o(x$fpl$dsqrt)
    x$fpl$dsub                               0x08005254   Section      468  daddsub_clz.o(x$fpl$dsub)
    _dsub1                                   0x08005265   Thumb Code     0  daddsub_clz.o(x$fpl$dsub)
    x$fpl$fretinf                            0x08005428   Section       10  fretinf.o(x$fpl$fretinf)
    x$fpl$retnan                             0x08005432   Section      100  retnan.o(x$fpl$retnan)
    x$fpl$scalbn                             0x08005496   Section       92  scalbn.o(x$fpl$scalbn)
    x$fpl$trapveneer                         0x080054f2   Section       48  trapv.o(x$fpl$trapveneer)
    .constdata                               0x08005522   Section        4  freertos.o(.constdata)
    x$fpl$usenofp                            0x08005522   Section        0  usenofp.o(x$fpl$usenofp)
    .constdata                               0x08005526   Section       18  stm32f1xx_hal_rcc.o(.constdata)
    aPredivFactorTable                       0x08005526   Data           2  stm32f1xx_hal_rcc.o(.constdata)
    aPLLMULFactorTable                       0x08005528   Data          16  stm32f1xx_hal_rcc.o(.constdata)
    .constdata                               0x08005538   Section       16  system_stm32f1xx.o(.constdata)
    .constdata                               0x08005548   Section        8  system_stm32f1xx.o(.constdata)
    .data                                    0x20000000   Section        8  main.o(.data)
    .data                                    0x20000008   Section       48  freertos.o(.data)
    x                                        0x20000020   Data           8  freertos.o(.data)
    last_filtered                            0x20000028   Data           8  freertos.o(.data)
    .data                                    0x20000038   Section       12  stm32f1xx_hal.o(.data)
    .data                                    0x20000044   Section        4  system_stm32f1xx.o(.data)
    .data                                    0x20000048   Section       60  tasks.o(.data)
    uxDeletedTasksWaitingCleanUp             0x2000004c   Data           4  tasks.o(.data)
    uxCurrentNumberOfTasks                   0x20000050   Data           4  tasks.o(.data)
    xTickCount                               0x20000054   Data           4  tasks.o(.data)
    uxTopReadyPriority                       0x20000058   Data           4  tasks.o(.data)
    xSchedulerRunning                        0x2000005c   Data           4  tasks.o(.data)
    xPendedTicks                             0x20000060   Data           4  tasks.o(.data)
    xYieldPending                            0x20000064   Data           4  tasks.o(.data)
    xNumOfOverflows                          0x20000068   Data           4  tasks.o(.data)
    uxTaskNumber                             0x2000006c   Data           4  tasks.o(.data)
    xNextTaskUnblockTime                     0x20000070   Data           4  tasks.o(.data)
    xIdleTaskHandle                          0x20000074   Data           4  tasks.o(.data)
    uxSchedulerSuspended                     0x20000078   Data           4  tasks.o(.data)
    pxDelayedTaskList                        0x2000007c   Data           4  tasks.o(.data)
    pxOverflowDelayedTaskList                0x20000080   Data           4  tasks.o(.data)
    .data                                    0x20000084   Section       20  timers.o(.data)
    xTimerQueue                              0x20000084   Data           4  timers.o(.data)
    xTimerTaskHandle                         0x20000088   Data           4  timers.o(.data)
    xLastTime                                0x2000008c   Data           4  timers.o(.data)
    pxCurrentTimerList                       0x20000090   Data           4  timers.o(.data)
    pxOverflowTimerList                      0x20000094   Data           4  timers.o(.data)
    .data                                    0x20000098   Section        4  cmsis_os2.o(.data)
    KernelState                              0x20000098   Data           4  cmsis_os2.o(.data)
    .data                                    0x2000009c   Section       32  heap_4.o(.data)
    pxEnd                                    0x2000009c   Data           4  heap_4.o(.data)
    xFreeBytesRemaining                      0x200000a0   Data           4  heap_4.o(.data)
    xMinimumEverFreeBytesRemaining           0x200000a4   Data           4  heap_4.o(.data)
    xNumberOfSuccessfulAllocations           0x200000a8   Data           4  heap_4.o(.data)
    xNumberOfSuccessfulFrees                 0x200000ac   Data           4  heap_4.o(.data)
    xBlockAllocatedBit                       0x200000b0   Data           4  heap_4.o(.data)
    xStart                                   0x200000b4   Data           8  heap_4.o(.data)
    .data                                    0x200000bc   Section       12  port.o(.data)
    ucMaxSysCallPriority                     0x200000bc   Data           1  port.o(.data)
    uxCriticalNesting                        0x200000c0   Data           4  port.o(.data)
    ulMaxPRIGROUPValue                       0x200000c4   Data           4  port.o(.data)
    .bss                                     0x200000c8   Section      180  freertos.o(.bss)
    .bss                                     0x2000017c   Section       40  can.o(.bss)
    .bss                                     0x200001a4   Section       72  tim.o(.bss)
    .bss                                     0x200001ec   Section      208  usart.o(.bss)
    .bss                                     0x200002bc   Section       72  stm32f1xx_hal_timebase_tim.o(.bss)
    .bss                                     0x20000304   Section       64  queue.o(.bss)
    .bss                                     0x20000344   Section     1220  tasks.o(.bss)
    pxReadyTasksLists                        0x20000344   Data        1120  tasks.o(.bss)
    xDelayedTaskList1                        0x200007a4   Data          20  tasks.o(.bss)
    xDelayedTaskList2                        0x200007b8   Data          20  tasks.o(.bss)
    xPendingReadyList                        0x200007cc   Data          20  tasks.o(.bss)
    xTasksWaitingTermination                 0x200007e0   Data          20  tasks.o(.bss)
    xSuspendedTaskList                       0x200007f4   Data          20  tasks.o(.bss)
    .bss                                     0x20000808   Section      280  timers.o(.bss)
    xStaticTimerQueue                        0x20000808   Data          80  timers.o(.bss)
    ucStaticTimerQueueStorage                0x20000858   Data         160  timers.o(.bss)
    xActiveTimerList1                        0x200008f8   Data          20  timers.o(.bss)
    xActiveTimerList2                        0x2000090c   Data          20  timers.o(.bss)
    .bss                                     0x20000920   Section     1720  cmsis_os2.o(.bss)
    Idle_TCB                                 0x20000920   Data          92  cmsis_os2.o(.bss)
    Idle_Stack                               0x2000097c   Data         512  cmsis_os2.o(.bss)
    Timer_TCB                                0x20000b7c   Data          92  cmsis_os2.o(.bss)
    Timer_Stack                              0x20000bd8   Data        1024  cmsis_os2.o(.bss)
    .bss                                     0x20000fd8   Section    10240  heap_4.o(.bss)
    ucHeap                                   0x20000fd8   Data       10240  heap_4.o(.bss)
    .bss                                     0x200037d8   Section      228  rand.o(.bss)
    .bss                                     0x200038bc   Section       96  libspace.o(.bss)
    HEAP                                     0x20003920   Section      512  startup_stm32f103xb.o(HEAP)
    Heap_Mem                                 0x20003920   Data         512  startup_stm32f103xb.o(HEAP)
    STACK                                    0x20003b20   Section     1024  startup_stm32f103xb.o(STACK)
    Stack_Mem                                0x20003b20   Data        1024  startup_stm32f103xb.o(STACK)
    __initial_sp                             0x20003f20   Data           0  startup_stm32f103xb.o(STACK)

    Global Symbols

    Symbol Name                              Value     Ov Type        Size  Object(Section)

    BuildAttributes$$THM_ISAv4$P$D$K$B$S$PE$A:L22UL41UL21$X:L11$S22US41US21$IEEE1$IW$USESV6$~STKCKD$USESV7$~SHL$OTIME$ROPI$IEEEJ$EBA8$UX$STANDARDLIB$REQ8$PRES8$EABIv2 0x00000000   Number         0  anon$$obj.o ABSOLUTE
    __ARM_use_no_argv                        0x00000000   Number         0  main.o ABSOLUTE
    __ARM_exceptions_init                     - Undefined Weak Reference
    __alloca_initialize                       - Undefined Weak Reference
    __arm_fini_                               - Undefined Weak Reference
    __arm_preinit_                            - Undefined Weak Reference
    __cpp_initialize__aeabi_                  - Undefined Weak Reference
    __cxa_finalize                            - Undefined Weak Reference
    __rt_locale                               - Undefined Weak Reference
    __sigvec_lookup                           - Undefined Weak Reference
    _atexit_init                              - Undefined Weak Reference
    _call_atexit_fns                          - Undefined Weak Reference
    _clock_init                               - Undefined Weak Reference
    _fp_trap_init                             - Undefined Weak Reference
    _fp_trap_shutdown                         - Undefined Weak Reference
    _get_lc_collate                           - Undefined Weak Reference
    _get_lc_ctype                             - Undefined Weak Reference
    _get_lc_monetary                          - Undefined Weak Reference
    _get_lc_numeric                           - Undefined Weak Reference
    _get_lc_time                              - Undefined Weak Reference
    _getenv_init                              - Undefined Weak Reference
    _handle_redirection                       - Undefined Weak Reference
    _init_alloc                               - Undefined Weak Reference
    _init_user_alloc                          - Undefined Weak Reference
    _initio                                   - Undefined Weak Reference
    _printf_post_padding                      - Undefined Weak Reference
    _printf_pre_padding                       - Undefined Weak Reference
    _printf_truncate_signed                   - Undefined Weak Reference
    _printf_truncate_unsigned                 - Undefined Weak Reference
    _signal_finish                            - Undefined Weak Reference
    _signal_init                              - Undefined Weak Reference
    _terminate_alloc                          - Undefined Weak Reference
    _terminate_user_alloc                     - Undefined Weak Reference
    _terminateio                              - Undefined Weak Reference
    __Vectors_Size                           0x000000ec   Number         0  startup_stm32f103xb.o ABSOLUTE
    __Vectors                                0x08000000   Data           4  startup_stm32f103xb.o(RESET)
    __Vectors_End                            0x080000ec   Data           0  startup_stm32f103xb.o(RESET)
    __main                                   0x080000ed   Thumb Code     8  __main.o(!!!main)
    __scatterload                            0x080000f5   Thumb Code     0  __scatter.o(!!!scatter)
    __scatterload_rt2                        0x080000f5   Thumb Code    44  __scatter.o(!!!scatter)
    __scatterload_rt2_thumb_only             0x080000f5   Thumb Code     0  __scatter.o(!!!scatter)
    __scatterload_null                       0x08000103   Thumb Code     0  __scatter.o(!!!scatter)
    __scatterload_copy                       0x08000129   Thumb Code    26  __scatter_copy.o(!!handler_copy)
    __scatterload_zeroinit                   0x08000145   Thumb Code    28  __scatter_zi.o(!!handler_zi)
    _printf_d                                0x08000161   Thumb Code     0  _printf_d.o(.ARM.Collect$$_printf_percent$$00000009)
    _printf_percent                          0x08000161   Thumb Code     0  _printf_percent.o(.ARM.Collect$$_printf_percent$$00000000)
    _printf_percent_end                      0x08000167   Thumb Code     0  _printf_percent_end.o(.ARM.Collect$$_printf_percent$$00000017)
    __rt_lib_init                            0x0800016b   Thumb Code     0  libinit.o(.ARM.Collect$$libinit$$00000000)
    __rt_lib_init_fp_1                       0x0800016d   Thumb Code     0  libinit2.o(.ARM.Collect$$libinit$$00000002)
    __rt_lib_init_heap_1                     0x0800016d   Thumb Code     0  libinit2.o(.ARM.Collect$$libinit$$0000000A)
    __rt_lib_init_preinit_1                  0x0800016d   Thumb Code     0  libinit2.o(.ARM.Collect$$libinit$$00000004)
    __rt_lib_init_rand_2                     0x0800016d   Thumb Code     0  libinit2.o(.ARM.Collect$$libinit$$0000000D)
    __rt_lib_init_user_alloc_1               0x0800016d   Thumb Code     0  libinit2.o(.ARM.Collect$$libinit$$0000000C)
    __rt_lib_init_alloca_1                   0x08000171   Thumb Code     0  libinit2.o(.ARM.Collect$$libinit$$0000002E)
    __rt_lib_init_argv_1                     0x08000171   Thumb Code     0  libinit2.o(.ARM.Collect$$libinit$$0000002C)
    __rt_lib_init_atexit_1                   0x08000171   Thumb Code     0  libinit2.o(.ARM.Collect$$libinit$$0000001B)
    __rt_lib_init_clock_1                    0x08000171   Thumb Code     0  libinit2.o(.ARM.Collect$$libinit$$00000021)
    __rt_lib_init_cpp_1                      0x08000171   Thumb Code     0  libinit2.o(.ARM.Collect$$libinit$$00000032)
    __rt_lib_init_exceptions_1               0x08000171   Thumb Code     0  libinit2.o(.ARM.Collect$$libinit$$00000030)
    __rt_lib_init_fp_trap_1                  0x08000171   Thumb Code     0  libinit2.o(.ARM.Collect$$libinit$$0000001F)
    __rt_lib_init_getenv_1                   0x08000171   Thumb Code     0  libinit2.o(.ARM.Collect$$libinit$$00000023)
    __rt_lib_init_lc_collate_1               0x08000171   Thumb Code     0  libinit2.o(.ARM.Collect$$libinit$$00000011)
    __rt_lib_init_lc_ctype_1                 0x08000171   Thumb Code     0  libinit2.o(.ARM.Collect$$libinit$$00000013)
    __rt_lib_init_lc_monetary_1              0x08000171   Thumb Code     0  libinit2.o(.ARM.Collect$$libinit$$00000015)
    __rt_lib_init_lc_numeric_1               0x08000171   Thumb Code     0  libinit2.o(.ARM.Collect$$libinit$$00000017)
    __rt_lib_init_lc_time_1                  0x08000171   Thumb Code     0  libinit2.o(.ARM.Collect$$libinit$$00000019)
    __rt_lib_init_rand_1                     0x08000171   Thumb Code     0  libinit2.o(.ARM.Collect$$libinit$$0000000E)
    __rt_lib_init_return                     0x08000171   Thumb Code     0  libinit2.o(.ARM.Collect$$libinit$$00000033)
    __rt_lib_init_signal_1                   0x08000171   Thumb Code     0  libinit2.o(.ARM.Collect$$libinit$$0000001D)
    __rt_lib_init_stdio_1                    0x08000171   Thumb Code     0  libinit2.o(.ARM.Collect$$libinit$$00000025)
    __rt_lib_shutdown                        0x08000173   Thumb Code     0  libshutdown.o(.ARM.Collect$$libshutdown$$00000000)
    __rt_lib_shutdown_cpp_1                  0x08000175   Thumb Code     0  libshutdown2.o(.ARM.Collect$$libshutdown$$00000004)
    __rt_lib_shutdown_fini_1                 0x08000175   Thumb Code     0  libshutdown2.o(.ARM.Collect$$libshutdown$$00000002)
    __rt_lib_shutdown_fp_trap_1              0x08000175   Thumb Code     0  libshutdown2.o(.ARM.Collect$$libshutdown$$00000009)
    __rt_lib_shutdown_heap_1                 0x08000175   Thumb Code     0  libshutdown2.o(.ARM.Collect$$libshutdown$$00000011)
    __rt_lib_shutdown_return                 0x08000175   Thumb Code     0  libshutdown2.o(.ARM.Collect$$libshutdown$$00000012)
    __rt_lib_shutdown_signal_1               0x08000175   Thumb Code     0  libshutdown2.o(.ARM.Collect$$libshutdown$$0000000C)
    __rt_lib_shutdown_stdio_1                0x08000175   Thumb Code     0  libshutdown2.o(.ARM.Collect$$libshutdown$$00000006)
    __rt_lib_shutdown_user_alloc_1           0x08000175   Thumb Code     0  libshutdown2.o(.ARM.Collect$$libshutdown$$0000000E)
    __rt_entry                               0x08000177   Thumb Code     0  __rtentry.o(.ARM.Collect$$rtentry$$00000000)
    __rt_entry_presh_1                       0x08000177   Thumb Code     0  __rtentry2.o(.ARM.Collect$$rtentry$$00000002)
    __rt_entry_sh                            0x08000177   Thumb Code     0  __rtentry4.o(.ARM.Collect$$rtentry$$00000004)
    __rt_entry_li                            0x0800017d   Thumb Code     0  __rtentry2.o(.ARM.Collect$$rtentry$$0000000A)
    __rt_entry_postsh_1                      0x0800017d   Thumb Code     0  __rtentry2.o(.ARM.Collect$$rtentry$$00000009)
    __rt_entry_main                          0x08000181   Thumb Code     0  __rtentry2.o(.ARM.Collect$$rtentry$$0000000D)
    __rt_entry_postli_1                      0x08000181   Thumb Code     0  __rtentry2.o(.ARM.Collect$$rtentry$$0000000C)
    __rt_exit                                0x08000189   Thumb Code     0  rtexit.o(.ARM.Collect$$rtexit$$00000000)
    __rt_exit_ls                             0x0800018b   Thumb Code     0  rtexit2.o(.ARM.Collect$$rtexit$$00000003)
    __rt_exit_prels_1                        0x0800018b   Thumb Code     0  rtexit2.o(.ARM.Collect$$rtexit$$00000002)
    __rt_exit_exit                           0x0800018f   Thumb Code     0  rtexit2.o(.ARM.Collect$$rtexit$$00000004)
    SVC_Handler                              0x08000195   Thumb Code    32  port.o(.emb_text)
    __asm___6_port_c_39a90d8d__prvStartFirstTask 0x080001b9   Thumb Code    28  port.o(.emb_text)
    PendSV_Handler                           0x080001d9   Thumb Code    72  port.o(.emb_text)
    vPortGetIPSR                             0x08000225   Thumb Code     6  port.o(.emb_text)
    rand                                     0x0800022d   Thumb Code    48  rand.o(.emb_text)
    Reset_Handler                            0x08000261   Thumb Code     8  startup_stm32f103xb.o(.text)
    ADC1_2_IRQHandler                        0x0800027b   Thumb Code     0  startup_stm32f103xb.o(.text)
    CAN1_SCE_IRQHandler                      0x0800027b   Thumb Code     0  startup_stm32f103xb.o(.text)
    DMA1_Channel1_IRQHandler                 0x0800027b   Thumb Code     0  startup_stm32f103xb.o(.text)
    DMA1_Channel2_IRQHandler                 0x0800027b   Thumb Code     0  startup_stm32f103xb.o(.text)
    DMA1_Channel3_IRQHandler                 0x0800027b   Thumb Code     0  startup_stm32f103xb.o(.text)
    DMA1_Channel4_IRQHandler                 0x0800027b   Thumb Code     0  startup_stm32f103xb.o(.text)
    DMA1_Channel5_IRQHandler                 0x0800027b   Thumb Code     0  startup_stm32f103xb.o(.text)
    EXTI0_IRQHandler                         0x0800027b   Thumb Code     0  startup_stm32f103xb.o(.text)
    EXTI15_10_IRQHandler                     0x0800027b   Thumb Code     0  startup_stm32f103xb.o(.text)
    EXTI1_IRQHandler                         0x0800027b   Thumb Code     0  startup_stm32f103xb.o(.text)
    EXTI2_IRQHandler                         0x0800027b   Thumb Code     0  startup_stm32f103xb.o(.text)
    EXTI3_IRQHandler                         0x0800027b   Thumb Code     0  startup_stm32f103xb.o(.text)
    EXTI4_IRQHandler                         0x0800027b   Thumb Code     0  startup_stm32f103xb.o(.text)
    EXTI9_5_IRQHandler                       0x0800027b   Thumb Code     0  startup_stm32f103xb.o(.text)
    FLASH_IRQHandler                         0x0800027b   Thumb Code     0  startup_stm32f103xb.o(.text)
    I2C1_ER_IRQHandler                       0x0800027b   Thumb Code     0  startup_stm32f103xb.o(.text)
    I2C1_EV_IRQHandler                       0x0800027b   Thumb Code     0  startup_stm32f103xb.o(.text)
    I2C2_ER_IRQHandler                       0x0800027b   Thumb Code     0  startup_stm32f103xb.o(.text)
    I2C2_EV_IRQHandler                       0x0800027b   Thumb Code     0  startup_stm32f103xb.o(.text)
    PVD_IRQHandler                           0x0800027b   Thumb Code     0  startup_stm32f103xb.o(.text)
    RCC_IRQHandler                           0x0800027b   Thumb Code     0  startup_stm32f103xb.o(.text)
    RTC_Alarm_IRQHandler                     0x0800027b   Thumb Code     0  startup_stm32f103xb.o(.text)
    RTC_IRQHandler                           0x0800027b   Thumb Code     0  startup_stm32f103xb.o(.text)
    SPI1_IRQHandler                          0x0800027b   Thumb Code     0  startup_stm32f103xb.o(.text)
    SPI2_IRQHandler                          0x0800027b   Thumb Code     0  startup_stm32f103xb.o(.text)
    TAMPER_IRQHandler                        0x0800027b   Thumb Code     0  startup_stm32f103xb.o(.text)
    TIM1_BRK_IRQHandler                      0x0800027b   Thumb Code     0  startup_stm32f103xb.o(.text)
    TIM1_CC_IRQHandler                       0x0800027b   Thumb Code     0  startup_stm32f103xb.o(.text)
    TIM1_TRG_COM_IRQHandler                  0x0800027b   Thumb Code     0  startup_stm32f103xb.o(.text)
    TIM1_UP_IRQHandler                       0x0800027b   Thumb Code     0  startup_stm32f103xb.o(.text)
    TIM3_IRQHandler                          0x0800027b   Thumb Code     0  startup_stm32f103xb.o(.text)
    USART1_IRQHandler                        0x0800027b   Thumb Code     0  startup_stm32f103xb.o(.text)
    USART3_IRQHandler                        0x0800027b   Thumb Code     0  startup_stm32f103xb.o(.text)
    USBWakeUp_IRQHandler                     0x0800027b   Thumb Code     0  startup_stm32f103xb.o(.text)
    WWDG_IRQHandler                          0x0800027b   Thumb Code     0  startup_stm32f103xb.o(.text)
    __user_initial_stackheap                 0x0800027d   Thumb Code     0  startup_stm32f103xb.o(.text)
    __2snprintf                              0x080002a1   Thumb Code    48  noretval__2snprintf.o(.text)
    __printf                                 0x080002d5   Thumb Code   104  __printf.o(.text)
    _printf_int_dec                          0x0800033d   Thumb Code   104  _printf_dec.o(.text)
    srand                                    0x080003b5   Thumb Code    42  rand.o(.text)
    _rand_init                               0x080003df   Thumb Code     4  rand.o(.text)
    strlen                                   0x080003f1   Thumb Code    62  strlen.o(.text)
    __aeabi_memcpy                           0x0800042f   Thumb Code     0  rt_memcpy_v6.o(.text)
    __rt_memcpy                              0x0800042f   Thumb Code   138  rt_memcpy_v6.o(.text)
    _memcpy_lastbytes                        0x08000495   Thumb Code     0  rt_memcpy_v6.o(.text)
    __aeabi_memset                           0x080004b9   Thumb Code    16  aeabi_memset.o(.text)
    __aeabi_memclr4                          0x080004c9   Thumb Code     0  rt_memclr_w.o(.text)
    __aeabi_memclr8                          0x080004c9   Thumb Code     0  rt_memclr_w.o(.text)
    __rt_memclr_w                            0x080004c9   Thumb Code    78  rt_memclr_w.o(.text)
    _memset_w                                0x080004cd   Thumb Code     0  rt_memclr_w.o(.text)
    __use_two_region_memory                  0x08000517   Thumb Code     2  heapauxi.o(.text)
    __rt_heap_escrow$2region                 0x08000519   Thumb Code     2  heapauxi.o(.text)
    __rt_heap_expand$2region                 0x0800051b   Thumb Code     2  heapauxi.o(.text)
    __read_errno                             0x0800051d   Thumb Code    10  _rserrno.o(.text)
    __set_errno                              0x08000527   Thumb Code    12  _rserrno.o(.text)
    _printf_int_common                       0x08000533   Thumb Code   178  _printf_intcommon.o(.text)
    _printf_char_common                      0x080005ef   Thumb Code    32  _printf_char_common.o(.text)
    _sputc                                   0x08000615   Thumb Code    10  _sputc.o(.text)
    _snputc                                  0x0800061f   Thumb Code    16  _snputc.o(.text)
    __aeabi_memcpy4                          0x0800062f   Thumb Code     0  rt_memcpy_w.o(.text)
    __aeabi_memcpy8                          0x0800062f   Thumb Code     0  rt_memcpy_w.o(.text)
    __rt_memcpy_w                            0x0800062f   Thumb Code   100  rt_memcpy_w.o(.text)
    _memcpy_lastbytes_aligned                0x08000677   Thumb Code     0  rt_memcpy_w.o(.text)
    __aeabi_memclr                           0x08000693   Thumb Code     0  rt_memclr.o(.text)
    __rt_memclr                              0x08000693   Thumb Code    68  rt_memclr.o(.text)
    _memset                                  0x08000697   Thumb Code     0  rt_memclr.o(.text)
    __aeabi_errno_addr                       0x080006d9   Thumb Code     8  rt_errno_addr_intlibspace.o(.text)
    __errno$intlibspace                      0x080006d9   Thumb Code     0  rt_errno_addr_intlibspace.o(.text)
    __rt_errno_addr$intlibspace              0x080006d9   Thumb Code     0  rt_errno_addr_intlibspace.o(.text)
    __user_libspace                          0x080006e1   Thumb Code     8  libspace.o(.text)
    __user_perproc_libspace                  0x080006e1   Thumb Code     0  libspace.o(.text)
    __user_perthread_libspace                0x080006e1   Thumb Code     0  libspace.o(.text)
    __user_setup_stackheap                   0x080006e9   Thumb Code    74  sys_stackheap_outer.o(.text)
    exit                                     0x08000733   Thumb Code    18  exit.o(.text)
    __I$use$semihosting                      0x08000745   Thumb Code     0  use_no_semi.o(.text)
    __use_no_semihosting_swi                 0x08000745   Thumb Code     2  use_no_semi.o(.text)
    __semihosting_library_function           0x08000747   Thumb Code     0  indicate_semi.o(.text)
    _sys_exit                                0x08000749   Thumb Code     8  sys_exit.o(.text)
    BusFault_Handler                         0x08000755   Thumb Code     2  stm32f1xx_it.o(i.BusFault_Handler)
    ButtonTask                               0x08000759   Thumb Code   116  freertos.o(i.ButtonTask)
    CAN1_RX1_IRQHandler                      0x080007d9   Thumb Code     6  stm32f1xx_it.o(i.CAN1_RX1_IRQHandler)
    CANTask                                  0x080007e5   Thumb Code    26  freertos.o(i.CANTask)
    CAN_Filter_Init                          0x08000805   Thumb Code    76  freertos.o(i.CAN_Filter_Init)
    CAN_SendData                             0x08000855   Thumb Code    64  freertos.o(i.CAN_SendData)
    DMA1_Channel6_IRQHandler                 0x080008a1   Thumb Code     6  stm32f1xx_it.o(i.DMA1_Channel6_IRQHandler)
    DMA1_Channel7_IRQHandler                 0x080008ad   Thumb Code     6  stm32f1xx_it.o(i.DMA1_Channel7_IRQHandler)
    DebugMon_Handler                         0x080008e3   Thumb Code     2  stm32f1xx_it.o(i.DebugMon_Handler)
    Error_Handler                            0x080008e5   Thumb Code     4  main.o(i.Error_Handler)
    HAL_CAN_ActivateNotification             0x080008e9   Thumb Code    36  stm32f1xx_hal_can.o(i.HAL_CAN_ActivateNotification)
    HAL_CAN_AddTxMessage                     0x0800090d   Thumb Code   208  stm32f1xx_hal_can.o(i.HAL_CAN_AddTxMessage)
    HAL_CAN_ConfigFilter                     0x080009dd   Thumb Code   238  stm32f1xx_hal_can.o(i.HAL_CAN_ConfigFilter)
    HAL_CAN_ErrorCallback                    0x08000acb   Thumb Code     2  stm32f1xx_hal_can.o(i.HAL_CAN_ErrorCallback)
    HAL_CAN_GetRxMessage                     0x08000acd   Thumb Code   244  stm32f1xx_hal_can.o(i.HAL_CAN_GetRxMessage)
    HAL_CAN_GetState                         0x08000bc1   Thumb Code    36  stm32f1xx_hal_can.o(i.HAL_CAN_GetState)
    HAL_CAN_IRQHandler                       0x08000be5   Thumb Code   508  stm32f1xx_hal_can.o(i.HAL_CAN_IRQHandler)
    HAL_CAN_Init                             0x08000de1   Thumb Code   282  stm32f1xx_hal_can.o(i.HAL_CAN_Init)
    HAL_CAN_MspInit                          0x08000efd   Thumb Code   144  can.o(i.HAL_CAN_MspInit)
    HAL_CAN_RxFifo0FullCallback              0x08000f99   Thumb Code     2  stm32f1xx_hal_can.o(i.HAL_CAN_RxFifo0FullCallback)
    HAL_CAN_RxFifo0MsgPendingCallback        0x08000f9d   Thumb Code    10  freertos.o(i.HAL_CAN_RxFifo0MsgPendingCallback)
    HAL_CAN_RxFifo1FullCallback              0x08000fb1   Thumb Code     2  stm32f1xx_hal_can.o(i.HAL_CAN_RxFifo1FullCallback)
    HAL_CAN_RxFifo1MsgPendingCallback        0x08000fb3   Thumb Code     2  stm32f1xx_hal_can.o(i.HAL_CAN_RxFifo1MsgPendingCallback)
    HAL_CAN_SleepCallback                    0x08000fb5   Thumb Code     2  stm32f1xx_hal_can.o(i.HAL_CAN_SleepCallback)
    HAL_CAN_Start                            0x08000fb9   Thumb Code    88  stm32f1xx_hal_can.o(i.HAL_CAN_Start)
    HAL_CAN_TxMailbox0AbortCallback          0x08001011   Thumb Code     2  stm32f1xx_hal_can.o(i.HAL_CAN_TxMailbox0AbortCallback)
    HAL_CAN_TxMailbox0CompleteCallback       0x08001015   Thumb Code    12  freertos.o(i.HAL_CAN_TxMailbox0CompleteCallback)
    HAL_CAN_TxMailbox1AbortCallback          0x08001029   Thumb Code     2  stm32f1xx_hal_can.o(i.HAL_CAN_TxMailbox1AbortCallback)
    HAL_CAN_TxMailbox1CompleteCallback       0x0800102d   Thumb Code    12  freertos.o(i.HAL_CAN_TxMailbox1CompleteCallback)
    HAL_CAN_TxMailbox2AbortCallback          0x08001041   Thumb Code     2  stm32f1xx_hal_can.o(i.HAL_CAN_TxMailbox2AbortCallback)
    HAL_CAN_TxMailbox2CompleteCallback       0x08001045   Thumb Code    12  freertos.o(i.HAL_CAN_TxMailbox2CompleteCallback)
    HAL_CAN_WakeUpFromRxMsgCallback          0x08001059   Thumb Code     2  stm32f1xx_hal_can.o(i.HAL_CAN_WakeUpFromRxMsgCallback)
    HAL_DMA_Abort                            0x0800105b   Thumb Code    70  stm32f1xx_hal_dma.o(i.HAL_DMA_Abort)
    HAL_DMA_Abort_IT                         0x080010a1   Thumb Code   148  stm32f1xx_hal_dma.o(i.HAL_DMA_Abort_IT)
    HAL_DMA_IRQHandler                       0x08001139   Thumb Code   316  stm32f1xx_hal_dma.o(i.HAL_DMA_IRQHandler)
    HAL_DMA_Init                             0x0800128d   Thumb Code    84  stm32f1xx_hal_dma.o(i.HAL_DMA_Init)
    HAL_DMA_Start_IT                         0x080012e9   Thumb Code   112  stm32f1xx_hal_dma.o(i.HAL_DMA_Start_IT)
    HAL_GPIO_Init                            0x08001359   Thumb Code   446  stm32f1xx_hal_gpio.o(i.HAL_GPIO_Init)
    HAL_GPIO_ReadPin                         0x08001539   Thumb Code    10  stm32f1xx_hal_gpio.o(i.HAL_GPIO_ReadPin)
    HAL_GPIO_TogglePin                       0x08001543   Thumb Code    16  stm32f1xx_hal_gpio.o(i.HAL_GPIO_TogglePin)
    HAL_GPIO_WritePin                        0x08001553   Thumb Code    10  stm32f1xx_hal_gpio.o(i.HAL_GPIO_WritePin)
    HAL_GetTick                              0x0800155d   Thumb Code     6  stm32f1xx_hal.o(i.HAL_GetTick)
    HAL_IncTick                              0x08001569   Thumb Code    12  stm32f1xx_hal.o(i.HAL_IncTick)
    HAL_Init                                 0x08001579   Thumb Code    32  stm32f1xx_hal.o(i.HAL_Init)
    HAL_InitTick                             0x0800159d   Thumb Code   132  stm32f1xx_hal_timebase_tim.o(i.HAL_InitTick)
    HAL_MspInit                              0x08001635   Thumb Code    62  stm32f1xx_hal_msp.o(i.HAL_MspInit)
    HAL_NVIC_EnableIRQ                       0x0800167d   Thumb Code    26  stm32f1xx_hal_cortex.o(i.HAL_NVIC_EnableIRQ)
    HAL_NVIC_SetPriority                     0x08001699   Thumb Code    60  stm32f1xx_hal_cortex.o(i.HAL_NVIC_SetPriority)
    HAL_NVIC_SetPriorityGrouping             0x080016d9   Thumb Code    26  stm32f1xx_hal_cortex.o(i.HAL_NVIC_SetPriorityGrouping)
    HAL_RCC_ClockConfig                      0x080016fd   Thumb Code   280  stm32f1xx_hal_rcc.o(i.HAL_RCC_ClockConfig)
    HAL_RCC_GetClockConfig                   0x08001829   Thumb Code    54  stm32f1xx_hal_rcc.o(i.HAL_RCC_GetClockConfig)
    HAL_RCC_GetPCLK1Freq                     0x08001869   Thumb Code    20  stm32f1xx_hal_rcc.o(i.HAL_RCC_GetPCLK1Freq)
    HAL_RCC_GetPCLK2Freq                     0x08001889   Thumb Code    20  stm32f1xx_hal_rcc.o(i.HAL_RCC_GetPCLK2Freq)
    HAL_RCC_GetSysClockFreq                  0x080018a9   Thumb Code    58  stm32f1xx_hal_rcc.o(i.HAL_RCC_GetSysClockFreq)
    HAL_RCC_OscConfig                        0x080018f5   Thumb Code   778  stm32f1xx_hal_rcc.o(i.HAL_RCC_OscConfig)
    HAL_TIMEx_BreakCallback                  0x08001c15   Thumb Code     2  stm32f1xx_hal_tim_ex.o(i.HAL_TIMEx_BreakCallback)
    HAL_TIMEx_CommutCallback                 0x08001c17   Thumb Code     2  stm32f1xx_hal_tim_ex.o(i.HAL_TIMEx_CommutCallback)
    HAL_TIMEx_MasterConfigSynchronization    0x08001c19   Thumb Code    92  stm32f1xx_hal_tim_ex.o(i.HAL_TIMEx_MasterConfigSynchronization)
    HAL_TIM_Base_Init                        0x08001c81   Thumb Code    90  stm32f1xx_hal_tim.o(i.HAL_TIM_Base_Init)
    HAL_TIM_Base_MspInit                     0x08001cdd   Thumb Code    50  tim.o(i.HAL_TIM_Base_MspInit)
    HAL_TIM_Base_Start_IT                    0x08001d15   Thumb Code    76  stm32f1xx_hal_tim.o(i.HAL_TIM_Base_Start_IT)
    HAL_TIM_ConfigClockSource                0x08001d6d   Thumb Code   220  stm32f1xx_hal_tim.o(i.HAL_TIM_ConfigClockSource)
    HAL_TIM_IC_CaptureCallback               0x08001e49   Thumb Code     2  stm32f1xx_hal_tim.o(i.HAL_TIM_IC_CaptureCallback)
    HAL_TIM_IRQHandler                       0x08001e4b   Thumb Code   304  stm32f1xx_hal_tim.o(i.HAL_TIM_IRQHandler)
    HAL_TIM_OC_DelayElapsedCallback          0x08001f7b   Thumb Code     2  stm32f1xx_hal_tim.o(i.HAL_TIM_OC_DelayElapsedCallback)
    HAL_TIM_PWM_PulseFinishedCallback        0x08001f7d   Thumb Code     2  stm32f1xx_hal_tim.o(i.HAL_TIM_PWM_PulseFinishedCallback)
    HAL_TIM_PeriodElapsedCallback            0x08001f81   Thumb Code    54  main.o(i.HAL_TIM_PeriodElapsedCallback)
    HAL_TIM_TriggerCallback                  0x08001fc9   Thumb Code     2  stm32f1xx_hal_tim.o(i.HAL_TIM_TriggerCallback)
    HAL_UARTEx_RxEventCallback               0x08001fcb   Thumb Code     2  stm32f1xx_hal_uart.o(i.HAL_UARTEx_RxEventCallback)
    HAL_UART_ErrorCallback                   0x08001fcd   Thumb Code     2  stm32f1xx_hal_uart.o(i.HAL_UART_ErrorCallback)
    HAL_UART_IRQHandler                      0x08001fd1   Thumb Code   616  stm32f1xx_hal_uart.o(i.HAL_UART_IRQHandler)
    HAL_UART_Init                            0x0800223d   Thumb Code   100  stm32f1xx_hal_uart.o(i.HAL_UART_Init)
    HAL_UART_MspInit                         0x080022a1   Thumb Code   196  usart.o(i.HAL_UART_MspInit)
    HAL_UART_RxCpltCallback                  0x08002379   Thumb Code     2  stm32f1xx_hal_uart.o(i.HAL_UART_RxCpltCallback)
    HAL_UART_Transmit                        0x0800237b   Thumb Code   160  stm32f1xx_hal_uart.o(i.HAL_UART_Transmit)
    HAL_UART_Transmit_DMA                    0x0800241d   Thumb Code   106  stm32f1xx_hal_uart.o(i.HAL_UART_Transmit_DMA)
    HAL_UART_TxCpltCallback                  0x08002495   Thumb Code    14  freertos.o(i.HAL_UART_TxCpltCallback)
    HAL_UART_TxHalfCpltCallback              0x080024ad   Thumb Code     2  stm32f1xx_hal_uart.o(i.HAL_UART_TxHalfCpltCallback)
    HardFault_Handler                        0x080024af   Thumb Code     2  stm32f1xx_it.o(i.HardFault_Handler)
    MX_CAN_Init                              0x080024b1   Thumb Code    60  can.o(i.MX_CAN_Init)
    MX_DMA_Init                              0x080024f5   Thumb Code    56  dma.o(i.MX_DMA_Init)
    MX_FREERTOS_Init                         0x08002531   Thumb Code    86  freertos.o(i.MX_FREERTOS_Init)
    MX_GPIO_Init                             0x080025c9   Thumb Code   120  gpio.o(i.MX_GPIO_Init)
    MX_TIM2_Init                             0x0800264d   Thumb Code    96  tim.o(i.MX_TIM2_Init)
    MX_USART2_UART_Init                      0x080026b1   Thumb Code    48  usart.o(i.MX_USART2_UART_Init)
    MemManage_Handler                        0x080026e9   Thumb Code     2  stm32f1xx_it.o(i.MemManage_Handler)
    MotorTask                                0x080026ed   Thumb Code   190  freertos.o(i.MotorTask)
    NMI_Handler                              0x080027d5   Thumb Code     2  stm32f1xx_it.o(i.NMI_Handler)
    NoisyTask                                0x080027d9   Thumb Code   444  freertos.o(i.NoisyTask)
    SysTick_Handler                          0x080029d9   Thumb Code    26  cmsis_os2.o(i.SysTick_Handler)
    SystemClock_Config                       0x080029f3   Thumb Code    94  main.o(i.SystemClock_Config)
    SystemInit                               0x08002a51   Thumb Code     2  system_stm32f1xx.o(i.SystemInit)
    TIM2_IRQHandler                          0x08002a55   Thumb Code     6  stm32f1xx_it.o(i.TIM2_IRQHandler)
    TIM4_IRQHandler                          0x08002a61   Thumb Code     6  stm32f1xx_it.o(i.TIM4_IRQHandler)
    TIM_Base_SetConfig                       0x08002a6d   Thumb Code   108  stm32f1xx_hal_tim.o(i.TIM_Base_SetConfig)
    TIM_ETR_SetConfig                        0x08002ae5   Thumb Code    20  stm32f1xx_hal_tim.o(i.TIM_ETR_SetConfig)
    USART2_IRQHandler                        0x08002e4d   Thumb Code     6  stm32f1xx_it.o(i.USART2_IRQHandler)
    USB_HP_CAN1_TX_IRQHandler                0x08002e59   Thumb Code     6  stm32f1xx_it.o(i.USB_HP_CAN1_TX_IRQHandler)
    USB_LP_CAN1_RX0_IRQHandler               0x08002e65   Thumb Code     6  stm32f1xx_it.o(i.USB_LP_CAN1_RX0_IRQHandler)
    UsageFault_Handler                       0x08002e71   Thumb Code     2  stm32f1xx_it.o(i.UsageFault_Handler)
    main                                     0x08002e95   Thumb Code    48  main.o(i.main)
    osKernelInitialize                       0x08002ec9   Thumb Code    32  cmsis_os2.o(i.osKernelInitialize)
    osKernelStart                            0x08002eed   Thumb Code    48  cmsis_os2.o(i.osKernelStart)
    pvPortMalloc                             0x080036d1   Thumb Code   216  heap_4.o(i.pvPortMalloc)
    pvTaskIncrementMutexHeldCount            0x080037ad   Thumb Code    18  tasks.o(i.pvTaskIncrementMutexHeldCount)
    pxPortInitialiseStack                    0x080037c5   Thumb Code    32  port.o(i.pxPortInitialiseStack)
    sqrt                                     0x080037e9   Thumb Code    76  sqrt.o(i.sqrt)
    uxListRemove                             0x08003835   Thumb Code    38  list.o(i.uxListRemove)
    vApplicationGetIdleTaskMemory            0x0800385d   Thumb Code    16  cmsis_os2.o(i.vApplicationGetIdleTaskMemory)
    vApplicationGetTimerTaskMemory           0x08003871   Thumb Code    18  cmsis_os2.o(i.vApplicationGetTimerTaskMemory)
    vListInitialise                          0x08003889   Thumb Code    22  list.o(i.vListInitialise)
    vListInitialiseItem                      0x0800389f   Thumb Code     6  list.o(i.vListInitialiseItem)
    vListInsert                              0x080038a5   Thumb Code    48  list.o(i.vListInsert)
    vListInsertEnd                           0x080038d5   Thumb Code    24  list.o(i.vListInsertEnd)
    vPortEnterCritical                       0x080038ed   Thumb Code    54  port.o(i.vPortEnterCritical)
    vPortExitCritical                        0x0800392d   Thumb Code    34  port.o(i.vPortExitCritical)
    vPortFree                                0x08003955   Thumb Code    94  heap_4.o(i.vPortFree)
    vPortSetupTimerInterrupt                 0x080039b9   Thumb Code    32  port.o(i.vPortSetupTimerInterrupt)
    vPortValidateInterruptPriority           0x080039dd   Thumb Code    74  port.o(i.vPortValidateInterruptPriority)
    vQueueAddToRegistry                      0x08003a31   Thumb Code    34  queue.o(i.vQueueAddToRegistry)
    vQueueWaitForMessageRestricted           0x08003a59   Thumb Code    68  queue.o(i.vQueueWaitForMessageRestricted)
    vTaskDelay                               0x08003a9d   Thumb Code    66  tasks.o(i.vTaskDelay)
    vTaskInternalSetTimeOutState             0x08003ae9   Thumb Code    12  tasks.o(i.vTaskInternalSetTimeOutState)
    vTaskMissedYield                         0x08003af9   Thumb Code     8  tasks.o(i.vTaskMissedYield)
    vTaskPlaceOnEventList                    0x08003b05   Thumb Code    44  tasks.o(i.vTaskPlaceOnEventList)
    vTaskPlaceOnEventListRestricted          0x08003b35   Thumb Code    52  tasks.o(i.vTaskPlaceOnEventListRestricted)
    vTaskPriorityDisinheritAfterTimeout      0x08003b6d   Thumb Code   134  tasks.o(i.vTaskPriorityDisinheritAfterTimeout)
    vTaskStartScheduler                      0x08003bfd   Thumb Code   118  tasks.o(i.vTaskStartScheduler)
    vTaskSuspendAll                          0x08003c85   Thumb Code    10  tasks.o(i.vTaskSuspendAll)
    vTaskSwitchContext                       0x08003c95   Thumb Code    90  tasks.o(i.vTaskSwitchContext)
    xPortStartScheduler                      0x08003cf9   Thumb Code   154  port.o(i.xPortStartScheduler)
    xPortSysTickHandler                      0x08003da1   Thumb Code    38  port.o(i.xPortSysTickHandler)
    xQueueCreateMutex                        0x08003dcd   Thumb Code    22  queue.o(i.xQueueCreateMutex)
    xQueueGenericCreate                      0x08003de3   Thumb Code    66  queue.o(i.xQueueGenericCreate)
    xQueueGenericCreateStatic                0x08003e25   Thumb Code   102  queue.o(i.xQueueGenericCreateStatic)
    xQueueGenericReset                       0x08003e8d   Thumb Code   132  queue.o(i.xQueueGenericReset)
    xQueueGenericSend                        0x08003f15   Thumb Code   346  queue.o(i.xQueueGenericSend)
    xQueueGenericSendFromISR                 0x08004075   Thumb Code   190  queue.o(i.xQueueGenericSendFromISR)
    xQueueReceive                            0x08004135   Thumb Code   308  queue.o(i.xQueueReceive)
    xQueueSemaphoreTake                      0x0800426d   Thumb Code   372  queue.o(i.xQueueSemaphoreTake)
    xTaskCheckForTimeOut                     0x080043e5   Thumb Code   112  tasks.o(i.xTaskCheckForTimeOut)
    xTaskCreate                              0x08004459   Thumb Code    90  tasks.o(i.xTaskCreate)
    xTaskCreateStatic                        0x080044b3   Thumb Code    86  tasks.o(i.xTaskCreateStatic)
    xTaskGetSchedulerState                   0x08004509   Thumb Code    22  tasks.o(i.xTaskGetSchedulerState)
    xTaskGetTickCount                        0x08004525   Thumb Code     6  tasks.o(i.xTaskGetTickCount)
    xTaskIncrementTick                       0x08004531   Thumb Code   192  tasks.o(i.xTaskIncrementTick)
    xTaskPriorityDisinherit                  0x080045f9   Thumb Code   118  tasks.o(i.xTaskPriorityDisinherit)
    xTaskPriorityInherit                     0x08004679   Thumb Code   112  tasks.o(i.xTaskPriorityInherit)
    xTaskRemoveFromEventList                 0x080046f1   Thumb Code    98  tasks.o(i.xTaskRemoveFromEventList)
    xTaskResumeAll                           0x08004761   Thumb Code   182  tasks.o(i.xTaskResumeAll)
    xTimerCreateTimerTask                    0x08004825   Thumb Code    78  timers.o(i.xTimerCreateTimerTask)
    xTimerGenericCommand                     0x08004885   Thumb Code    98  timers.o(i.xTimerGenericCommand)
    __aeabi_d2f                              0x080048ed   Thumb Code     0  d2f.o(x$fpl$d2f)
    _d2f                                     0x080048ed   Thumb Code    98  d2f.o(x$fpl$d2f)
    __aeabi_dadd                             0x08004951   Thumb Code     0  daddsub_clz.o(x$fpl$dadd)
    _dadd                                    0x08004951   Thumb Code   332  daddsub_clz.o(x$fpl$dadd)
    __fpl_dcheck_NaN1                        0x08004aa1   Thumb Code    10  dcheck1.o(x$fpl$dcheck1)
    __fpl_dcmp_Inf                           0x08004ab1   Thumb Code    24  dcmpi.o(x$fpl$dcmpinf)
    __aeabi_ddiv                             0x08004ac9   Thumb Code     0  ddiv.o(x$fpl$ddiv)
    _ddiv                                    0x08004ac9   Thumb Code   552  ddiv.o(x$fpl$ddiv)
    __aeabi_i2d                              0x08004d79   Thumb Code     0  dflt_clz.o(x$fpl$dflt)
    _dflt                                    0x08004d79   Thumb Code    46  dflt_clz.o(x$fpl$dflt)
    __aeabi_cdcmple                          0x08004da9   Thumb Code     0  dleqf.o(x$fpl$dleqf)
    _dcmple                                  0x08004da9   Thumb Code   120  dleqf.o(x$fpl$dleqf)
    __fpl_dcmple_InfNaN                      0x08004e0b   Thumb Code     0  dleqf.o(x$fpl$dleqf)
    __aeabi_dmul                             0x08004e21   Thumb Code     0  dmul.o(x$fpl$dmul)
    _dmul                                    0x08004e21   Thumb Code   332  dmul.o(x$fpl$dmul)
    __fpl_dnaninf                            0x08004f75   Thumb Code   156  dnaninf.o(x$fpl$dnaninf)
    __fpl_dretinf                            0x08005011   Thumb Code    12  dretinf.o(x$fpl$dretinf)
    __aeabi_cdrcmple                         0x0800501d   Thumb Code     0  drleqf.o(x$fpl$drleqf)
    _drcmple                                 0x0800501d   Thumb Code   108  drleqf.o(x$fpl$drleqf)
    _dsqrt                                   0x08005089   Thumb Code   456  dsqrt_noumaal.o(x$fpl$dsqrt)
    __aeabi_dsub                             0x08005255   Thumb Code     0  daddsub_clz.o(x$fpl$dsub)
    _dsub                                    0x08005255   Thumb Code   464  daddsub_clz.o(x$fpl$dsub)
    __fpl_fretinf                            0x08005429   Thumb Code    10  fretinf.o(x$fpl$fretinf)
    __fpl_return_NaN                         0x08005433   Thumb Code   100  retnan.o(x$fpl$retnan)
    __ARM_scalbn                             0x08005497   Thumb Code    92  scalbn.o(x$fpl$scalbn)
    __fpl_cmpreturn                          0x080054f3   Thumb Code    48  trapv.o(x$fpl$trapveneer)
    __I$use$fp                               0x08005522   Number         0  usenofp.o(x$fpl$usenofp)
    framtail                                 0x08005522   Data           4  freertos.o(.constdata)
    AHBPrescTable                            0x08005538   Data          16  system_stm32f1xx.o(.constdata)
    APBPrescTable                            0x08005548   Data           8  system_stm32f1xx.o(.constdata)
    Region$$Table$$Base                      0x08005550   Number         0  anon$$obj.o(Region$$Table)
    Region$$Table$$Limit                     0x08005570   Number         0  anon$$obj.o(Region$$Table)
    g_time_cnt                               0x20000000   Data           4  main.o(.data)
    g_button_cnt                             0x20000004   Data           4  main.o(.data)
    bUartDmaIdle                             0x20000008   Data           1  freertos.o(.data)
    bAllowCan                                0x20000009   Data           1  freertos.o(.data)
    mt                                       0x2000000a   Data           2  freertos.o(.data)
    button3State                             0x2000000c   Data           4  freertos.o(.data)
    TxMailBox                                0x20000010   Data           4  freertos.o(.data)
    xUartMutex                               0x20000014   Data           4  freertos.o(.data)
    CAN_TxData                               0x20000018   Data           8  freertos.o(.data)
    RxData                                   0x20000030   Data           8  freertos.o(.data)
    uwTickFreq                               0x20000038   Data           1  stm32f1xx_hal.o(.data)
    uwTickPrio                               0x2000003c   Data           4  stm32f1xx_hal.o(.data)
    uwTick                                   0x20000040   Data           4  stm32f1xx_hal.o(.data)
    SystemCoreClock                          0x20000044   Data           4  system_stm32f1xx.o(.data)
    pxCurrentTCB                             0x20000048   Data           4  tasks.o(.data)
    buf                                      0x200000c8   Data         128  freertos.o(.bss)
    TxHeader                                 0x20000148   Data          24  freertos.o(.bss)
    RxHeader                                 0x20000160   Data          28  freertos.o(.bss)
    hcan                                     0x2000017c   Data          40  can.o(.bss)
    htim2                                    0x200001a4   Data          72  tim.o(.bss)
    huart2                                   0x200001ec   Data          72  usart.o(.bss)
    hdma_usart2_rx                           0x20000234   Data          68  usart.o(.bss)
    hdma_usart2_tx                           0x20000278   Data          68  usart.o(.bss)
    htim4                                    0x200002bc   Data          72  stm32f1xx_hal_timebase_tim.o(.bss)
    xQueueRegistry                           0x20000304   Data          64  queue.o(.bss)
    _random_number_data                      0x200037d8   Data         228  rand.o(.bss)
    __libspace_start                         0x200038bc   Data          96  libspace.o(.bss)
    __temporary_stack_top$libspace           0x2000391c   Data           0  libspace.o(.bss)



==============================================================================

Memory Map of the image

  Image Entry point : 0x080000ed

  Load Region LR_IROM1 (Base: 0x08000000, Size: 0x00005638, Max: 0x00010000, ABSOLUTE)

    Execution Region ER_IROM1 (Exec base: 0x08000000, Load base: 0x08000000, Size: 0x00005570, Max: 0x00010000, ABSOLUTE)

    Exec Addr    Load Addr    Size         Type   Attr      Idx    E Section Name        Object

    0x08000000   0x08000000   0x000000ec   Data   RO            3    RESET               startup_stm32f103xb.o
    0x080000ec   0x080000ec   0x00000008   Code   RO         5095  * !!!main             c_w.l(__main.o)
    0x080000f4   0x080000f4   0x00000034   Code   RO         5327    !!!scatter          c_w.l(__scatter.o)
    0x08000128   0x08000128   0x0000001a   Code   RO         5329    !!handler_copy      c_w.l(__scatter_copy.o)
    0x08000142   0x08000142   0x00000002   PAD
    0x08000144   0x08000144   0x0000001c   Code   RO         5331    !!handler_zi        c_w.l(__scatter_zi.o)
    0x08000160   0x08000160   0x00000000   Code   RO         5077    .ARM.Collect$$_printf_percent$$00000000  c_w.l(_printf_percent.o)
    0x08000160   0x08000160   0x00000006   Code   RO         5076    .ARM.Collect$$_printf_percent$$00000009  c_w.l(_printf_d.o)
    0x08000166   0x08000166   0x00000004   Code   RO         5142    .ARM.Collect$$_printf_percent$$00000017  c_w.l(_printf_percent_end.o)
    0x0800016a   0x0800016a   0x00000002   Code   RO         5249    .ARM.Collect$$libinit$$00000000  c_w.l(libinit.o)
    0x0800016c   0x0800016c   0x00000000   Code   RO         5148    .ARM.Collect$$libinit$$00000002  c_w.l(libinit2.o)
    0x0800016c   0x0800016c   0x00000000   Code   RO         5150    .ARM.Collect$$libinit$$00000004  c_w.l(libinit2.o)
    0x0800016c   0x0800016c   0x00000000   Code   RO         5153    .ARM.Collect$$libinit$$0000000A  c_w.l(libinit2.o)
    0x0800016c   0x0800016c   0x00000000   Code   RO         5155    .ARM.Collect$$libinit$$0000000C  c_w.l(libinit2.o)
    0x0800016c   0x0800016c   0x00000004   Code   RO         5156    .ARM.Collect$$libinit$$0000000D  c_w.l(libinit2.o)
    0x08000170   0x08000170   0x00000000   Code   RO         5157    .ARM.Collect$$libinit$$0000000E  c_w.l(libinit2.o)
    0x08000170   0x08000170   0x00000000   Code   RO         5160    .ARM.Collect$$libinit$$00000011  c_w.l(libinit2.o)
    0x08000170   0x08000170   0x00000000   Code   RO         5162    .ARM.Collect$$libinit$$00000013  c_w.l(libinit2.o)
    0x08000170   0x08000170   0x00000000   Code   RO         5164    .ARM.Collect$$libinit$$00000015  c_w.l(libinit2.o)
    0x08000170   0x08000170   0x00000000   Code   RO         5166    .ARM.Collect$$libinit$$00000017  c_w.l(libinit2.o)
    0x08000170   0x08000170   0x00000000   Code   RO         5168    .ARM.Collect$$libinit$$00000019  c_w.l(libinit2.o)
    0x08000170   0x08000170   0x00000000   Code   RO         5170    .ARM.Collect$$libinit$$0000001B  c_w.l(libinit2.o)
    0x08000170   0x08000170   0x00000000   Code   RO         5172    .ARM.Collect$$libinit$$0000001D  c_w.l(libinit2.o)
    0x08000170   0x08000170   0x00000000   Code   RO         5174    .ARM.Collect$$libinit$$0000001F  c_w.l(libinit2.o)
    0x08000170   0x08000170   0x00000000   Code   RO         5176    .ARM.Collect$$libinit$$00000021  c_w.l(libinit2.o)
    0x08000170   0x08000170   0x00000000   Code   RO         5178    .ARM.Collect$$libinit$$00000023  c_w.l(libinit2.o)
    0x08000170   0x08000170   0x00000000   Code   RO         5180    .ARM.Collect$$libinit$$00000025  c_w.l(libinit2.o)
    0x08000170   0x08000170   0x00000000   Code   RO         5184    .ARM.Collect$$libinit$$0000002C  c_w.l(libinit2.o)
    0x08000170   0x08000170   0x00000000   Code   RO         5186    .ARM.Collect$$libinit$$0000002E  c_w.l(libinit2.o)
    0x08000170   0x08000170   0x00000000   Code   RO         5188    .ARM.Collect$$libinit$$00000030  c_w.l(libinit2.o)
    0x08000170   0x08000170   0x00000000   Code   RO         5190    .ARM.Collect$$libinit$$00000032  c_w.l(libinit2.o)
    0x08000170   0x08000170   0x00000002   Code   RO         5191    .ARM.Collect$$libinit$$00000033  c_w.l(libinit2.o)
    0x08000172   0x08000172   0x00000002   Code   RO         5286    .ARM.Collect$$libshutdown$$00000000  c_w.l(libshutdown.o)
    0x08000174   0x08000174   0x00000000   Code   RO         5292    .ARM.Collect$$libshutdown$$00000002  c_w.l(libshutdown2.o)
    0x08000174   0x08000174   0x00000000   Code   RO         5294    .ARM.Collect$$libshutdown$$00000004  c_w.l(libshutdown2.o)
    0x08000174   0x08000174   0x00000000   Code   RO         5296    .ARM.Collect$$libshutdown$$00000006  c_w.l(libshutdown2.o)
    0x08000174   0x08000174   0x00000000   Code   RO         5299    .ARM.Collect$$libshutdown$$00000009  c_w.l(libshutdown2.o)
    0x08000174   0x08000174   0x00000000   Code   RO         5302    .ARM.Collect$$libshutdown$$0000000C  c_w.l(libshutdown2.o)
    0x08000174   0x08000174   0x00000000   Code   RO         5304    .ARM.Collect$$libshutdown$$0000000E  c_w.l(libshutdown2.o)
    0x08000174   0x08000174   0x00000000   Code   RO         5307    .ARM.Collect$$libshutdown$$00000011  c_w.l(libshutdown2.o)
    0x08000174   0x08000174   0x00000002   Code   RO         5308    .ARM.Collect$$libshutdown$$00000012  c_w.l(libshutdown2.o)
    0x08000176   0x08000176   0x00000000   Code   RO         5131    .ARM.Collect$$rtentry$$00000000  c_w.l(__rtentry.o)
    0x08000176   0x08000176   0x00000000   Code   RO         5206    .ARM.Collect$$rtentry$$00000002  c_w.l(__rtentry2.o)
    0x08000176   0x08000176   0x00000006   Code   RO         5218    .ARM.Collect$$rtentry$$00000004  c_w.l(__rtentry4.o)
    0x0800017c   0x0800017c   0x00000000   Code   RO         5208    .ARM.Collect$$rtentry$$00000009  c_w.l(__rtentry2.o)
    0x0800017c   0x0800017c   0x00000004   Code   RO         5209    .ARM.Collect$$rtentry$$0000000A  c_w.l(__rtentry2.o)
    0x08000180   0x08000180   0x00000000   Code   RO         5211    .ARM.Collect$$rtentry$$0000000C  c_w.l(__rtentry2.o)
    0x08000180   0x08000180   0x00000008   Code   RO         5212    .ARM.Collect$$rtentry$$0000000D  c_w.l(__rtentry2.o)
    0x08000188   0x08000188   0x00000002   Code   RO         5254    .ARM.Collect$$rtexit$$00000000  c_w.l(rtexit.o)
    0x0800018a   0x0800018a   0x00000000   Code   RO         5266    .ARM.Collect$$rtexit$$00000002  c_w.l(rtexit2.o)
    0x0800018a   0x0800018a   0x00000004   Code   RO         5267    .ARM.Collect$$rtexit$$00000003  c_w.l(rtexit2.o)
    0x0800018e   0x0800018e   0x00000006   Code   RO         5268    .ARM.Collect$$rtexit$$00000004  c_w.l(rtexit2.o)
    0x08000194   0x08000194   0x00000096   Code   RO         4967    .emb_text           port.o
    0x0800022a   0x0800022a   0x00000002   PAD
    0x0800022c   0x0800022c   0x00000034   Code   RO         5078    .emb_text           c_w.l(rand.o)
    0x08000260   0x08000260   0x00000040   Code   RO            4    .text               startup_stm32f103xb.o
    0x080002a0   0x080002a0   0x00000034   Code   RO         5050    .text               c_w.l(noretval__2snprintf.o)
    0x080002d4   0x080002d4   0x00000068   Code   RO         5052    .text               c_w.l(__printf.o)
    0x0800033c   0x0800033c   0x00000078   Code   RO         5054    .text               c_w.l(_printf_dec.o)
    0x080003b4   0x080003b4   0x0000003c   Code   RO         5079    .text               c_w.l(rand.o)
    0x080003f0   0x080003f0   0x0000003e   Code   RO         5083    .text               c_w.l(strlen.o)
    0x0800042e   0x0800042e   0x0000008a   Code   RO         5085    .text               c_w.l(rt_memcpy_v6.o)
    0x080004b8   0x080004b8   0x00000010   Code   RO         5089    .text               c_w.l(aeabi_memset.o)
    0x080004c8   0x080004c8   0x0000004e   Code   RO         5091    .text               c_w.l(rt_memclr_w.o)
    0x08000516   0x08000516   0x00000006   Code   RO         5093    .text               c_w.l(heapauxi.o)
    0x0800051c   0x0800051c   0x00000016   Code   RO         5132    .text               c_w.l(_rserrno.o)
    0x08000532   0x08000532   0x000000b2   Code   RO         5134    .text               c_w.l(_printf_intcommon.o)
    0x080005e4   0x080005e4   0x00000030   Code   RO         5136    .text               c_w.l(_printf_char_common.o)
    0x08000614   0x08000614   0x0000000a   Code   RO         5138    .text               c_w.l(_sputc.o)
    0x0800061e   0x0800061e   0x00000010   Code   RO         5140    .text               c_w.l(_snputc.o)
    0x0800062e   0x0800062e   0x00000064   Code   RO         5143    .text               c_w.l(rt_memcpy_w.o)
    0x08000692   0x08000692   0x00000044   Code   RO         5145    .text               c_w.l(rt_memclr.o)
    0x080006d6   0x080006d6   0x00000002   PAD
    0x080006d8   0x080006d8   0x00000008   Code   RO         5223    .text               c_w.l(rt_errno_addr_intlibspace.o)
    0x080006e0   0x080006e0   0x00000008   Code   RO         5233    .text               c_w.l(libspace.o)
    0x080006e8   0x080006e8   0x0000004a   Code   RO         5236    .text               c_w.l(sys_stackheap_outer.o)
    0x08000732   0x08000732   0x00000012   Code   RO         5238    .text               c_w.l(exit.o)
    0x08000744   0x08000744   0x00000002   Code   RO         5262    .text               c_w.l(use_no_semi.o)
    0x08000746   0x08000746   0x00000000   Code   RO         5264    .text               c_w.l(indicate_semi.o)
    0x08000746   0x08000746   0x00000002   PAD
    0x08000748   0x08000748   0x0000000c   Code   RO         5278    .text               c_w.l(sys_exit.o)
    0x08000754   0x08000754   0x00000002   Code   RO          505    i.BusFault_Handler  stm32f1xx_it.o
    0x08000756   0x08000756   0x00000002   PAD
    0x08000758   0x08000758   0x00000080   Code   RO          229    i.ButtonTask        freertos.o
    0x080007d8   0x080007d8   0x0000000c   Code   RO          506    i.CAN1_RX1_IRQHandler  stm32f1xx_it.o
    0x080007e4   0x080007e4   0x00000020   Code   RO          230    i.CANTask           freertos.o
    0x08000804   0x08000804   0x00000050   Code   RO          231    i.CAN_Filter_Init   freertos.o
    0x08000854   0x08000854   0x0000004c   Code   RO          232    i.CAN_SendData      freertos.o
    0x080008a0   0x080008a0   0x0000000c   Code   RO          507    i.DMA1_Channel6_IRQHandler  stm32f1xx_it.o
    0x080008ac   0x080008ac   0x0000000c   Code   RO          508    i.DMA1_Channel7_IRQHandler  stm32f1xx_it.o
    0x080008b8   0x080008b8   0x0000002a   Code   RO         2297    i.DMA_SetConfig     stm32f1xx_hal_dma.o
    0x080008e2   0x080008e2   0x00000002   Code   RO          509    i.DebugMon_Handler  stm32f1xx_it.o
    0x080008e4   0x080008e4   0x00000004   Code   RO           13    i.Error_Handler     main.o
    0x080008e8   0x080008e8   0x00000024   Code   RO         1684    i.HAL_CAN_ActivateNotification  stm32f1xx_hal_can.o
    0x0800090c   0x0800090c   0x000000d0   Code   RO         1685    i.HAL_CAN_AddTxMessage  stm32f1xx_hal_can.o
    0x080009dc   0x080009dc   0x000000ee   Code   RO         1686    i.HAL_CAN_ConfigFilter  stm32f1xx_hal_can.o
    0x08000aca   0x08000aca   0x00000002   Code   RO         1689    i.HAL_CAN_ErrorCallback  stm32f1xx_hal_can.o
    0x08000acc   0x08000acc   0x000000f4   Code   RO         1692    i.HAL_CAN_GetRxMessage  stm32f1xx_hal_can.o
    0x08000bc0   0x08000bc0   0x00000024   Code   RO         1693    i.HAL_CAN_GetState  stm32f1xx_hal_can.o
    0x08000be4   0x08000be4   0x000001fc   Code   RO         1696    i.HAL_CAN_IRQHandler  stm32f1xx_hal_can.o
    0x08000de0   0x08000de0   0x0000011a   Code   RO         1697    i.HAL_CAN_Init      stm32f1xx_hal_can.o
    0x08000efa   0x08000efa   0x00000002   PAD
    0x08000efc   0x08000efc   0x0000009c   Code   RO          356    i.HAL_CAN_MspInit   can.o
    0x08000f98   0x08000f98   0x00000002   Code   RO         1704    i.HAL_CAN_RxFifo0FullCallback  stm32f1xx_hal_can.o
    0x08000f9a   0x08000f9a   0x00000002   PAD
    0x08000f9c   0x08000f9c   0x00000014   Code   RO          233    i.HAL_CAN_RxFifo0MsgPendingCallback  freertos.o
    0x08000fb0   0x08000fb0   0x00000002   Code   RO         1706    i.HAL_CAN_RxFifo1FullCallback  stm32f1xx_hal_can.o
    0x08000fb2   0x08000fb2   0x00000002   Code   RO         1707    i.HAL_CAN_RxFifo1MsgPendingCallback  stm32f1xx_hal_can.o
    0x08000fb4   0x08000fb4   0x00000002   Code   RO         1708    i.HAL_CAN_SleepCallback  stm32f1xx_hal_can.o
    0x08000fb6   0x08000fb6   0x00000002   PAD
    0x08000fb8   0x08000fb8   0x00000058   Code   RO         1709    i.HAL_CAN_Start     stm32f1xx_hal_can.o
    0x08001010   0x08001010   0x00000002   Code   RO         1711    i.HAL_CAN_TxMailbox0AbortCallback  stm32f1xx_hal_can.o
    0x08001012   0x08001012   0x00000002   PAD
    0x08001014   0x08001014   0x00000014   Code   RO          234    i.HAL_CAN_TxMailbox0CompleteCallback  freertos.o
    0x08001028   0x08001028   0x00000002   Code   RO         1713    i.HAL_CAN_TxMailbox1AbortCallback  stm32f1xx_hal_can.o
    0x0800102a   0x0800102a   0x00000002   PAD
    0x0800102c   0x0800102c   0x00000014   Code   RO          235    i.HAL_CAN_TxMailbox1CompleteCallback  freertos.o
    0x08001040   0x08001040   0x00000002   Code   RO         1715    i.HAL_CAN_TxMailbox2AbortCallback  stm32f1xx_hal_can.o
    0x08001042   0x08001042   0x00000002   PAD
    0x08001044   0x08001044   0x00000014   Code   RO          236    i.HAL_CAN_TxMailbox2CompleteCallback  freertos.o
    0x08001058   0x08001058   0x00000002   Code   RO         1718    i.HAL_CAN_WakeUpFromRxMsgCallback  stm32f1xx_hal_can.o
    0x0800105a   0x0800105a   0x00000046   Code   RO         2298    i.HAL_DMA_Abort     stm32f1xx_hal_dma.o
    0x080010a0   0x080010a0   0x00000098   Code   RO         2299    i.HAL_DMA_Abort_IT  stm32f1xx_hal_dma.o
    0x08001138   0x08001138   0x00000154   Code   RO         2303    i.HAL_DMA_IRQHandler  stm32f1xx_hal_dma.o
    0x0800128c   0x0800128c   0x0000005c   Code   RO         2304    i.HAL_DMA_Init      stm32f1xx_hal_dma.o
    0x080012e8   0x080012e8   0x00000070   Code   RO         2308    i.HAL_DMA_Start_IT  stm32f1xx_hal_dma.o
    0x08001358   0x08001358   0x000001e0   Code   RO         2234    i.HAL_GPIO_Init     stm32f1xx_hal_gpio.o
    0x08001538   0x08001538   0x0000000a   Code   RO         2236    i.HAL_GPIO_ReadPin  stm32f1xx_hal_gpio.o
    0x08001542   0x08001542   0x00000010   Code   RO         2237    i.HAL_GPIO_TogglePin  stm32f1xx_hal_gpio.o
    0x08001552   0x08001552   0x0000000a   Code   RO         2238    i.HAL_GPIO_WritePin  stm32f1xx_hal_gpio.o
    0x0800155c   0x0800155c   0x0000000c   Code   RO         1928    i.HAL_GetTick       stm32f1xx_hal.o
    0x08001568   0x08001568   0x00000010   Code   RO         1934    i.HAL_IncTick       stm32f1xx_hal.o
    0x08001578   0x08001578   0x00000024   Code   RO         1935    i.HAL_Init          stm32f1xx_hal.o
    0x0800159c   0x0800159c   0x00000098   Code   RO          635    i.HAL_InitTick      stm32f1xx_hal_timebase_tim.o
    0x08001634   0x08001634   0x00000048   Code   RO          611    i.HAL_MspInit       stm32f1xx_hal_msp.o
    0x0800167c   0x0800167c   0x0000001a   Code   RO         2394    i.HAL_NVIC_EnableIRQ  stm32f1xx_hal_cortex.o
    0x08001696   0x08001696   0x00000002   PAD
    0x08001698   0x08001698   0x00000040   Code   RO         2400    i.HAL_NVIC_SetPriority  stm32f1xx_hal_cortex.o
    0x080016d8   0x080016d8   0x00000024   Code   RO         2401    i.HAL_NVIC_SetPriorityGrouping  stm32f1xx_hal_cortex.o
    0x080016fc   0x080016fc   0x0000012c   Code   RO         2092    i.HAL_RCC_ClockConfig  stm32f1xx_hal_rcc.o
    0x08001828   0x08001828   0x00000040   Code   RO         2096    i.HAL_RCC_GetClockConfig  stm32f1xx_hal_rcc.o
    0x08001868   0x08001868   0x00000020   Code   RO         2099    i.HAL_RCC_GetPCLK1Freq  stm32f1xx_hal_rcc.o
    0x08001888   0x08001888   0x00000020   Code   RO         2100    i.HAL_RCC_GetPCLK2Freq  stm32f1xx_hal_rcc.o
    0x080018a8   0x080018a8   0x0000004c   Code   RO         2101    i.HAL_RCC_GetSysClockFreq  stm32f1xx_hal_rcc.o
    0x080018f4   0x080018f4   0x00000320   Code   RO         2104    i.HAL_RCC_OscConfig  stm32f1xx_hal_rcc.o
    0x08001c14   0x08001c14   0x00000002   Code   RO         1416    i.HAL_TIMEx_BreakCallback  stm32f1xx_hal_tim_ex.o
    0x08001c16   0x08001c16   0x00000002   Code   RO         1417    i.HAL_TIMEx_CommutCallback  stm32f1xx_hal_tim_ex.o
    0x08001c18   0x08001c18   0x00000068   Code   RO         1435    i.HAL_TIMEx_MasterConfigSynchronization  stm32f1xx_hal_tim_ex.o
    0x08001c80   0x08001c80   0x0000005a   Code   RO          712    i.HAL_TIM_Base_Init  stm32f1xx_hal_tim.o
    0x08001cda   0x08001cda   0x00000002   PAD
    0x08001cdc   0x08001cdc   0x00000038   Code   RO          422    i.HAL_TIM_Base_MspInit  tim.o
    0x08001d14   0x08001d14   0x00000058   Code   RO          717    i.HAL_TIM_Base_Start_IT  stm32f1xx_hal_tim.o
    0x08001d6c   0x08001d6c   0x000000dc   Code   RO          721    i.HAL_TIM_ConfigClockSource  stm32f1xx_hal_tim.o
    0x08001e48   0x08001e48   0x00000002   Code   RO          746    i.HAL_TIM_IC_CaptureCallback  stm32f1xx_hal_tim.o
    0x08001e4a   0x08001e4a   0x00000130   Code   RO          760    i.HAL_TIM_IRQHandler  stm32f1xx_hal_tim.o
    0x08001f7a   0x08001f7a   0x00000002   Code   RO          763    i.HAL_TIM_OC_DelayElapsedCallback  stm32f1xx_hal_tim.o
    0x08001f7c   0x08001f7c   0x00000002   Code   RO          790    i.HAL_TIM_PWM_PulseFinishedCallback  stm32f1xx_hal_tim.o
    0x08001f7e   0x08001f7e   0x00000002   PAD
    0x08001f80   0x08001f80   0x00000048   Code   RO           14    i.HAL_TIM_PeriodElapsedCallback  main.o
    0x08001fc8   0x08001fc8   0x00000002   Code   RO          803    i.HAL_TIM_TriggerCallback  stm32f1xx_hal_tim.o
    0x08001fca   0x08001fca   0x00000002   Code   RO         2906    i.HAL_UARTEx_RxEventCallback  stm32f1xx_hal_uart.o
    0x08001fcc   0x08001fcc   0x00000002   Code   RO         2920    i.HAL_UART_ErrorCallback  stm32f1xx_hal_uart.o
    0x08001fce   0x08001fce   0x00000002   PAD
    0x08001fd0   0x08001fd0   0x0000026c   Code   RO         2923    i.HAL_UART_IRQHandler  stm32f1xx_hal_uart.o
    0x0800223c   0x0800223c   0x00000064   Code   RO         2924    i.HAL_UART_Init     stm32f1xx_hal_uart.o
    0x080022a0   0x080022a0   0x000000d8   Code   RO          464    i.HAL_UART_MspInit  usart.o
    0x08002378   0x08002378   0x00000002   Code   RO         2930    i.HAL_UART_RxCpltCallback  stm32f1xx_hal_uart.o
    0x0800237a   0x0800237a   0x000000a0   Code   RO         2932    i.HAL_UART_Transmit  stm32f1xx_hal_uart.o
    0x0800241a   0x0800241a   0x00000002   PAD
    0x0800241c   0x0800241c   0x00000078   Code   RO         2933    i.HAL_UART_Transmit_DMA  stm32f1xx_hal_uart.o
    0x08002494   0x08002494   0x00000018   Code   RO          237    i.HAL_UART_TxCpltCallback  freertos.o
    0x080024ac   0x080024ac   0x00000002   Code   RO         2936    i.HAL_UART_TxHalfCpltCallback  stm32f1xx_hal_uart.o
    0x080024ae   0x080024ae   0x00000002   Code   RO          510    i.HardFault_Handler  stm32f1xx_it.o
    0x080024b0   0x080024b0   0x00000044   Code   RO          357    i.MX_CAN_Init       can.o
    0x080024f4   0x080024f4   0x0000003c   Code   RO          397    i.MX_DMA_Init       dma.o
    0x08002530   0x08002530   0x00000098   Code   RO          238    i.MX_FREERTOS_Init  freertos.o
    0x080025c8   0x080025c8   0x00000084   Code   RO          201    i.MX_GPIO_Init      gpio.o
    0x0800264c   0x0800264c   0x00000064   Code   RO          423    i.MX_TIM2_Init      tim.o
    0x080026b0   0x080026b0   0x00000038   Code   RO          465    i.MX_USART2_UART_Init  usart.o
    0x080026e8   0x080026e8   0x00000002   Code   RO          511    i.MemManage_Handler  stm32f1xx_it.o
    0x080026ea   0x080026ea   0x00000002   PAD
    0x080026ec   0x080026ec   0x000000e8   Code   RO          239    i.MotorTask         freertos.o
    0x080027d4   0x080027d4   0x00000002   Code   RO          512    i.NMI_Handler       stm32f1xx_it.o
    0x080027d6   0x080027d6   0x00000002   PAD
    0x080027d8   0x080027d8   0x00000200   Code   RO          240    i.NoisyTask         freertos.o
    0x080029d8   0x080029d8   0x0000001a   Code   RO         4402    i.SysTick_Handler   cmsis_os2.o
    0x080029f2   0x080029f2   0x0000005e   Code   RO           15    i.SystemClock_Config  main.o
    0x08002a50   0x08002a50   0x00000002   Code   RO         3258    i.SystemInit        system_stm32f1xx.o
    0x08002a52   0x08002a52   0x00000002   PAD
    0x08002a54   0x08002a54   0x0000000c   Code   RO          513    i.TIM2_IRQHandler   stm32f1xx_it.o
    0x08002a60   0x08002a60   0x0000000c   Code   RO          514    i.TIM4_IRQHandler   stm32f1xx_it.o
    0x08002a6c   0x08002a6c   0x00000078   Code   RO          805    i.TIM_Base_SetConfig  stm32f1xx_hal_tim.o
    0x08002ae4   0x08002ae4   0x00000014   Code   RO          816    i.TIM_ETR_SetConfig  stm32f1xx_hal_tim.o
    0x08002af8   0x08002af8   0x00000010   Code   RO          817    i.TIM_ITRx_SetConfig  stm32f1xx_hal_tim.o
    0x08002b08   0x08002b08   0x00000022   Code   RO          823    i.TIM_TI1_ConfigInputStage  stm32f1xx_hal_tim.o
    0x08002b2a   0x08002b2a   0x00000024   Code   RO          825    i.TIM_TI2_ConfigInputStage  stm32f1xx_hal_tim.o
    0x08002b4e   0x08002b4e   0x00000010   Code   RO         2937    i.UART_DMAAbortOnError  stm32f1xx_hal_uart.o
    0x08002b5e   0x08002b5e   0x0000004a   Code   RO         2938    i.UART_DMAError     stm32f1xx_hal_uart.o
    0x08002ba8   0x08002ba8   0x00000042   Code   RO         2943    i.UART_DMATransmitCplt  stm32f1xx_hal_uart.o
    0x08002bea   0x08002bea   0x0000000a   Code   RO         2945    i.UART_DMATxHalfCplt  stm32f1xx_hal_uart.o
    0x08002bf4   0x08002bf4   0x0000004e   Code   RO         2947    i.UART_EndRxTransfer  stm32f1xx_hal_uart.o
    0x08002c42   0x08002c42   0x0000001c   Code   RO         2948    i.UART_EndTxTransfer  stm32f1xx_hal_uart.o
    0x08002c5e   0x08002c5e   0x000000c2   Code   RO         2949    i.UART_Receive_IT   stm32f1xx_hal_uart.o
    0x08002d20   0x08002d20   0x000000b8   Code   RO         2950    i.UART_SetConfig    stm32f1xx_hal_uart.o
    0x08002dd8   0x08002dd8   0x00000072   Code   RO         2953    i.UART_WaitOnFlagUntilTimeout  stm32f1xx_hal_uart.o
    0x08002e4a   0x08002e4a   0x00000002   PAD
    0x08002e4c   0x08002e4c   0x0000000c   Code   RO          515    i.USART2_IRQHandler  stm32f1xx_it.o
    0x08002e58   0x08002e58   0x0000000c   Code   RO          516    i.USB_HP_CAN1_TX_IRQHandler  stm32f1xx_it.o
    0x08002e64   0x08002e64   0x0000000c   Code   RO          517    i.USB_LP_CAN1_RX0_IRQHandler  stm32f1xx_it.o
    0x08002e70   0x08002e70   0x00000002   Code   RO          518    i.UsageFault_Handler  stm32f1xx_it.o
    0x08002e72   0x08002e72   0x00000020   Code   RO         2407    i.__NVIC_SetPriority  stm32f1xx_hal_cortex.o
    0x08002e92   0x08002e92   0x00000002   PAD
    0x08002e94   0x08002e94   0x00000034   Code   RO           16    i.main              main.o
    0x08002ec8   0x08002ec8   0x00000024   Code   RO         4418    i.osKernelInitialize  cmsis_os2.o
    0x08002eec   0x08002eec   0x00000038   Code   RO         4421    i.osKernelStart     cmsis_os2.o
    0x08002f24   0x08002f24   0x0000005c   Code   RO         3866    i.prvAddCurrentTaskToDelayedList  tasks.o
    0x08002f80   0x08002f80   0x000000d0   Code   RO         3867    i.prvAddNewTaskToReadyList  tasks.o
    0x08003050   0x08003050   0x00000058   Code   RO         4231    i.prvCheckForValidListAndQueue  timers.o
    0x080030a8   0x080030a8   0x00000026   Code   RO         3463    i.prvCopyDataFromQueue  queue.o
    0x080030ce   0x080030ce   0x0000006c   Code   RO         3464    i.prvCopyDataToQueue  queue.o
    0x0800313a   0x0800313a   0x00000034   Code   RO         3868    i.prvDeleteTCB      tasks.o
    0x0800316e   0x0800316e   0x00000002   PAD
    0x08003170   0x08003170   0x0000004c   Code   RO         4912    i.prvHeapInit       heap_4.o
    0x080031bc   0x080031bc   0x00000060   Code   RO         3869    i.prvIdleTask       tasks.o
    0x0800321c   0x0800321c   0x00000016   Code   RO         3465    i.prvInitialiseMutex  queue.o
    0x08003232   0x08003232   0x00000002   PAD
    0x08003234   0x08003234   0x00000022   Code   RO         3466    i.prvInitialiseNewQueue  queue.o
    0x08003256   0x08003256   0x00000002   PAD
    0x08003258   0x08003258   0x000000b0   Code   RO         3870    i.prvInitialiseNewTask  tasks.o
    0x08003308   0x08003308   0x0000004c   Code   RO         4913    i.prvInsertBlockIntoFreeList  heap_4.o
    0x08003354   0x08003354   0x00000038   Code   RO         4233    i.prvInsertTimerInActiveList  timers.o
    0x0800338c   0x0800338c   0x0000001c   Code   RO         3467    i.prvIsQueueEmpty   queue.o
    0x080033a8   0x080033a8   0x000000fc   Code   RO         4234    i.prvProcessReceivedCommands  timers.o
    0x080034a4   0x080034a4   0x000000c0   Code   RO         4235    i.prvProcessTimerOrBlockTask  timers.o
    0x08003564   0x08003564   0x00000020   Code   RO         3872    i.prvResetNextTaskUnblockTime  tasks.o
    0x08003584   0x08003584   0x00000028   Code   RO         4236    i.prvSampleTimeNow  timers.o
    0x080035ac   0x080035ac   0x0000006c   Code   RO         4237    i.prvSwitchTimerLists  timers.o
    0x08003618   0x08003618   0x00000028   Code   RO         4968    i.prvTaskExitError  port.o
    0x08003640   0x08003640   0x00000024   Code   RO         4238    i.prvTimerTask      timers.o
    0x08003664   0x08003664   0x0000006a   Code   RO         3468    i.prvUnlockQueue    queue.o
    0x080036ce   0x080036ce   0x00000002   PAD
    0x080036d0   0x080036d0   0x000000dc   Code   RO         4914    i.pvPortMalloc      heap_4.o
    0x080037ac   0x080037ac   0x00000018   Code   RO         3875    i.pvTaskIncrementMutexHeldCount  tasks.o
    0x080037c4   0x080037c4   0x00000024   Code   RO         4969    i.pxPortInitialiseStack  port.o
    0x080037e8   0x080037e8   0x0000004c   Code   RO         5124    i.sqrt              m_ws.l(sqrt.o)
    0x08003834   0x08003834   0x00000026   Code   RO         3423    i.uxListRemove      list.o
    0x0800385a   0x0800385a   0x00000002   PAD
    0x0800385c   0x0800385c   0x00000014   Code   RO         4475    i.vApplicationGetIdleTaskMemory  cmsis_os2.o
    0x08003870   0x08003870   0x00000018   Code   RO         4476    i.vApplicationGetTimerTaskMemory  cmsis_os2.o
    0x08003888   0x08003888   0x00000016   Code   RO         3424    i.vListInitialise   list.o
    0x0800389e   0x0800389e   0x00000006   Code   RO         3425    i.vListInitialiseItem  list.o
    0x080038a4   0x080038a4   0x00000030   Code   RO         3426    i.vListInsert       list.o
    0x080038d4   0x080038d4   0x00000018   Code   RO         3427    i.vListInsertEnd    list.o
    0x080038ec   0x080038ec   0x00000040   Code   RO         4971    i.vPortEnterCritical  port.o
    0x0800392c   0x0800392c   0x00000028   Code   RO         4972    i.vPortExitCritical  port.o
    0x08003954   0x08003954   0x00000064   Code   RO         4915    i.vPortFree         heap_4.o
    0x080039b8   0x080039b8   0x00000024   Code   RO         4973    i.vPortSetupTimerInterrupt  port.o
    0x080039dc   0x080039dc   0x00000054   Code   RO         4974    i.vPortValidateInterruptPriority  port.o
    0x08003a30   0x08003a30   0x00000028   Code   RO         3474    i.vQueueAddToRegistry  queue.o
    0x08003a58   0x08003a58   0x00000044   Code   RO         3478    i.vQueueWaitForMessageRestricted  queue.o
    0x08003a9c   0x08003a9c   0x0000004c   Code   RO         3885    i.vTaskDelay        tasks.o
    0x08003ae8   0x08003ae8   0x00000010   Code   RO         3890    i.vTaskInternalSetTimeOutState  tasks.o
    0x08003af8   0x08003af8   0x0000000c   Code   RO         3891    i.vTaskMissedYield  tasks.o
    0x08003b04   0x08003b04   0x00000030   Code   RO         3893    i.vTaskPlaceOnEventList  tasks.o
    0x08003b34   0x08003b34   0x00000038   Code   RO         3894    i.vTaskPlaceOnEventListRestricted  tasks.o
    0x08003b6c   0x08003b6c   0x00000090   Code   RO         3896    i.vTaskPriorityDisinheritAfterTimeout  tasks.o
    0x08003bfc   0x08003bfc   0x00000088   Code   RO         3902    i.vTaskStartScheduler  tasks.o
    0x08003c84   0x08003c84   0x00000010   Code   RO         3904    i.vTaskSuspendAll   tasks.o
    0x08003c94   0x08003c94   0x00000064   Code   RO         3905    i.vTaskSwitchContext  tasks.o
    0x08003cf8   0x08003cf8   0x000000a8   Code   RO         4975    i.xPortStartScheduler  port.o
    0x08003da0   0x08003da0   0x0000002c   Code   RO         4976    i.xPortSysTickHandler  port.o
    0x08003dcc   0x08003dcc   0x00000016   Code   RO         3481    i.xQueueCreateMutex  queue.o
    0x08003de2   0x08003de2   0x00000042   Code   RO         3483    i.xQueueGenericCreate  queue.o
    0x08003e24   0x08003e24   0x00000066   Code   RO         3484    i.xQueueGenericCreateStatic  queue.o
    0x08003e8a   0x08003e8a   0x00000002   PAD
    0x08003e8c   0x08003e8c   0x00000088   Code   RO         3485    i.xQueueGenericReset  queue.o
    0x08003f14   0x08003f14   0x00000160   Code   RO         3486    i.xQueueGenericSend  queue.o
    0x08004074   0x08004074   0x000000be   Code   RO         3487    i.xQueueGenericSendFromISR  queue.o
    0x08004132   0x08004132   0x00000002   PAD
    0x08004134   0x08004134   0x00000138   Code   RO         3496    i.xQueueReceive     queue.o
    0x0800426c   0x0800426c   0x00000178   Code   RO         3498    i.xQueueSemaphoreTake  queue.o
    0x080043e4   0x080043e4   0x00000074   Code   RO         3907    i.xTaskCheckForTimeOut  tasks.o
    0x08004458   0x08004458   0x0000005a   Code   RO         3908    i.xTaskCreate       tasks.o
    0x080044b2   0x080044b2   0x00000056   Code   RO         3909    i.xTaskCreateStatic  tasks.o
    0x08004508   0x08004508   0x0000001c   Code   RO         3913    i.xTaskGetSchedulerState  tasks.o
    0x08004524   0x08004524   0x0000000c   Code   RO         3914    i.xTaskGetTickCount  tasks.o
    0x08004530   0x08004530   0x000000c8   Code   RO         3916    i.xTaskIncrementTick  tasks.o
    0x080045f8   0x080045f8   0x00000080   Code   RO         3919    i.xTaskPriorityDisinherit  tasks.o
    0x08004678   0x08004678   0x00000078   Code   RO         3920    i.xTaskPriorityInherit  tasks.o
    0x080046f0   0x080046f0   0x00000070   Code   RO         3921    i.xTaskRemoveFromEventList  tasks.o
    0x08004760   0x08004760   0x000000c4   Code   RO         3922    i.xTaskResumeAll    tasks.o
    0x08004824   0x08004824   0x00000060   Code   RO         4247    i.xTimerCreateTimerTask  timers.o
    0x08004884   0x08004884   0x00000068   Code   RO         4248    i.xTimerGenericCommand  timers.o
    0x080048ec   0x080048ec   0x00000062   Code   RO         5097    x$fpl$d2f           fz_ws.l(d2f.o)
    0x0800494e   0x0800494e   0x00000002   PAD
    0x08004950   0x08004950   0x00000150   Code   RO         5099    x$fpl$dadd          fz_ws.l(daddsub_clz.o)
    0x08004aa0   0x08004aa0   0x00000010   Code   RO         5192    x$fpl$dcheck1       fz_ws.l(dcheck1.o)
    0x08004ab0   0x08004ab0   0x00000018   Code   RO         5194    x$fpl$dcmpinf       fz_ws.l(dcmpi.o)
    0x08004ac8   0x08004ac8   0x000002b0   Code   RO         5106    x$fpl$ddiv          fz_ws.l(ddiv.o)
    0x08004d78   0x08004d78   0x0000002e   Code   RO         5110    x$fpl$dflt          fz_ws.l(dflt_clz.o)
    0x08004da6   0x08004da6   0x00000002   PAD
    0x08004da8   0x08004da8   0x00000078   Code   RO         5115    x$fpl$dleqf         fz_ws.l(dleqf.o)
    0x08004e20   0x08004e20   0x00000154   Code   RO         5117    x$fpl$dmul          fz_ws.l(dmul.o)
    0x08004f74   0x08004f74   0x0000009c   Code   RO         5196    x$fpl$dnaninf       fz_ws.l(dnaninf.o)
    0x08005010   0x08005010   0x0000000c   Code   RO         5198    x$fpl$dretinf       fz_ws.l(dretinf.o)
    0x0800501c   0x0800501c   0x0000006c   Code   RO         5119    x$fpl$drleqf        fz_ws.l(drleqf.o)
    0x08005088   0x08005088   0x000001cc   Code   RO         5200    x$fpl$dsqrt         fz_ws.l(dsqrt_noumaal.o)
    0x08005254   0x08005254   0x000001d4   Code   RO         5101    x$fpl$dsub          fz_ws.l(daddsub_clz.o)
    0x08005428   0x08005428   0x0000000a   Code   RO         5202    x$fpl$fretinf       fz_ws.l(fretinf.o)
    0x08005432   0x08005432   0x00000064   Code   RO         5231    x$fpl$retnan        fz_ws.l(retnan.o)
    0x08005496   0x08005496   0x0000005c   Code   RO         5121    x$fpl$scalbn        fz_ws.l(scalbn.o)
    0x080054f2   0x080054f2   0x00000030   Code   RO         5250    x$fpl$trapveneer    fz_ws.l(trapv.o)
    0x08005522   0x08005522   0x00000000   Code   RO         5204    x$fpl$usenofp       fz_ws.l(usenofp.o)
    0x08005522   0x08005522   0x00000004   Data   RO          242    .constdata          freertos.o
    0x08005526   0x08005526   0x00000012   Data   RO         2105    .constdata          stm32f1xx_hal_rcc.o
    0x08005538   0x08005538   0x00000010   Data   RO         3259    .constdata          system_stm32f1xx.o
    0x08005548   0x08005548   0x00000008   Data   RO         3260    .constdata          system_stm32f1xx.o
    0x08005550   0x08005550   0x00000020   Data   RO         5325    Region$$Table       anon$$obj.o


    Execution Region RW_IRAM1 (Exec base: 0x20000000, Load base: 0x08005570, Size: 0x00003f20, Max: 0x00005000, ABSOLUTE)

    Exec Addr    Load Addr    Size         Type   Attr      Idx    E Section Name        Object

    0x20000000   0x08005570   0x00000008   Data   RW           17    .data               main.o
    0x20000008   0x08005578   0x00000030   Data   RW          243    .data               freertos.o
    0x20000038   0x080055a8   0x0000000c   Data   RW         1942    .data               stm32f1xx_hal.o
    0x20000044   0x080055b4   0x00000004   Data   RW         3261    .data               system_stm32f1xx.o
    0x20000048   0x080055b8   0x0000003c   Data   RW         3925    .data               tasks.o
    0x20000084   0x080055f4   0x00000014   Data   RW         4256    .data               timers.o
    0x20000098   0x08005608   0x00000004   Data   RW         4478    .data               cmsis_os2.o
    0x2000009c   0x0800560c   0x00000020   Data   RW         4921    .data               heap_4.o
    0x200000bc   0x0800562c   0x0000000c   Data   RW         4977    .data               port.o
    0x200000c8        -       0x000000b4   Zero   RW          241    .bss                freertos.o
    0x2000017c        -       0x00000028   Zero   RW          358    .bss                can.o
    0x200001a4        -       0x00000048   Zero   RW          424    .bss                tim.o
    0x200001ec        -       0x000000d0   Zero   RW          466    .bss                usart.o
    0x200002bc        -       0x00000048   Zero   RW          638    .bss                stm32f1xx_hal_timebase_tim.o
    0x20000304        -       0x00000040   Zero   RW         3500    .bss                queue.o
    0x20000344        -       0x000004c4   Zero   RW         3924    .bss                tasks.o
    0x20000808        -       0x00000118   Zero   RW         4255    .bss                timers.o
    0x20000920        -       0x000006b8   Zero   RW         4477    .bss                cmsis_os2.o
    0x20000fd8        -       0x00002800   Zero   RW         4920    .bss                heap_4.o
    0x200037d8        -       0x000000e4   Zero   RW         5080    .bss                c_w.l(rand.o)
    0x200038bc        -       0x00000060   Zero   RW         5234    .bss                c_w.l(libspace.o)
    0x2000391c   0x08005638   0x00000004   PAD
    0x20003920        -       0x00000200   Zero   RW            2    HEAP                startup_stm32f103xb.o
    0x20003b20        -       0x00000400   Zero   RW            1    STACK               startup_stm32f103xb.o


==============================================================================

Image component sizes


      Code (inc. data)   RO Data    RW Data    ZI Data      Debug   Object Name

       224         20          0          0         40       1579   can.o
       162         22          0          4       1720      53623   cmsis_os2.o
        60          4          0          0          0        718   dma.o
         0          0          0          0          0      19484   event_groups.o
      1316        254          4         48        180      12911   freertos.o
       132         12          0          0          0        871   gpio.o
       472         24          0         32      10240       4615   heap_4.o
       138          0          0          0          0       3242   list.o
       222         22          0          8          0     448633   main.o
       662         70          0         12          0      10445   port.o
      2000         24          0          0         64      20448   queue.o
        64         26        236          0       1536        788   startup_stm32f103xb.o
        64         14          0         12          0       4494   stm32f1xx_hal.o
      1658          0          0          0          0      12327   stm32f1xx_hal_can.o
       158         14          0          0          0      28058   stm32f1xx_hal_cortex.o
       808         36          0          0          0       4818   stm32f1xx_hal_dma.o
       516         34          0          0          0       4012   stm32f1xx_hal_gpio.o
        72         10          0          0          0        822   stm32f1xx_hal_msp.o
      1304         94         18          0          0       5569   stm32f1xx_hal_rcc.o
       936         24          0          0          0       9525   stm32f1xx_hal_tim.o
       108         12          0          0          0       2305   stm32f1xx_hal_tim_ex.o
       152         20          0          0         72       1403   stm32f1xx_hal_timebase_tim.o
      1772         24          0          0          0      12788   stm32f1xx_hal_uart.o
       108         48          0          0          0       5782   stm32f1xx_it.o
         0          0          0          0          0        384   stream_buffer.o
         2          0         24          4          0       1047   system_stm32f1xx.o
      2372        192          0         60       1220      27953   tasks.o
       156         10          0          0         72       1566   tim.o
       972         80          0         20        280      29147   timers.o
       272         28          0          0        208       1784   usart.o

    ----------------------------------------------------------------------
     16932       1118        314        200      15632     731141   Object Totals
         0          0         32          0          0          0   (incl. Generated)
        50          0          0          0          0          0   (incl. Padding)

    ----------------------------------------------------------------------

      Code (inc. data)   RO Data    RW Data    ZI Data      Debug   Library Member Name

         8          0          0          0          0         68   __main.o
       104          0          0          0          0         84   __printf.o
         0          0          0          0          0          0   __rtentry.o
        12          0          0          0          0          0   __rtentry2.o
         6          0          0          0          0          0   __rtentry4.o
        52          8          0          0          0          0   __scatter.o
        26          0          0          0          0          0   __scatter_copy.o
        28          0          0          0          0          0   __scatter_zi.o
        48          6          0          0          0         96   _printf_char_common.o
         6          0          0          0          0          0   _printf_d.o
       120         16          0          0          0         92   _printf_dec.o
       178          0          0          0          0         88   _printf_intcommon.o
         0          0          0          0          0          0   _printf_percent.o
         4          0          0          0          0          0   _printf_percent_end.o
        22          0          0          0          0        100   _rserrno.o
        16          0          0          0          0         68   _snputc.o
        10          0          0          0          0         68   _sputc.o
        16          0          0          0          0         68   aeabi_memset.o
        18          0          0          0          0         80   exit.o
         6          0          0          0          0        152   heapauxi.o
         0          0          0          0          0          0   indicate_semi.o
         2          0          0          0          0          0   libinit.o
         6          0          0          0          0          0   libinit2.o
         2          0          0          0          0          0   libshutdown.o
         2          0          0          0          0          0   libshutdown2.o
         8          4          0          0         96         68   libspace.o
        52          4          0          0          0         84   noretval__2snprintf.o
       112         18          0          0        228        160   rand.o
         8          4          0          0          0         68   rt_errno_addr_intlibspace.o
        68          0          0          0          0         68   rt_memclr.o
        78          0          0          0          0         80   rt_memclr_w.o
       138          0          0          0          0         68   rt_memcpy_v6.o
       100          0          0          0          0         80   rt_memcpy_w.o
         2          0          0          0          0          0   rtexit.o
        10          0          0          0          0          0   rtexit2.o
        62          0          0          0          0         76   strlen.o
        12          4          0          0          0         68   sys_exit.o
        74          0          0          0          0         80   sys_stackheap_outer.o
         2          0          0          0          0         68   use_no_semi.o
        98          4          0          0          0         92   d2f.o
       804         16          0          0          0        272   daddsub_clz.o
        16          4          0          0          0         68   dcheck1.o
        24          0          0          0          0         68   dcmpi.o
       688        140          0          0          0        208   ddiv.o
        46          0          0          0          0         68   dflt_clz.o
       120          4          0          0          0         92   dleqf.o
       340         12          0          0          0        104   dmul.o
       156          4          0          0          0         92   dnaninf.o
        12          0          0          0          0         68   dretinf.o
       108          0          0          0          0         80   drleqf.o
       460         56          0          0          0        120   dsqrt_noumaal.o
        10          0          0          0          0         68   fretinf.o
       100          0          0          0          0         68   retnan.o
        92          0          0          0          0         68   scalbn.o
        48          0          0          0          0         68   trapv.o
         0          0          0          0          0          0   usenofp.o
        76          0          0          0          0         84   sqrt.o

    ----------------------------------------------------------------------
      4626        304          0          0        328       3620   Library Totals
        10          0          0          0          4          0   (incl. Padding)

    ----------------------------------------------------------------------

      Code (inc. data)   RO Data    RW Data    ZI Data      Debug   Library Name

      1418         64          0          0        324       1932   c_w.l
      3122        240          0          0          0       1604   fz_ws.l
        76          0          0          0          0         84   m_ws.l

    ----------------------------------------------------------------------
      4626        304          0          0        328       3620   Library Totals

    ----------------------------------------------------------------------

==============================================================================


      Code (inc. data)   RO Data    RW Data    ZI Data      Debug   

     21558       1422        314        200      15960     723265   Grand Totals
     21558       1422        314        200      15960     723265   ELF Image Totals
     21558       1422        314        200          0          0   ROM Totals

==============================================================================

    Total RO  Size (Code + RO Data)                21872 (  21.36kB)
    Total RW  Size (RW Data + ZI Data)             16160 (  15.78kB)
    Total ROM Size (Code + RO Data + RW Data)      22072 (  21.55kB)

==============================================================================

