Component: ARM Compiler 5.06 update 7 (build 960) Tool: armlink [4d3601]

==============================================================================

Section Cross References

    startup_stm32f427xx.o(STACK) refers (Special) to heapauxi.o(.text) for __use_two_region_memory
    startup_stm32f427xx.o(HEAP) refers (Special) to heapauxi.o(.text) for __use_two_region_memory
    startup_stm32f427xx.o(RESET) refers (Special) to heapauxi.o(.text) for __use_two_region_memory
    startup_stm32f427xx.o(RESET) refers to startup_stm32f427xx.o(STACK) for __initial_sp
    startup_stm32f427xx.o(RESET) refers to startup_stm32f427xx.o(.text) for Reset_Handler
    startup_stm32f427xx.o(RESET) refers to stm32f4xx_it.o(i.NMI_Handler) for NMI_Handler
    startup_stm32f427xx.o(RESET) refers to stm32f4xx_it.o(i.HardFault_Handler) for HardFault_Handler
    startup_stm32f427xx.o(RESET) refers to stm32f4xx_it.o(i.MemManage_Handler) for MemManage_Handler
    startup_stm32f427xx.o(RESET) refers to stm32f4xx_it.o(i.BusFault_Handler) for BusFault_Handler
    startup_stm32f427xx.o(RESET) refers to stm32f4xx_it.o(i.UsageFault_Handler) for UsageFault_Handler
    startup_stm32f427xx.o(RESET) refers to stm32f4xx_it.o(i.SVC_Handler) for SVC_Handler
    startup_stm32f427xx.o(RESET) refers to stm32f4xx_it.o(i.DebugMon_Handler) for DebugMon_Handler
    startup_stm32f427xx.o(RESET) refers to stm32f4xx_it.o(i.PendSV_Handler) for PendSV_Handler
    startup_stm32f427xx.o(RESET) refers to stm32f4xx_it.o(i.SysTick_Handler) for SysTick_Handler
    startup_stm32f427xx.o(RESET) refers to stm32f4xx_it.o(i.DMA1_Stream5_IRQHandler) for DMA1_Stream5_IRQHandler
    startup_stm32f427xx.o(RESET) refers to stm32f4xx_it.o(i.DMA1_Stream6_IRQHandler) for DMA1_Stream6_IRQHandler
    startup_stm32f427xx.o(RESET) refers to stm32f4xx_it.o(i.CAN1_RX0_IRQHandler) for CAN1_RX0_IRQHandler
    startup_stm32f427xx.o(RESET) refers to stm32f4xx_it.o(i.CAN1_RX1_IRQHandler) for CAN1_RX1_IRQHandler
    startup_stm32f427xx.o(RESET) refers to stm32f4xx_it.o(i.USART2_IRQHandler) for USART2_IRQHandler
    startup_stm32f427xx.o(.text) refers (Special) to heapauxi.o(.text) for __use_two_region_memory
    startup_stm32f427xx.o(.text) refers to system_stm32f4xx.o(i.SystemInit) for SystemInit
    startup_stm32f427xx.o(.text) refers to __main.o(!!!main) for __main
    startup_stm32f427xx.o(.text) refers to startup_stm32f427xx.o(HEAP) for Heap_Mem
    startup_stm32f427xx.o(.text) refers to startup_stm32f427xx.o(STACK) for Stack_Mem
    main.o(i._Z18SystemClock_Configv) refers to rt_memclr_w.o(.text) for __aeabi_memclr4
    main.o(i._Z18SystemClock_Configv) refers to stm32f4xx_hal_rcc.o(i.HAL_RCC_OscConfig) for HAL_RCC_OscConfig
    main.o(i._Z18SystemClock_Configv) refers to main.o(i.Error_Handler) for Error_Handler
    main.o(i._Z18SystemClock_Configv) refers to stm32f4xx_hal_pwr_ex.o(i.HAL_PWREx_EnableOverDrive) for HAL_PWREx_EnableOverDrive
    main.o(i._Z18SystemClock_Configv) refers to stm32f4xx_hal_rcc.o(i.HAL_RCC_ClockConfig) for HAL_RCC_ClockConfig
    main.o(i._Z19CAN_Motor_Call_BackP20Struct_CAN_Rx_Buffer) refers to dvc_motor.o(i._ZN16Class_Motor_C62018CAN_RxCpltCallbackEPh) for Class_Motor_C620::CAN_RxCpltCallback(unsigned char*)
    main.o(i._Z19CAN_Motor_Call_BackP20Struct_CAN_Rx_Buffer) refers to main.o(.bss) for motor
    main.o(i._Z25UART_Serialplot_Call_BackPht) refers to dvc_serialplot.o(i._ZN16Class_Serialplot19UART_RxCpltCallbackEPh) for Class_Serialplot::UART_RxCpltCallback(unsigned char*)
    main.o(i._Z25UART_Serialplot_Call_BackPht) refers to dvc_serialplot.o(i._ZN16Class_Serialplot18Get_Variable_IndexEv) for Class_Serialplot::Get_Variable_Index()
    main.o(i._Z25UART_Serialplot_Call_BackPht) refers to dvc_serialplot.o(i._ZN16Class_Serialplot18Get_Variable_ValueEv) for Class_Serialplot::Get_Variable_Value()
    main.o(i._Z25UART_Serialplot_Call_BackPht) refers to d2f.o(x$fpl$d2f) for __aeabi_d2f
    main.o(i._Z25UART_Serialplot_Call_BackPht) refers to alg_pid.o(i._ZN9Class_PID7Set_K_PEf) for Class_PID::Set_K_P(float)
    main.o(i._Z25UART_Serialplot_Call_BackPht) refers to alg_pid.o(i._ZN9Class_PID7Set_K_IEf) for Class_PID::Set_K_I(float)
    main.o(i._Z25UART_Serialplot_Call_BackPht) refers to alg_pid.o(i._ZN9Class_PID7Set_K_DEf) for Class_PID::Set_K_D(float)
    main.o(i._Z25UART_Serialplot_Call_BackPht) refers to main.o(.bss) for serialplot
    main.o(i.__sti___8_main_cpp_18ce1bfb) refers to main.o(i._ZN16Class_Motor_C620C1Ev) for Class_Motor_C620::Class_Motor_C620()
    main.o(i.__sti___8_main_cpp_18ce1bfb) refers to main.o(.bss) for serialplot
    main.o(i.main) refers to stm32f4xx_hal.o(i.HAL_Init) for HAL_Init
    main.o(i.main) refers to main.o(i._Z18SystemClock_Configv) for SystemClock_Config()
    main.o(i.main) refers to gpio.o(i.MX_GPIO_Init) for MX_GPIO_Init
    main.o(i.main) refers to dma.o(i.MX_DMA_Init) for MX_DMA_Init
    main.o(i.main) refers to can.o(i.MX_CAN1_Init) for MX_CAN1_Init
[...]
    i.HAL_NVIC_SetPriority                   0x08001660   Section        0  stm32f4xx_hal_cortex.o(i.HAL_NVIC_SetPriority)
    i.HAL_NVIC_SetPriorityGrouping           0x080016dc   Section        0  stm32f4xx_hal_cortex.o(i.HAL_NVIC_SetPriorityGrouping)
    i.HAL_PWREx_EnableOverDrive              0x08001704   Section        0  stm32f4xx_hal_pwr_ex.o(i.HAL_PWREx_EnableOverDrive)
    i.HAL_RCC_ClockConfig                    0x08001790   Section        0  stm32f4xx_hal_rcc.o(i.HAL_RCC_ClockConfig)
    i.HAL_RCC_GetHCLKFreq                    0x08001914   Section        0  stm32f4xx_hal_rcc.o(i.HAL_RCC_GetHCLKFreq)
    i.HAL_RCC_GetPCLK1Freq                   0x08001920   Section        0  stm32f4xx_hal_rcc.o(i.HAL_RCC_GetPCLK1Freq)
    i.HAL_RCC_GetPCLK2Freq                   0x08001940   Section        0  stm32f4xx_hal_rcc.o(i.HAL_RCC_GetPCLK2Freq)
    i.HAL_RCC_GetSysClockFreq                0x08001960   Section        0  stm32f4xx_hal_rcc.o(i.HAL_RCC_GetSysClockFreq)
    i.HAL_RCC_OscConfig                      0x08001a10   Section        0  stm32f4xx_hal_rcc.o(i.HAL_RCC_OscConfig)
    i.HAL_SYSTICK_Config                     0x08001eac   Section        0  stm32f4xx_hal_cortex.o(i.HAL_SYSTICK_Config)
    i.HAL_UARTEx_ReceiveToIdle_DMA           0x08001ee0   Section        0  stm32f4xx_hal_uart.o(i.HAL_UARTEx_ReceiveToIdle_DMA)
    i.HAL_UARTEx_RxEventCallback             0x08001f50   Section        0  drv_uart.o(i.HAL_UARTEx_RxEventCallback)
    i.HAL_UART_ErrorCallback                 0x080020d8   Section        0  stm32f4xx_hal_uart.o(i.HAL_UART_ErrorCallback)
    i.HAL_UART_IRQHandler                    0x080020dc   Section        0  stm32f4xx_hal_uart.o(i.HAL_UART_IRQHandler)
    i.HAL_UART_Init                          0x080023e4   Section        0  stm32f4xx_hal_uart.o(i.HAL_UART_Init)
    i.HAL_UART_MspInit                       0x0800245c   Section        0  usart.o(i.HAL_UART_MspInit)
    i.HAL_UART_RxCpltCallback                0x08002578   Section        0  stm32f4xx_hal_uart.o(i.HAL_UART_RxCpltCallback)
    i.HAL_UART_RxHalfCpltCallback            0x0800257a   Section        0  stm32f4xx_hal_uart.o(i.HAL_UART_RxHalfCpltCallback)
    i.HAL_UART_Transmit_DMA                  0x0800257c   Section        0  stm32f4xx_hal_uart.o(i.HAL_UART_Transmit_DMA)
    i.HAL_UART_TxCpltCallback                0x08002618   Section        0  stm32f4xx_hal_uart.o(i.HAL_UART_TxCpltCallback)
    i.HAL_UART_TxHalfCpltCallback            0x0800261a   Section        0  stm32f4xx_hal_uart.o(i.HAL_UART_TxHalfCpltCallback)
    i.HardFault_Handler                      0x0800261c   Section        0  stm32f4xx_it.o(i.HardFault_Handler)
    i.MX_CAN1_Init                           0x08002620   Section        0  can.o(i.MX_CAN1_Init)
    i.MX_DMA_Init                            0x08002664   Section        0  dma.o(i.MX_DMA_Init)
    i.MX_GPIO_Init                           0x080026ac   Section        0  gpio.o(i.MX_GPIO_Init)
    i.MX_USART2_UART_Init                    0x08002760   Section        0  usart.o(i.MX_USART2_UART_Init)
    i.MemManage_Handler                      0x08002798   Section        0  stm32f4xx_it.o(i.MemManage_Handler)
    i.NMI_Handler                            0x0800279c   Section        0  stm32f4xx_it.o(i.NMI_Handler)
    i.PendSV_Handler                         0x080027a0   Section        0  stm32f4xx_it.o(i.PendSV_Handler)
    i.SVC_Handler                            0x080027a2   Section        0  stm32f4xx_it.o(i.SVC_Handler)
    i.SysTick_Handler                        0x080027a4   Section        0  stm32f4xx_it.o(i.SysTick_Handler)
    i.SystemInit                             0x080027ac   Section        0  system_stm32f4xx.o(i.SystemInit)
    i.UART_Start_Receive_DMA                 0x080027c0   Section        0  stm32f4xx_hal_uart.o(i.UART_Start_Receive_DMA)
    i.USART2_IRQHandler                      0x08002898   Section        0  stm32f4xx_it.o(i.USART2_IRQHandler)
    i.UsageFault_Handler                     0x080028a8   Section        0  stm32f4xx_it.o(i.UsageFault_Handler)
    i._Z11BSP_DC24_LD20Enum_BSP_DC24_Status  0x080028ac   Section        0  drv_bsp.o(i._Z11BSP_DC24_LD20Enum_BSP_DC24_Status)
    i._Z11BSP_DC24_LU20Enum_BSP_DC24_Status  0x080028c0   Section        0  drv_bsp.o(i._Z11BSP_DC24_LU20Enum_BSP_DC24_Status)
    i._Z11BSP_DC24_RD20Enum_BSP_DC24_Status  0x080028d4   Section        0  drv_bsp.o(i._Z11BSP_DC24_RD20Enum_BSP_DC24_Status)
    i._Z11BSP_DC24_RU20Enum_BSP_DC24_Status  0x080028e8   Section        0  drv_bsp.o(i._Z11BSP_DC24_RU20Enum_BSP_DC24_Status)
    i._Z13CAN_Send_DataP17CAN_HandleTypeDeftPht 0x080028fc   Section        0  drv_can.o(i._Z13CAN_Send_DataP17CAN_HandleTypeDeftPht)
    i._Z14UART_Send_DataP20__UART_HandleTypeDefPht 0x08002924   Section        0  drv_uart.o(i._Z14UART_Send_DataP20__UART_HandleTypeDefPht)
    i._Z16allocate_tx_dataP17CAN_HandleTypeDef17Enum_CAN_Motor_ID 0x08002938   Section        0  dvc_motor.o(i._Z16allocate_tx_dataP17CAN_HandleTypeDef17Enum_CAN_Motor_ID)
    i._Z18SystemClock_Configv                0x080029a4   Section        0  main.o(i._Z18SystemClock_Configv)
    i._Z19CAN_Motor_Call_BackP20Struct_CAN_Rx_Buffer 0x08002a60   Section        0  main.o(i._Z19CAN_Motor_Call_BackP20Struct_CAN_Rx_Buffer)
    i._Z22CAN_Filter_Mask_ConfigP17CAN_HandleTypeDefhjj 0x08002a80   Section        0  drv_can.o(i._Z22CAN_Filter_Mask_ConfigP17CAN_HandleTypeDefhjj)
    i._Z29TIM_CAN_PeriodElapsedCallbackv     0x08002af0   Section        0  drv_can.o(i._Z29TIM_CAN_PeriodElapsedCallbackv)
    i._Z30TIM_UART_PeriodElapsedCallbackv    0x08002b24   Section        0  drv_uart.o(i._Z30TIM_UART_PeriodElapsedCallbackv)
    i._Z8BSP_Initjff                         0x08002b3c   Section        0  drv_bsp.o(i._Z8BSP_Initjff)
    i._Z8CAN_InitP17CAN_HandleTypeDefPFvP20Struct_CAN_Rx_BufferE 0x08002bd8   Section        0  drv_can.o(i._Z8CAN_InitP17CAN_HandleTypeDefPFvP20Struct_CAN_Rx_BufferE)
    i._Z9BSP_LED_119Enum_BSP_LED_Status      0x08002c5c   Section        0  drv_bsp.o(i._Z9BSP_LED_119Enum_BSP_LED_Status)
    i._Z9BSP_LED_219Enum_BSP_LED_Status      0x08002c70   Section        0  drv_bsp.o(i._Z9BSP_LED_219Enum_BSP_LED_Status)
    i._Z9BSP_LED_319Enum_BSP_LED_Status      0x08002c84   Section        0  drv_bsp.o(i._Z9BSP_LED_319Enum_BSP_LED_Status)
    i._Z9BSP_LED_419Enum_BSP_LED_Status      0x08002c98   Section        0  drv_bsp.o(i._Z9BSP_LED_419Enum_BSP_LED_Status)
    i._Z9BSP_LED_519Enum_BSP_LED_Status      0x08002cac   Section        0  drv_bsp.o(i._Z9BSP_LED_519Enum_BSP_LED_Status)
    i._Z9BSP_LED_619Enum_BSP_LED_Status      0x08002cc0   Section        0  drv_bsp.o(i._Z9BSP_LED_619Enum_BSP_LED_Status)
    i._Z9BSP_LED_719Enum_BSP_LED_Status      0x08002cd4   Section        0  drv_bsp.o(i._Z9BSP_LED_719Enum_BSP_LED_Status)
    i._Z9BSP_LED_819Enum_BSP_LED_Status      0x08002ce8   Section        0  drv_bsp.o(i._Z9BSP_LED_819Enum_BSP_LED_Status)
    i._Z9BSP_LED_G19Enum_BSP_LED_Status      0x08002d00   Section        0  drv_bsp.o(i._Z9BSP_LED_G19Enum_BSP_LED_Status)
    i._Z9BSP_LED_R19Enum_BSP_LED_Status      0x08002d18   Section        0  drv_bsp.o(i._Z9BSP_LED_R19Enum_BSP_LED_Status)
    i._Z9UART_InitP20__UART_HandleTypeDefPFvPhtEt 0x08002d30   Section        0  drv_uart.o(i._Z9UART_InitP20__UART_HandleTypeDefPFvPhtEt)
    i._ZN16Class_Motor_C62013Get_Now_AngleEv 0x08002e98   Section        0  dvc_motor.o(i._ZN16Class_Motor_C62013Get_Now_AngleEv)
    i._ZN16Class_Motor_C62013Get_Now_OmegaEv 0x08002e9e   Section        0  dvc_motor.o(i._ZN16Class_Motor_C62013Get_Now_OmegaEv)
    i._ZN16Class_Motor_C62016Get_Target_AngleEv 0x08002ea4   Section        0  dvc_motor.o(i._ZN16Class_Motor_C62016Get_Target_AngleEv)
    i._ZN16Class_Motor_C62016Get_Target_OmegaEv 0x08002eaa   Section        0  dvc_motor.o(i._ZN16Class_Motor_C62016Get_Target_OmegaEv)
    i._ZN16Class_Motor_C62016Set_Target_AngleEf 0x08002eb0   Section        0  dvc_motor.o(i._ZN16Class_Motor_C62016Set_Target_AngleEf)
    i._ZN16Class_Motor_C62018CAN_RxCpltCallbackEPh 0x08002eb8   Section        0  dvc_motor.o(i._ZN16Class_Motor_C62018CAN_RxCpltCallbackEPh)
    i._ZN16Class_Motor_C62029TIM_PID_PeriodElapsedCallbackEv 0x08002f9c   Section        0  dvc_motor.o(i._ZN16Class_Motor_C62029TIM_PID_PeriodElapsedCallbackEv)
    i._ZN16Class_Motor_C6204InitEP17CAN_HandleTypeDef17Enum_CAN_Motor_ID19Enum_Control_Methodff 0x080030cc   Section        0  dvc_motor.o(i._ZN16Class_Motor_C6204InitEP17CAN_HandleTypeDef17Enum_CAN_Motor_ID19Enum_Control_Methodff)
    i._ZN16Class_Motor_C6206OutputEv         0x08003124   Section        0  dvc_motor.o(i._ZN16Class_Motor_C6206OutputEv)
    i._ZN16Class_Motor_C6207Set_OutEf        0x0800314c   Section        0  dvc_motor.o(i._ZN16Class_Motor_C6207Set_OutEf)
    i._ZN16Class_Motor_C620C1Ev              0x08003154   Section        0  main.o(i._ZN16Class_Motor_C620C1Ev)
    i._ZN16Class_Serialplot31TIM_Write_PeriodElapsedCallbackEv 0x080031f0   Section        0  dvc_serialplot.o(i._ZN16Class_Serialplot31TIM_Write_PeriodElapsedCallbackEv)
    i._ZN16Class_Serialplot4InitEP20__UART_HandleTypeDefhPPc25Enum_Serialplot_Data_Typeh 0x080031fc   Section        0  dvc_serialplot.o(i._ZN16Class_Serialplot4InitEP20__UART_HandleTypeDefhPPc25Enum_Serialplot_Data_Typeh)
    i._ZN16Class_Serialplot6OutputEv         0x080032c0   Section        0  dvc_serialplot.o(i._ZN16Class_Serialplot6OutputEv)
    i._ZN16Class_Serialplot8Set_DataEhz      0x080033a0   Section        0  dvc_serialplot.o(i._ZN16Class_Serialplot8Set_DataEhz)
    i._ZN41_INTERNAL_19_stm32f4xx_hal_dma_c_c25f65ec13DMA_SetConfigEP19__DMA_HandleTypeDefjjj 0x080033da   Section        0  stm32f4xx_hal_dma.o(i._ZN41_INTERNAL_19_stm32f4xx_hal_dma_c_c25f65ec13DMA_SetConfigEP19__DMA_HandleTypeDefjjj)
    [local to stm32f4xx_hal_dma_c]::DMA_SetConfig(__DMA_HandleTypeDef*, unsigned, unsigned, unsigned) 0x080033db   Thumb Code    44  stm32f4xx_hal_dma.o(i._ZN41_INTERNAL_19_stm32f4xx_hal_dma_c_c25f65ec13DMA_SetConfigEP19__DMA_HandleTypeDefjjj)
    i._ZN41_INTERNAL_19_stm32f4xx_hal_dma_c_c25f65ec18DMA_CheckFifoParamEP19__DMA_HandleTypeDef 0x08003406   Section        0  stm32f4xx_hal_dma.o(i._ZN41_INTERNAL_19_stm32f4xx_hal_dma_c_c25f65ec18DMA_CheckFifoParamEP19__DMA_HandleTypeDef)
    [local to stm32f4xx_hal_dma_c]::DMA_CheckFifoParam(__DMA_HandleTypeDef*) 0x08003407   Thumb Code   170  stm32f4xx_hal_dma.o(i._ZN41_INTERNAL_19_stm32f4xx_hal_dma_c_c25f65ec18DMA_CheckFifoParamEP19__DMA_HandleTypeDef)
    i._ZN41_INTERNAL_19_stm32f4xx_hal_dma_c_c25f65ec23DMA_CalcBaseAndBitshiftEP19__DMA_HandleTypeDef 0x080034b0   Section        0  stm32f4xx_hal_dma.o(i._ZN41_INTERNAL_19_stm32f4xx_hal_dma_c_c25f65ec23DMA_CalcBaseAndBitshiftEP19__DMA_HandleTypeDef)
    [local to stm32f4xx_hal_dma_c]::DMA_CalcBaseAndBitshift(__DMA_HandleTypeDef*) 0x080034b1   Thumb Code    46  stm32f4xx_hal_dma.o(i._ZN41_INTERNAL_19_stm32f4xx_hal_dma_c_c25f65ec23DMA_CalcBaseAndBitshiftEP19__DMA_HandleTypeDef)
    i._ZN42_INTERNAL_20_stm32f4xx_hal_uart_c_d497114f13UART_DMAErrorEP19__DMA_HandleTypeDef 0x080034e4   Section        0  stm32f4xx_hal_uart.o(i._ZN42_INTERNAL_20_stm32f4xx_hal_uart_c_d497114f13UART_DMAErrorEP19__DMA_HandleTypeDef)
    [local to stm32f4xx_hal_uart_c]::UART_DMAError(__DMA_HandleTypeDef*) 0x080034e5   Thumb Code    80  stm32f4xx_hal_uart.o(i._ZN42_INTERNAL_20_stm32f4xx_hal_uart_c_d497114f13UART_DMAErrorEP19__DMA_HandleTypeDef)
    i._ZN42_INTERNAL_20_stm32f4xx_hal_uart_c_d497114f14UART_SetConfigEP20__UART_HandleTypeDef 0x08003534   Section        0  stm32f4xx_hal_uart.o(i._ZN42_INTERNAL_20_stm32f4xx_hal_uart_c_d497114f14UART_SetConfigEP20__UART_HandleTypeDef)
    [local to stm32f4xx_hal_uart_c]::UART_SetConfig(__UART_HandleTypeDef*) 0x08003535   Thumb Code   546  stm32f4xx_hal_uart.o(i._ZN42_INTERNAL_20_stm32f4xx_hal_uart_c_d497114f14UART_SetConfigEP20__UART_HandleTypeDef)
    i._ZN42_INTERNAL_20_stm32f4xx_hal_uart_c_d497114f15UART_Receive_ITEP20__UART_HandleTypeDef 0x08003760   Section        0  stm32f4xx_hal_uart.o(i._ZN42_INTERNAL_20_stm32f4xx_hal_uart_c_d497114f15UART_Receive_ITEP20__UART_HandleTypeDef)
    [local to stm32f4xx_hal_uart_c]::UART_Receive_IT(__UART_HandleTypeDef*) 0x08003761   Thumb Code   252  stm32f4xx_hal_uart.o(i._ZN42_INTERNAL_20_stm32f4xx_hal_uart_c_d497114f15UART_Receive_ITEP20__UART_HandleTypeDef)
    i._ZN42_INTERNAL_20_stm32f4xx_hal_uart_c_d497114f16UART_Transmit_ITEP20__UART_HandleTypeDef 0x0800385c   Section        0  stm32f4xx_hal_uart.o(i._ZN42_INTERNAL_20_stm32f4xx_hal_uart_c_d497114f16UART_Transmit_ITEP20__UART_HandleTypeDef)
    [local to stm32f4xx_hal_uart_c]::UART_Transmit_IT(__UART_HandleTypeDef*) 0x0800385d   Thumb Code    96  stm32f4xx_hal_uart.o(i._ZN42_INTERNAL_20_stm32f4xx_hal_uart_c_d497114f16UART_Transmit_ITEP20__UART_HandleTypeDef)
    i._ZN42_INTERNAL_20_stm32f4xx_hal_uart_c_d497114f18UART_DMARxHalfCpltEP19__DMA_HandleTypeDef 0x080038bc   Section        0  stm32f4xx_hal_uart.o(i._ZN42_INTERNAL_20_stm32f4xx_hal_uart_c_d497114f18UART_DMARxHalfCpltEP19__DMA_HandleTypeDef)
    [local to stm32f4xx_hal_uart_c]::UART_DMARxHalfCplt(__DMA_HandleTypeDef*) 0x080038bd   Thumb Code    36  stm32f4xx_hal_uart.o(i._ZN42_INTERNAL_20_stm32f4xx_hal_uart_c_d497114f18UART_DMARxHalfCpltEP19__DMA_HandleTypeDef)
    i._ZN42_INTERNAL_20_stm32f4xx_hal_uart_c_d497114f18UART_DMATxHalfCpltEP19__DMA_HandleTypeDef 0x080038e0   Section        0  stm32f4xx_hal_uart.o(i._ZN42_INTERNAL_20_stm32f4xx_hal_uart_c_d497114f18UART_DMATxHalfCpltEP19__DMA_HandleTypeDef)
    [local to stm32f4xx_hal_uart_c]::UART_DMATxHalfCplt(__DMA_HandleTypeDef*) 0x080038e1   Thumb Code    14  stm32f4xx_hal_uart.o(i._ZN42_INTERNAL_20_stm32f4xx_hal_uart_c_d497114f18UART_DMATxHalfCpltEP19__DMA_HandleTypeDef)
    i._ZN42_INTERNAL_20_stm32f4xx_hal_uart_c_d497114f18UART_EndRxTransferEP20__UART_HandleTypeDef 0x080038ee   Section        0  stm32f4xx_hal_uart.o(i._ZN42_INTERNAL_20_stm32f4xx_hal_uart_c_d497114f18UART_EndRxTransferEP20__UART_HandleTypeDef)
    [local to stm32f4xx_hal_uart_c]::UART_EndRxTransfer(__UART_HandleTypeDef*) 0x080038ef   Thumb Code   108  stm32f4xx_hal_uart.o(i._ZN42_INTERNAL_20_stm32f4xx_hal_uart_c_d497114f18UART_EndRxTransferEP20__UART_HandleTypeDef)
    i._ZN42_INTERNAL_20_stm32f4xx_hal_uart_c_d497114f18UART_EndTxTransferEP20__UART_HandleTypeDef 0x0800395a   Section        0  stm32f4xx_hal_uart.o(i._ZN42_INTERNAL_20_stm32f4xx_hal_uart_c_d497114f18UART_EndTxTransferEP20__UART_HandleTypeDef)
    [local to stm32f4xx_hal_uart_c]::UART_EndTxTransfer(__UART_HandleTypeDef*) 0x0800395b   Thumb Code    38  stm32f4xx_hal_uart.o(i._ZN42_INTERNAL_20_stm32f4xx_hal_uart_c_d497114f18UART_EndTxTransferEP20__UART_HandleTypeDef)
    i._ZN42_INTERNAL_20_stm32f4xx_hal_uart_c_d497114f19UART_DMAReceiveCpltEP19__DMA_HandleTypeDef 0x08003980   Section        0  stm32f4xx_hal_uart.o(i._ZN42_INTERNAL_20_stm32f4xx_hal_uart_c_d497114f19UART_DMAReceiveCpltEP19__DMA_HandleTypeDef)
    [local to stm32f4xx_hal_uart_c]::UART_DMAReceiveCplt(__DMA_HandleTypeDef*) 0x08003981   Thumb Code   180  stm32f4xx_hal_uart.o(i._ZN42_INTERNAL_20_stm32f4xx_hal_uart_c_d497114f19UART_DMAReceiveCpltEP19__DMA_HandleTypeDef)
    i._ZN42_INTERNAL_20_stm32f4xx_hal_uart_c_d497114f19UART_EndTransmit_ITEP20__UART_HandleTypeDef 0x08003a34   Section        0  stm32f4xx_hal_uart.o(i._ZN42_INTERNAL_20_stm32f4xx_hal_uart_c_d497114f19UART_EndTransmit_ITEP20__UART_HandleTypeDef)
    [local to stm32f4xx_hal_uart_c]::UART_EndTransmit_IT(__UART_HandleTypeDef*) 0x08003a35   Thumb Code    32  stm32f4xx_hal_uart.o(i._ZN42_INTERNAL_20_stm32f4xx_hal_uart_c_d497114f19UART_EndTransmit_ITEP20__UART_HandleTypeDef)
    i._ZN42_INTERNAL_20_stm32f4xx_hal_uart_c_d497114f20UART_DMAAbortOnErrorEP19__DMA_HandleTypeDef 0x08003a54   Section        0  stm32f4xx_hal_uart.o(i._ZN42_INTERNAL_20_stm32f4xx_hal_uart_c_d497114f20UART_DMAAbortOnErrorEP19__DMA_HandleTypeDef)
    [local to stm32f4xx_hal_uart_c]::UART_DMAAbortOnError(__DMA_HandleTypeDef*) 0x08003a55   Thumb Code    18  stm32f4xx_hal_uart.o(i._ZN42_INTERNAL_20_stm32f4xx_hal_uart_c_d497114f20UART_DMAAbortOnErrorEP19__DMA_HandleTypeDef)
    i._ZN42_INTERNAL_20_stm32f4xx_hal_uart_c_d497114f20UART_DMATransmitCpltEP19__DMA_HandleTypeDef 0x08003a66   Section        0  stm32f4xx_hal_uart.o(i._ZN42_INTERNAL_20_stm32f4xx_hal_uart_c_d497114f20UART_DMATransmitCpltEP19__DMA_HandleTypeDef)
    [local to stm32f4xx_hal_uart_c]::UART_DMATransmitCplt(__DMA_HandleTypeDef*) 0x08003a67   Thumb Code    88  stm32f4xx_hal_uart.o(i._ZN42_INTERNAL_20_stm32f4xx_hal_uart_c_d497114f20UART_DMATransmitCpltEP19__DMA_HandleTypeDef)
    i._ZN44_INTERNAL_22_stm32f4xx_hal_cortex_c_2992dbc018__NVIC_SetPriorityE9IRQn_Typej 0x08003ac0   Section        0  stm32f4xx_hal_cortex.o(i._ZN44_INTERNAL_22_stm32f4xx_hal_cortex_c_2992dbc018__NVIC_SetPriorityE9IRQn_Typej)
    [local to stm32f4xx_hal_cortex_c]::__NVIC_SetPriority(IRQn_Type, unsigned) 0x08003ac1   Thumb Code    32  stm32f4xx_hal_cortex.o(i._ZN44_INTERNAL_22_stm32f4xx_hal_cortex_c_2992dbc018__NVIC_SetPriorityE9IRQn_Typej)
    i._ZN44_INTERNAL_22_stm32f4xx_hal_cortex_c_2992dbc026__NVIC_GetPriorityGroupingEv 0x08003ae8   Section        0  stm32f4xx_hal_cortex.o(i._ZN44_INTERNAL_22_stm32f4xx_hal_cortex_c_2992dbc026__NVIC_GetPriorityGroupingEv)
    [local to stm32f4xx_hal_cortex_c]::__NVIC_GetPriorityGrouping() 0x08003ae9   Thumb Code    10  stm32f4xx_hal_cortex.o(i._ZN44_INTERNAL_22_stm32f4xx_hal_cortex_c_2992dbc026__NVIC_GetPriorityGroupingEv)
    i._ZN9Class_PID10Set_TargetEf            0x08003af8   Section        0  alg_pid.o(i._ZN9Class_PID10Set_TargetEf)
    i._ZN9Class_PID32TIM_Adjust_PeriodElapsedCallbackEv 0x08003b00   Section        0  alg_pid.o(i._ZN9Class_PID32TIM_Adjust_PeriodElapsedCallbackEv)
    i._ZN9Class_PID4InitEfffffffffff16Enum_PID_D_First 0x08003d74   Section        0  alg_pid.o(i._ZN9Class_PID4InitEfffffffffff16Enum_PID_D_First)
    i._ZN9Class_PID7Get_OutEv                0x08003da4   Section        0  alg_pid.o(i._ZN9Class_PID7Get_OutEv)
    i._ZN9Class_PID7Set_NowEf                0x08003daa   Section        0  alg_pid.o(i._ZN9Class_PID7Set_NowEf)
    i._ZN9Class_PIDC1Ev                      0x08003db0   Section        0  main.o(i._ZN9Class_PIDC1Ev)
    i.__sti___8_main_cpp_18ce1bfb            0x08003e40   Section        0  main.o(i.__sti___8_main_cpp_18ce1bfb)
    __sti___8_main_cpp_18ce1bfb              0x08003e41   Thumb Code    30  main.o(i.__sti___8_main_cpp_18ce1bfb)
    i.main                                   0x08003e6c   Section        0  main.o(i.main)
    t._Z14Math_ConstrainIfEvPT_S0_S0_        0x08004028   Section        0  alg_pid.o(t._Z14Math_ConstrainIfEvPT_S0_S0_)
    t._Z8Math_AbsIfET_S0_                    0x08004050   Section        0  alg_pid.o(t._Z8Math_AbsIfET_S0_)
    x$fpl$fpinit                             0x0800406a   Section       10  fpinit.o(x$fpl$fpinit)
    $v0                                      0x0800406a   Number         0  fpinit.o(x$fpl$fpinit)
    .constdata                               0x08004074   Section        8  stm32f4xx_hal_dma.o(.constdata)
    [local to stm32f4xx_hal_dma_c]::DMA_CalcBaseAndBitshift(__DMA_HandleTypeDef*)::flagBitshiftOffset 0x08004074   Data           8  stm32f4xx_hal_dma.o(.constdata)
    .constdata                               0x0800407c   Section       24  system_stm32f4xx.o(.constdata)
    .init_array                              0x080040b4   Section        4  main.o(.init_array)
    .init_array                              0x080040b8   Section        0  init_aeabi.o(.init_array)
    .data                                    0x20000000   Section      620  main.o(.data)
    Variable_Assignment_List                 0x20000014   Data         600  main.o(.data)
    .data                                    0x2000026c   Section       60  drv_can.o(.data)
    TIM_CAN_PeriodElapsedCallback()::mod10   0x200002a4   Data           4  drv_can.o(.data)
    .data                                    0x200002a8   Section        9  stm32f4xx_hal.o(.data)
    .data                                    0x200002b4   Section        4  system_stm32f4xx.o(.data)
    .bss                                     0x200002b8   Section      320  main.o(.bss)
    .bss                                     0x200003f8   Section       40  can.o(.bss)
    .bss                                     0x20000420   Section      264  usart.o(.bss)
    .bss                                     0x20000528   Section     4192  drv_uart.o(.bss)
    .bss                                     0x20001588   Section       88  drv_can.o(.bss)
    .bss                                     0x200015e0   Section       96  libspace.o(.bss)
    HEAP                                     0x20001640   Section      512  startup_stm32f427xx.o(HEAP)
    Heap_Mem                                 0x20001640   Data         512  startup_stm32f427xx.o(HEAP)
    STACK                                    0x20001840   Section     1024  startup_stm32f427xx.o(STACK)
    Stack_Mem                                0x20001840   Data        1024  startup_stm32f427xx.o(STACK)
    __initial_sp                             0x20001c40   Data           0  startup_stm32f427xx.o(STACK)

    Global Symbols

    Symbol Name                              Value     Ov Type        Size  Object(Section)

    BuildAttributes$$THM_ISAv4$E$P$D$K$B$S$7EM$VFPi3$EXTD16$VFPS$VFMA$PE$A:L22UL41UL21$X:L11$S22US41US21$IEEE1$IW$USESV6$~STKCKD$USESV7$~SHL$OTIME$ROPI$IEEEX$EBA8$UX$STANDARDLIB$REQ8$PRES8$EABIv2 0x00000000   Number         0  anon$$obj.o ABSOLUTE
    __ARM_use_no_argv                        0x00000000   Number         0  main.o ABSOLUTE
    __ARM_exceptions_init                     - Undefined Weak Reference
    __alloca_initialize                       - Undefined Weak Reference
    __arm_fini_                               - Undefined Weak Reference
    __arm_preinit_                            - Undefined Weak Reference
    __cxa_finalize                            - Undefined Weak Reference
    __rt_locale                               - Undefined Weak Reference
    __sigvec_lookup                           - Undefined Weak Reference
    _atexit_init                              - Undefined Weak Reference
    _call_atexit_fns                          - Undefined Weak Reference
    _clock_init                               - Undefined Weak Reference
    _fp_trap_init                             - Undefined Weak Reference
    _fp_trap_shutdown                         - Undefined Weak Reference
    _get_lc_collate                           - Undefined Weak Reference
    _get_lc_ctype                             - Undefined Weak Reference
    _get_lc_monetary                          - Undefined Weak Reference
    _get_lc_numeric                           - Undefined Weak Reference
    _get_lc_time                              - Undefined Weak Reference
    _getenv_init                              - Undefined Weak Reference
    _handle_redirection                       - Undefined Weak Reference
    _init_alloc                               - Undefined Weak Reference
    _init_user_alloc                          - Undefined Weak Reference
    _initio                                   - Undefined Weak Reference
    _rand_init                                - Undefined Weak Reference
    _signal_finish                            - Undefined Weak Reference
    _signal_init                              - Undefined Weak Reference
    _terminate_alloc                          - Undefined Weak Reference
    _terminate_user_alloc                     - Undefined Weak Reference
    _terminateio                              - Undefined Weak Reference
    __Vectors_Size                           0x000001ac   Number         0  startup_stm32f427xx.o ABSOLUTE
    __Vectors                                0x08000000   Data           4  startup_stm32f427xx.o(RESET)
    __Vectors_End                            0x080001ac   Data           0  startup_stm32f427xx.o(RESET)
    __main                                   0x080001ad   Thumb Code     8  __main.o(!!!main)
    __scatterload                            0x080001b5   Thumb Code     0  __scatter.o(!!!scatter)
    __scatterload_rt2                        0x080001b5   Thumb Code    44  __scatter.o(!!!scatter)
    __scatterload_rt2_thumb_only             0x080001b5   Thumb Code     0  __scatter.o(!!!scatter)
    __scatterload_null                       0x080001c3   Thumb Code     0  __scatter.o(!!!scatter)
    __decompress                             0x080001e9   Thumb Code    58  __dczerorl.o(!!dczerorl)
    __decompress0                            0x080001e9   Thumb Code     0  __dczerorl.o(!!dczerorl)
    __scatterload_zeroinit                   0x08000225   Thumb Code    28  __scatter_zi.o(!!handler_zi)
    __rt_lib_init                            0x08000241   Thumb Code     0  libinit.o(.ARM.Collect$$libinit$$00000000)
    __rt_lib_init_fp_1                       0x08000243   Thumb Code     0  libinit2.o(.ARM.Collect$$libinit$$00000001)
    __rt_lib_init_alloca_1                   0x08000247   Thumb Code     0  libinit2.o(.ARM.Collect$$libinit$$0000002E)
    __rt_lib_init_argv_1                     0x08000247   Thumb Code     0  libinit2.o(.ARM.Collect$$libinit$$0000002C)
    __rt_lib_init_atexit_1                   0x08000247   Thumb Code     0  libinit2.o(.ARM.Collect$$libinit$$0000001B)
    __rt_lib_init_clock_1                    0x08000247   Thumb Code     0  libinit2.o(.ARM.Collect$$libinit$$00000021)
    __rt_lib_init_cpp_2                      0x08000247   Thumb Code     0  libinit2.o(.ARM.Collect$$libinit$$00000031)
    __rt_lib_init_exceptions_1               0x08000247   Thumb Code     0  libinit2.o(.ARM.Collect$$libinit$$00000030)
    __rt_lib_init_fp_trap_1                  0x08000247   Thumb Code     0  libinit2.o(.ARM.Collect$$libinit$$0000001F)
    __rt_lib_init_getenv_1                   0x08000247   Thumb Code     0  libinit2.o(.ARM.Collect$$libinit$$00000023)
    __rt_lib_init_heap_1                     0x08000247   Thumb Code     0  libinit2.o(.ARM.Collect$$libinit$$0000000A)
    __rt_lib_init_lc_collate_1               0x08000247   Thumb Code     0  libinit2.o(.ARM.Collect$$libinit$$00000011)
    __rt_lib_init_lc_ctype_1                 0x08000247   Thumb Code     0  libinit2.o(.ARM.Collect$$libinit$$00000013)
    __rt_lib_init_lc_monetary_1              0x08000247   Thumb Code     0  libinit2.o(.ARM.Collect$$libinit$$00000015)
    __rt_lib_init_lc_numeric_1               0x08000247   Thumb Code     0  libinit2.o(.ARM.Collect$$libinit$$00000017)
    __rt_lib_init_lc_time_1                  0x08000247   Thumb Code     0  libinit2.o(.ARM.Collect$$libinit$$00000019)
    __rt_lib_init_preinit_1                  0x08000247   Thumb Code     0  libinit2.o(.ARM.Collect$$libinit$$00000004)
    __rt_lib_init_rand_1                     0x08000247   Thumb Code     0  libinit2.o(.ARM.Collect$$libinit$$0000000E)
    __rt_lib_init_signal_1                   0x08000247   Thumb Code     0  libinit2.o(.ARM.Collect$$libinit$$0000001D)
    __rt_lib_init_stdio_1                    0x08000247   Thumb Code     0  libinit2.o(.ARM.Collect$$libinit$$00000025)
    __rt_lib_init_user_alloc_1               0x08000247   Thumb Code     0  libinit2.o(.ARM.Collect$$libinit$$0000000C)
    __rt_lib_init_cpp_1                      0x0800024b   Thumb Code     0  libinit2.o(.ARM.Collect$$libinit$$00000032)
    __rt_lib_init_return                     0x0800024b   Thumb Code     0  libinit2.o(.ARM.Collect$$libinit$$00000033)
    __rt_lib_shutdown                        0x0800024d   Thumb Code     0  libshutdown.o(.ARM.Collect$$libshutdown$$00000000)
    __rt_lib_shutdown_cpp_1                  0x0800024f   Thumb Code     0  libshutdown2.o(.ARM.Collect$$libshutdown$$00000004)
    __rt_lib_shutdown_fini_1                 0x0800024f   Thumb Code     0  libshutdown2.o(.ARM.Collect$$libshutdown$$00000002)
    __rt_lib_shutdown_fp_trap_1              0x0800024f   Thumb Code     0  libshutdown2.o(.ARM.Collect$$libshutdown$$00000009)
    __rt_lib_shutdown_heap_1                 0x0800024f   Thumb Code     0  libshutdown2.o(.ARM.Collect$$libshutdown$$00000011)
    __rt_lib_shutdown_return                 0x0800024f   Thumb Code     0  libshutdown2.o(.ARM.Collect$$libshutdown$$00000012)
    __rt_lib_shutdown_signal_1               0x0800024f   Thumb Code     0  libshutdown2.o(.ARM.Collect$$libshutdown$$0000000C)
    __rt_lib_shutdown_stdio_1                0x0800024f   Thumb Code     0  libshutdown2.o(.ARM.Collect$$libshutdown$$00000006)
    __rt_lib_shutdown_user_alloc_1           0x0800024f   Thumb Code     0  libshutdown2.o(.ARM.Collect$$libshutdown$$0000000E)
    __rt_entry                               0x08000251   Thumb Code     0  __rtentry.o(.ARM.Collect$$rtentry$$00000000)
    __rt_entry_presh_1                       0x08000251   Thumb Code     0  __rtentry2.o(.ARM.Collect$$rtentry$$00000002)
    __rt_entry_sh                            0x08000251   Thumb Code     0  __rtentry4.o(.ARM.Collect$$rtentry$$00000004)
    __rt_entry_li                            0x08000257   Thumb Code     0  __rtentry2.o(.ARM.Collect$$rtentry$$0000000A)
    __rt_entry_postsh_1                      0x08000257   Thumb Code     0  __rtentry2.o(.ARM.Collect$$rtentry$$00000009)
    __rt_entry_main                          0x0800025b   Thumb Code     0  __rtentry2.o(.ARM.Collect$$rtentry$$0000000D)
    __rt_entry_postli_1                      0x0800025b   Thumb Code     0  __rtentry2.o(.ARM.Collect$$rtentry$$0000000C)
    __rt_exit                                0x08000263   Thumb Code     0  rtexit.o(.ARM.Collect$$rtexit$$00000000)
    __rt_exit_ls                             0x08000265   Thumb Code     0  rtexit2.o(.ARM.Collect$$rtexit$$00000003)
    __rt_exit_prels_1                        0x08000265   Thumb Code     0  rtexit2.o(.ARM.Collect$$rtexit$$00000002)
    __rt_exit_exit                           0x08000269   Thumb Code     0  rtexit2.o(.ARM.Collect$$rtexit$$00000004)
    Reset_Handler                            0x08000271   Thumb Code     8  startup_stm32f427xx.o(.text)
    ADC_IRQHandler                           0x0800028b   Thumb Code     0  startup_stm32f427xx.o(.text)
    CAN1_SCE_IRQHandler                      0x0800028b   Thumb Code     0  startup_stm32f427xx.o(.text)
    CAN1_TX_IRQHandler                       0x0800028b   Thumb Code     0  startup_stm32f427xx.o(.text)
    CAN2_RX0_IRQHandler                      0x0800028b   Thumb Code     0  startup_stm32f427xx.o(.text)
    CAN2_RX1_IRQHandler                      0x0800028b   Thumb Code     0  startup_stm32f427xx.o(.text)
    CAN2_SCE_IRQHandler                      0x0800028b   Thumb Code     0  startup_stm32f427xx.o(.text)
    CAN2_TX_IRQHandler                       0x0800028b   Thumb Code     0  startup_stm32f427xx.o(.text)
    DCMI_IRQHandler                          0x0800028b   Thumb Code     0  startup_stm32f427xx.o(.text)
    DMA1_Stream0_IRQHandler                  0x0800028b   Thumb Code     0  startup_stm32f427xx.o(.text)
    DMA1_Stream1_IRQHandler                  0x0800028b   Thumb Code     0  startup_stm32f427xx.o(.text)
    DMA1_Stream2_IRQHandler                  0x0800028b   Thumb Code     0  startup_stm32f427xx.o(.text)
    DMA1_Stream3_IRQHandler                  0x0800028b   Thumb Code     0  startup_stm32f427xx.o(.text)
    DMA1_Stream4_IRQHandler                  0x0800028b   Thumb Code     0  startup_stm32f427xx.o(.text)
    DMA1_Stream7_IRQHandler                  0x0800028b   Thumb Code     0  startup_stm32f427xx.o(.text)
    DMA2D_IRQHandler                         0x0800028b   Thumb Code     0  startup_stm32f427xx.o(.text)
    DMA2_Stream0_IRQHandler                  0x0800028b   Thumb Code     0  startup_stm32f427xx.o(.text)
    DMA2_Stream1_IRQHandler                  0x0800028b   Thumb Code     0  startup_stm32f427xx.o(.text)
    DMA2_Stream2_IRQHandler                  0x0800028b   Thumb Code     0  startup_stm32f427xx.o(.text)
    DMA2_Stream3_IRQHandler                  0x0800028b   Thumb Code     0  startup_stm32f427xx.o(.text)
    DMA2_Stream4_IRQHandler                  0x0800028b   Thumb Code     0  startup_stm32f427xx.o(.text)
    DMA2_Stream5_IRQHandler                  0x0800028b   Thumb Code     0  startup_stm32f427xx.o(.text)
    DMA2_Stream6_IRQHandler                  0x0800028b   Thumb Code     0  startup_stm32f427xx.o(.text)
    DMA2_Stream7_IRQHandler                  0x0800028b   Thumb Code     0  startup_stm32f427xx.o(.text)
    ETH_IRQHandler                           0x0800028b   Thumb Code     0  startup_stm32f427xx.o(.text)
    ETH_WKUP_IRQHandler                      0x0800028b   Thumb Code     0  startup_stm32f427xx.o(.text)
    EXTI0_IRQHandler                         0x0800028b   Thumb Code     0  startup_stm32f427xx.o(.text)
    EXTI15_10_IRQHandler                     0x0800028b   Thumb Code     0  startup_stm32f427xx.o(.text)
    EXTI1_IRQHandler                         0x0800028b   Thumb Code     0  startup_stm32f427xx.o(.text)
    EXTI2_IRQHandler                         0x0800028b   Thumb Code     0  startup_stm32f427xx.o(.text)
    EXTI3_IRQHandler                         0x0800028b   Thumb Code     0  startup_stm32f427xx.o(.text)
    EXTI4_IRQHandler                         0x0800028b   Thumb Code     0  startup_stm32f427xx.o(.text)
    EXTI9_5_IRQHandler                       0x0800028b   Thumb Code     0  startup_stm32f427xx.o(.text)
    FLASH_IRQHandler                         0x0800028b   Thumb Code     0  startup_stm32f427xx.o(.text)
    FMC_IRQHandler                           0x0800028b   Thumb Code     0  startup_stm32f427xx.o(.text)
    FPU_IRQHandler                           0x0800028b   Thumb Code     0  startup_stm32f427xx.o(.text)
    HASH_RNG_IRQHandler                      0x0800028b   Thumb Code     0  startup_stm32f427xx.o(.text)
    I2C1_ER_IRQHandler                       0x0800028b   Thumb Code     0  startup_stm32f427xx.o(.text)
    I2C1_EV_IRQHandler                       0x0800028b   Thumb Code     0  startup_stm32f427xx.o(.text)
    I2C2_ER_IRQHandler                       0x0800028b   Thumb Code     0  startup_stm32f427xx.o(.text)
    I2C2_EV_IRQHandler                       0x0800028b   Thumb Code     0  startup_stm32f427xx.o(.text)
    I2C3_ER_IRQHandler                       0x0800028b   Thumb Code     0  startup_stm32f427xx.o(.text)
    I2C3_EV_IRQHandler                       0x0800028b   Thumb Code     0  startup_stm32f427xx.o(.text)
    OTG_FS_IRQHandler                        0x0800028b   Thumb Code     0  startup_stm32f427xx.o(.text)
    OTG_FS_WKUP_IRQHandler                   0x0800028b   Thumb Code     0  startup_stm32f427xx.o(.text)
    OTG_HS_EP1_IN_IRQHandler                 0x0800028b   Thumb Code     0  startup_stm32f427xx.o(.text)
    OTG_HS_EP1_OUT_IRQHandler                0x0800028b   Thumb Code     0  startup_stm32f427xx.o(.text)
    OTG_HS_IRQHandler                        0x0800028b   Thumb Code     0  startup_stm32f427xx.o(.text)
    OTG_HS_WKUP_IRQHandler                   0x0800028b   Thumb Code     0  startup_stm32f427xx.o(.text)
    PVD_IRQHandler                           0x0800028b   Thumb Code     0  startup_stm32f427xx.o(.text)
    RCC_IRQHandler                           0x0800028b   Thumb Code     0  startup_stm32f427xx.o(.text)
    RTC_Alarm_IRQHandler                     0x0800028b   Thumb Code     0  startup_stm32f427xx.o(.text)
    RTC_WKUP_IRQHandler                      0x0800028b   Thumb Code     0  startup_stm32f427xx.o(.text)
    SAI1_IRQHandler                          0x0800028b   Thumb Code     0  startup_stm32f427xx.o(.text)
    SDIO_IRQHandler                          0x0800028b   Thumb Code     0  startup_stm32f427xx.o(.text)
    SPI1_IRQHandler                          0x0800028b   Thumb Code     0  startup_stm32f427xx.o(.text)
    SPI2_IRQHandler                          0x0800028b   Thumb Code     0  startup_stm32f427xx.o(.text)
    SPI3_IRQHandler                          0x0800028b   Thumb Code     0  startup_stm32f427xx.o(.text)
    SPI4_IRQHandler                          0x0800028b   Thumb Code     0  startup_stm32f427xx.o(.text)
    SPI5_IRQHandler                          0x0800028b   Thumb Code     0  startup_stm32f427xx.o(.text)
    SPI6_IRQHandler                          0x0800028b   Thumb Code     0  startup_stm32f427xx.o(.text)
    TAMP_STAMP_IRQHandler                    0x0800028b   Thumb Code     0  startup_stm32f427xx.o(.text)
    TIM1_BRK_TIM9_IRQHandler                 0x0800028b   Thumb Code     0  startup_stm32f427xx.o(.text)
    TIM1_CC_IRQHandler                       0x0800028b   Thumb Code     0  startup_stm32f427xx.o(.text)
    TIM1_TRG_COM_TIM11_IRQHandler            0x0800028b   Thumb Code     0  startup_stm32f427xx.o(.text)
    TIM1_UP_TIM10_IRQHandler                 0x0800028b   Thumb Code     0  startup_stm32f427xx.o(.text)
    TIM2_IRQHandler                          0x0800028b   Thumb Code     0  startup_stm32f427xx.o(.text)
    TIM3_IRQHandler                          0x0800028b   Thumb Code     0  startup_stm32f427xx.o(.text)
    TIM4_IRQHandler                          0x0800028b   Thumb Code     0  startup_stm32f427xx.o(.text)
    TIM5_IRQHandler                          0x0800028b   Thumb Code     0  startup_stm32f427xx.o(.text)
    TIM6_DAC_IRQHandler                      0x0800028b   Thumb Code     0  startup_stm32f427xx.o(.text)
    TIM7_IRQHandler                          0x0800028b   Thumb Code     0  startup_stm32f427xx.o(.text)
    TIM8_BRK_TIM12_IRQHandler                0x0800028b   Thumb Code     0  startup_stm32f427xx.o(.text)
    TIM8_CC_IRQHandler                       0x0800028b   Thumb Code     0  startup_stm32f427xx.o(.text)
    TIM8_TRG_COM_TIM14_IRQHandler            0x0800028b   Thumb Code     0  startup_stm32f427xx.o(.text)
    TIM8_UP_TIM13_IRQHandler                 0x0800028b   Thumb Code     0  startup_stm32f427xx.o(.text)
    UART4_IRQHandler                         0x0800028b   Thumb Code     0  startup_stm32f427xx.o(.text)
    UART5_IRQHandler                         0x0800028b   Thumb Code     0  startup_stm32f427xx.o(.text)
    UART7_IRQHandler                         0x0800028b   Thumb Code     0  startup_stm32f427xx.o(.text)
    UART8_IRQHandler                         0x0800028b   Thumb Code     0  startup_stm32f427xx.o(.text)
    USART1_IRQHandler                        0x0800028b   Thumb Code     0  startup_stm32f427xx.o(.text)
    USART3_IRQHandler                        0x0800028b   Thumb Code     0  startup_stm32f427xx.o(.text)
    USART6_IRQHandler                        0x0800028b   Thumb Code     0  startup_stm32f427xx.o(.text)
    WWDG_IRQHandler                          0x0800028b   Thumb Code     0  startup_stm32f427xx.o(.text)
    __user_initial_stackheap                 0x0800028d   Thumb Code     0  startup_stm32f427xx.o(.text)
    __aeabi_uldivmod                         0x080002b1   Thumb Code     0  lludivv7m.o(.text)
    _ll_udiv                                 0x080002b1   Thumb Code   238  lludivv7m.o(.text)
    __aeabi_memclr4                          0x0800039f   Thumb Code     0  rt_memclr_w.o(.text)
    __aeabi_memclr8                          0x0800039f   Thumb Code     0  rt_memclr_w.o(.text)
    __rt_memclr_w                            0x0800039f   Thumb Code    78  rt_memclr_w.o(.text)
    _memset_w                                0x080003a3   Thumb Code     0  rt_memclr_w.o(.text)
    __use_two_region_memory                  0x080003ed   Thumb Code     2  heapauxi.o(.text)
    __rt_heap_escrow$2region                 0x080003ef   Thumb Code     2  heapauxi.o(.text)
    __rt_heap_expand$2region                 0x080003f1   Thumb Code     2  heapauxi.o(.text)
    __cpp_initialize__aeabi_                 0x080003f5   Thumb Code    26  init_aeabi.o(.text)
    __user_libspace                          0x08000419   Thumb Code     8  libspace.o(.text)
    __user_perproc_libspace                  0x08000419   Thumb Code     0  libspace.o(.text)
    __user_perthread_libspace                0x08000419   Thumb Code     0  libspace.o(.text)
    __user_setup_stackheap                   0x08000421   Thumb Code    74  sys_stackheap_outer.o(.text)
    exit                                     0x0800046b   Thumb Code    18  exit.o(.text)
    _sys_exit                                0x0800047d   Thumb Code     8  sys_exit.o(.text)
    __I$use$semihosting                      0x08000489   Thumb Code     0  use_no_semi.o(.text)
    __use_no_semihosting_swi                 0x08000489   Thumb Code     2  use_no_semi.o(.text)
    BusFault_Handler                         0x0800048b   Thumb Code     4  stm32f4xx_it.o(i.BusFault_Handler)
    __semihosting_library_function           0x0800048b   Thumb Code     0  indicate_semi.o(.text)
    CAN1_RX0_IRQHandler                      0x08000491   Thumb Code    10  stm32f4xx_it.o(i.CAN1_RX0_IRQHandler)
    CAN1_RX1_IRQHandler                      0x080004a1   Thumb Code    10  stm32f4xx_it.o(i.CAN1_RX1_IRQHandler)
    DMA1_Stream5_IRQHandler                  0x080004b1   Thumb Code    10  stm32f4xx_it.o(i.DMA1_Stream5_IRQHandler)
    DMA1_Stream6_IRQHandler                  0x080004c1   Thumb Code    10  stm32f4xx_it.o(i.DMA1_Stream6_IRQHandler)
    DebugMon_Handler                         0x080004d1   Thumb Code     2  stm32f4xx_it.o(i.DebugMon_Handler)
    Error_Handler                            0x080004d3   Thumb Code     6  main.o(i.Error_Handler)
    HAL_CAN_AddTxMessage                     0x080004d9   Thumb Code   330  stm32f4xx_hal_can.o(i.HAL_CAN_AddTxMessage)
    HAL_CAN_ConfigFilter                     0x08000625   Thumb Code   284  stm32f4xx_hal_can.o(i.HAL_CAN_ConfigFilter)
    HAL_CAN_ErrorCallback                    0x08000745   Thumb Code     2  stm32f4xx_hal_can.o(i.HAL_CAN_ErrorCallback)
    HAL_CAN_GetRxMessage                     0x08000747   Thumb Code   404  stm32f4xx_hal_can.o(i.HAL_CAN_GetRxMessage)
    HAL_CAN_IRQHandler                       0x080008db   Thumb Code   590  stm32f4xx_hal_can.o(i.HAL_CAN_IRQHandler)
    HAL_CAN_Init                             0x08000b29   Thumb Code   372  stm32f4xx_hal_can.o(i.HAL_CAN_Init)
    HAL_CAN_MspInit                          0x08000c9d   Thumb Code   156  can.o(i.HAL_CAN_MspInit)
    HAL_CAN_RxFifo0FullCallback              0x08000d45   Thumb Code     2  stm32f4xx_hal_can.o(i.HAL_CAN_RxFifo0FullCallback)
    HAL_CAN_RxFifo0MsgPendingCallback        0x08000d49   Thumb Code    72  drv_can.o(i.HAL_CAN_RxFifo0MsgPendingCallback)
    HAL_CAN_RxFifo1FullCallback              0x08000da1   Thumb Code     2  stm32f4xx_hal_can.o(i.HAL_CAN_RxFifo1FullCallback)
    HAL_CAN_RxFifo1MsgPendingCallback        0x08000da5   Thumb Code    72  drv_can.o(i.HAL_CAN_RxFifo1MsgPendingCallback)
    HAL_CAN_SleepCallback                    0x08000dfd   Thumb Code     2  stm32f4xx_hal_can.o(i.HAL_CAN_SleepCallback)
    HAL_CAN_Start                            0x08000dff   Thumb Code    94  stm32f4xx_hal_can.o(i.HAL_CAN_Start)
    HAL_CAN_TxMailbox0AbortCallback          0x08000e5d   Thumb Code     2  stm32f4xx_hal_can.o(i.HAL_CAN_TxMailbox0AbortCallback)
    HAL_CAN_TxMailbox0CompleteCallback       0x08000e5f   Thumb Code     2  stm32f4xx_hal_can.o(i.HAL_CAN_TxMailbox0CompleteCallback)
    HAL_CAN_TxMailbox1AbortCallback          0x08000e61   Thumb Code     2  stm32f4xx_hal_can.o(i.HAL_CAN_TxMailbox1AbortCallback)
    HAL_CAN_TxMailbox1CompleteCallback       0x08000e63   Thumb Code     2  stm32f4xx_hal_can.o(i.HAL_CAN_TxMailbox1CompleteCallback)
    HAL_CAN_TxMailbox2AbortCallback          0x08000e65   Thumb Code     2  stm32f4xx_hal_can.o(i.HAL_CAN_TxMailbox2AbortCallback)
    HAL_CAN_TxMailbox2CompleteCallback       0x08000e67   Thumb Code     2  stm32f4xx_hal_can.o(i.HAL_CAN_TxMailbox2CompleteCallback)
    HAL_CAN_WakeUpFromRxMsgCallback          0x08000e69   Thumb Code     2  stm32f4xx_hal_can.o(i.HAL_CAN_WakeUpFromRxMsgCallback)
    HAL_DMA_Abort                            0x08000e6b   Thumb Code   172  stm32f4xx_hal_dma.o(i.HAL_DMA_Abort)
    HAL_DMA_Abort_IT                         0x08000f17   Thumb Code    40  stm32f4xx_hal_dma.o(i.HAL_DMA_Abort_IT)
    HAL_DMA_IRQHandler                       0x08000f41   Thumb Code   570  stm32f4xx_hal_dma.o(i.HAL_DMA_IRQHandler)
    HAL_DMA_Init                             0x08001181   Thumb Code   232  stm32f4xx_hal_dma.o(i.HAL_DMA_Init)
    HAL_DMA_Start_IT                         0x0800126d   Thumb Code   146  stm32f4xx_hal_dma.o(i.HAL_DMA_Start_IT)
    HAL_Delay                                0x08001301   Thumb Code    36  stm32f4xx_hal.o(i.HAL_Delay)
    HAL_GPIO_Init                            0x08001329   Thumb Code   474  stm32f4xx_hal_gpio.o(i.HAL_GPIO_Init)
    HAL_GPIO_WritePin                        0x08001539   Thumb Code    12  stm32f4xx_hal_gpio.o(i.HAL_GPIO_WritePin)
    HAL_GetTick                              0x08001545   Thumb Code     6  stm32f4xx_hal.o(i.HAL_GetTick)
    HAL_IncTick                              0x08001551   Thumb Code    16  stm32f4xx_hal.o(i.HAL_IncTick)
    HAL_Init                                 0x08001569   Thumb Code    54  stm32f4xx_hal.o(i.HAL_Init)
    HAL_InitTick                             0x080015a5   Thumb Code    64  stm32f4xx_hal.o(i.HAL_InitTick)
    HAL_MspInit                              0x080015f1   Thumb Code    68  stm32f4xx_hal_msp.o(i.HAL_MspInit)
    HAL_NVIC_EnableIRQ                       0x08001639   Thumb Code    40  stm32f4xx_hal_cortex.o(i.HAL_NVIC_EnableIRQ)
    HAL_NVIC_SetPriority                     0x08001661   Thumb Code   124  stm32f4xx_hal_cortex.o(i.HAL_NVIC_SetPriority)
    HAL_NVIC_SetPriorityGrouping             0x080016dd   Thumb Code    32  stm32f4xx_hal_cortex.o(i.HAL_NVIC_SetPriorityGrouping)
    HAL_PWREx_EnableOverDrive                0x08001705   Thumb Code   128  stm32f4xx_hal_pwr_ex.o(i.HAL_PWREx_EnableOverDrive)
    HAL_RCC_ClockConfig                      0x08001791   Thumb Code   368  stm32f4xx_hal_rcc.o(i.HAL_RCC_ClockConfig)
    HAL_RCC_GetHCLKFreq                      0x08001915   Thumb Code     6  stm32f4xx_hal_rcc.o(i.HAL_RCC_GetHCLKFreq)
    HAL_RCC_GetPCLK1Freq                     0x08001921   Thumb Code    22  stm32f4xx_hal_rcc.o(i.HAL_RCC_GetPCLK1Freq)
    HAL_RCC_GetPCLK2Freq                     0x08001941   Thumb Code    22  stm32f4xx_hal_rcc.o(i.HAL_RCC_GetPCLK2Freq)
    HAL_RCC_GetSysClockFreq                  0x08001961   Thumb Code   162  stm32f4xx_hal_rcc.o(i.HAL_RCC_GetSysClockFreq)
    HAL_RCC_OscConfig                        0x08001a11   Thumb Code  1172  stm32f4xx_hal_rcc.o(i.HAL_RCC_OscConfig)
    HAL_SYSTICK_Config                       0x08001ead   Thumb Code    52  stm32f4xx_hal_cortex.o(i.HAL_SYSTICK_Config)
    HAL_UARTEx_ReceiveToIdle_DMA             0x08001ee1   Thumb Code   112  stm32f4xx_hal_uart.o(i.HAL_UARTEx_ReceiveToIdle_DMA)
    HAL_UARTEx_RxEventCallback               0x08001f51   Thumb Code   326  drv_uart.o(i.HAL_UARTEx_RxEventCallback)
    HAL_UART_ErrorCallback                   0x080020d9   Thumb Code     2  stm32f4xx_hal_uart.o(i.HAL_UART_ErrorCallback)
    HAL_UART_IRQHandler                      0x080020dd   Thumb Code   772  stm32f4xx_hal_uart.o(i.HAL_UART_IRQHandler)
    HAL_UART_Init                            0x080023e5   Thumb Code   118  stm32f4xx_hal_uart.o(i.HAL_UART_Init)
    HAL_UART_MspInit                         0x0800245d   Thumb Code   258  usart.o(i.HAL_UART_MspInit)
    HAL_UART_RxCpltCallback                  0x08002579   Thumb Code     2  stm32f4xx_hal_uart.o(i.HAL_UART_RxCpltCallback)
    HAL_UART_RxHalfCpltCallback              0x0800257b   Thumb Code     2  stm32f4xx_hal_uart.o(i.HAL_UART_RxHalfCpltCallback)
    HAL_UART_Transmit_DMA                    0x0800257d   Thumb Code   144  stm32f4xx_hal_uart.o(i.HAL_UART_Transmit_DMA)
    HAL_UART_TxCpltCallback                  0x08002619   Thumb Code     2  stm32f4xx_hal_uart.o(i.HAL_UART_TxCpltCallback)
    HAL_UART_TxHalfCpltCallback              0x0800261b   Thumb Code     2  stm32f4xx_hal_uart.o(i.HAL_UART_TxHalfCpltCallback)
    HardFault_Handler                        0x0800261d   Thumb Code     4  stm32f4xx_it.o(i.HardFault_Handler)
    MX_CAN1_Init                             0x08002621   Thumb Code    60  can.o(i.MX_CAN1_Init)
    MX_DMA_Init                              0x08002665   Thumb Code    68  dma.o(i.MX_DMA_Init)
    MX_GPIO_Init                             0x080026ad   Thumb Code   170  gpio.o(i.MX_GPIO_Init)
    MX_USART2_UART_Init                      0x08002761   Thumb Code    46  usart.o(i.MX_USART2_UART_Init)
    MemManage_Handler                        0x08002799   Thumb Code     4  stm32f4xx_it.o(i.MemManage_Handler)
    NMI_Handler                              0x0800279d   Thumb Code     4  stm32f4xx_it.o(i.NMI_Handler)
    PendSV_Handler                           0x080027a1   Thumb Code     2  stm32f4xx_it.o(i.PendSV_Handler)
    SVC_Handler                              0x080027a3   Thumb Code     2  stm32f4xx_it.o(i.SVC_Handler)
    SysTick_Handler                          0x080027a5   Thumb Code     8  stm32f4xx_it.o(i.SysTick_Handler)
    SystemInit                               0x080027ad   Thumb Code    14  system_stm32f4xx.o(i.SystemInit)
    UART_Start_Receive_DMA                   0x080027c1   Thumb Code   202  stm32f4xx_hal_uart.o(i.UART_Start_Receive_DMA)
    USART2_IRQHandler                        0x08002899   Thumb Code    10  stm32f4xx_it.o(i.USART2_IRQHandler)
    UsageFault_Handler                       0x080028a9   Thumb Code     4  stm32f4xx_it.o(i.UsageFault_Handler)
    BSP_DC24_LD(Enum_BSP_DC24_Status)        0x080028ad   Thumb Code    16  drv_bsp.o(i._Z11BSP_DC24_LD20Enum_BSP_DC24_Status)
    BSP_DC24_LU(Enum_BSP_DC24_Status)        0x080028c1   Thumb Code    16  drv_bsp.o(i._Z11BSP_DC24_LU20Enum_BSP_DC24_Status)
    BSP_DC24_RD(Enum_BSP_DC24_Status)        0x080028d5   Thumb Code    16  drv_bsp.o(i._Z11BSP_DC24_RD20Enum_BSP_DC24_Status)
    BSP_DC24_RU(Enum_BSP_DC24_Status)        0x080028e9   Thumb Code    16  drv_bsp.o(i._Z11BSP_DC24_RU20Enum_BSP_DC24_Status)
    CAN_Send_Data(CAN_HandleTypeDef*, unsigned short, unsigned char*, unsigned short) 0x080028fd   Thumb Code    40  drv_can.o(i._Z13CAN_Send_DataP17CAN_HandleTypeDeftPht)
    UART_Send_Data(__UART_HandleTypeDef*, unsigned char*, unsigned short) 0x08002925   Thumb Code    20  drv_uart.o(i._Z14UART_Send_DataP20__UART_HandleTypeDefPht)
    allocate_tx_data(CAN_HandleTypeDef*, Enum_CAN_Motor_ID) 0x08002939   Thumb Code    92  dvc_motor.o(i._Z16allocate_tx_dataP17CAN_HandleTypeDef17Enum_CAN_Motor_ID)
    SystemClock_Config()                     0x080029a5   Thumb Code   180  main.o(i._Z18SystemClock_Configv)
    CAN_Motor_Call_Back(Struct_CAN_Rx_Buffer*) 0x08002a61   Thumb Code    28  main.o(i._Z19CAN_Motor_Call_BackP20Struct_CAN_Rx_Buffer)
    CAN_Filter_Mask_Config(CAN_HandleTypeDef*, unsigned char, unsigned, unsigned) 0x08002a81   Thumb Code   110  drv_can.o(i._Z22CAN_Filter_Mask_ConfigP17CAN_HandleTypeDefhjj)
    TIM_CAN_PeriodElapsedCallback()          0x08002af1   Thumb Code    40  drv_can.o(i._Z29TIM_CAN_PeriodElapsedCallbackv)
    TIM_UART_PeriodElapsedCallback()         0x08002b25   Thumb Code    14  drv_uart.o(i._Z30TIM_UART_PeriodElapsedCallbackv)
    BSP_Init(unsigned, float, float)         0x08002b3d   Thumb Code   154  drv_bsp.o(i._Z8BSP_Initjff)
    CAN_Init(CAN_HandleTypeDef*, void(*)(Struct_CAN_Rx_Buffer*)) 0x08002bd9   Thumb Code   116  drv_can.o(i._Z8CAN_InitP17CAN_HandleTypeDefPFvP20Struct_CAN_Rx_BufferE)
    BSP_LED_1(Enum_BSP_LED_Status)           0x08002c5d   Thumb Code    16  drv_bsp.o(i._Z9BSP_LED_119Enum_BSP_LED_Status)
    BSP_LED_2(Enum_BSP_LED_Status)           0x08002c71   Thumb Code    16  drv_bsp.o(i._Z9BSP_LED_219Enum_BSP_LED_Status)
    BSP_LED_3(Enum_BSP_LED_Status)           0x08002c85   Thumb Code    16  drv_bsp.o(i._Z9BSP_LED_319Enum_BSP_LED_Status)
    BSP_LED_4(Enum_BSP_LED_Status)           0x08002c99   Thumb Code    16  drv_bsp.o(i._Z9BSP_LED_419Enum_BSP_LED_Status)
    BSP_LED_5(Enum_BSP_LED_Status)           0x08002cad   Thumb Code    16  drv_bsp.o(i._Z9BSP_LED_519Enum_BSP_LED_Status)
    BSP_LED_6(Enum_BSP_LED_Status)           0x08002cc1   Thumb Code    16  drv_bsp.o(i._Z9BSP_LED_619Enum_BSP_LED_Status)
    BSP_LED_7(Enum_BSP_LED_Status)           0x08002cd5   Thumb Code    16  drv_bsp.o(i._Z9BSP_LED_719Enum_BSP_LED_Status)
    BSP_LED_8(Enum_BSP_LED_Status)           0x08002ce9   Thumb Code    18  drv_bsp.o(i._Z9BSP_LED_819Enum_BSP_LED_Status)
    BSP_LED_G(Enum_BSP_LED_Status)           0x08002d01   Thumb Code    18  drv_bsp.o(i._Z9BSP_LED_G19Enum_BSP_LED_Status)
    BSP_LED_R(Enum_BSP_LED_Status)           0x08002d19   Thumb Code    18  drv_bsp.o(i._Z9BSP_LED_R19Enum_BSP_LED_Status)
    UART_Init(__UART_HandleTypeDef*, void(*)(unsigned char*, unsigned short), unsigned short) 0x08002d31   Thumb Code   296  drv_uart.o(i._Z9UART_InitP20__UART_HandleTypeDefPFvPhtEt)
    Class_Motor_C620::Get_Now_Angle()        0x08002e99   Thumb Code     6  dvc_motor.o(i._ZN16Class_Motor_C62013Get_Now_AngleEv)
    Class_Motor_C620::Get_Now_Omega()        0x08002e9f   Thumb Code     6  dvc_motor.o(i._ZN16Class_Motor_C62013Get_Now_OmegaEv)
    Class_Motor_C620::Get_Target_Angle()     0x08002ea5   Thumb Code     6  dvc_motor.o(i._ZN16Class_Motor_C62016Get_Target_AngleEv)
    Class_Motor_C620::Get_Target_Omega()     0x08002eab   Thumb Code     6  dvc_motor.o(i._ZN16Class_Motor_C62016Get_Target_OmegaEv)
    Class_Motor_C620::Set_Target_Angle(float) 0x08002eb1   Thumb Code     6  dvc_motor.o(i._ZN16Class_Motor_C62016Set_Target_AngleEf)
    Class_Motor_C620::CAN_RxCpltCallback(unsigned char*) 0x08002eb9   Thumb Code   218  dvc_motor.o(i._ZN16Class_Motor_C62018CAN_RxCpltCallbackEPh)
    Class_Motor_C620::TIM_PID_PeriodElapsedCallback() 0x08002f9d   Thumb Code   300  dvc_motor.o(i._ZN16Class_Motor_C62029TIM_PID_PeriodElapsedCallbackEv)
    Class_Motor_C620::Init(CAN_HandleTypeDef*, Enum_CAN_Motor_ID, Enum_Control_Method, float, float) 0x080030cd   Thumb Code    70  dvc_motor.o(i._ZN16Class_Motor_C6204InitEP17CAN_HandleTypeDef17Enum_CAN_Motor_ID19Enum_Control_Methodff)
    Class_Motor_C620::Output()               0x08003125   Thumb Code    40  dvc_motor.o(i._ZN16Class_Motor_C6206OutputEv)
    Class_Motor_C620::Set_Out(float)         0x0800314d   Thumb Code     6  dvc_motor.o(i._ZN16Class_Motor_C6207Set_OutEf)
    Class_Motor_C620::Class_Motor_C620()     0x08003155   Thumb Code   144  main.o(i._ZN16Class_Motor_C620C1Ev)
    Class_Motor_C620::Class_Motor_C620__sub_object() 0x08003155   Thumb Code     0  main.o(i._ZN16Class_Motor_C620C1Ev)
    Class_Serialplot::TIM_Write_PeriodElapsedCallback() 0x080031f1   Thumb Code    12  dvc_serialplot.o(i._ZN16Class_Serialplot31TIM_Write_PeriodElapsedCallbackEv)
    Class_Serialplot::Init(__UART_HandleTypeDef*, unsigned char, char**, Enum_Serialplot_Data_Type, unsigned char) 0x080031fd   Thumb Code   130  dvc_serialplot.o(i._ZN16Class_Serialplot4InitEP20__UART_HandleTypeDefhPPc25Enum_Serialplot_Data_Typeh)
    Class_Serialplot::Output()               0x080032c1   Thumb Code   224  dvc_serialplot.o(i._ZN16Class_Serialplot6OutputEv)
    Class_Serialplot::Set_Data(unsigned char, ...) 0x080033a1   Thumb Code    58  dvc_serialplot.o(i._ZN16Class_Serialplot8Set_DataEhz)
    Class_PID::Set_Target(float)             0x08003af9   Thumb Code     6  alg_pid.o(i._ZN9Class_PID10Set_TargetEf)
    Class_PID::TIM_Adjust_PeriodElapsedCallback() 0x08003b01   Thumb Code   622  alg_pid.o(i._ZN9Class_PID32TIM_Adjust_PeriodElapsedCallbackEv)
    Class_PID::Init(float, float, float, float, float, float, float, float, float, float, float, Enum_PID_D_First) 0x08003d75   Thumb Code    48  alg_pid.o(i._ZN9Class_PID4InitEfffffffffff16Enum_PID_D_First)
    Class_PID::Get_Out()                     0x08003da5   Thumb Code     6  alg_pid.o(i._ZN9Class_PID7Get_OutEv)
    Class_PID::Set_Now(float)                0x08003dab   Thumb Code     6  alg_pid.o(i._ZN9Class_PID7Set_NowEf)
    Class_PID::Class_PID()                   0x08003db1   Thumb Code   138  main.o(i._ZN9Class_PIDC1Ev)
    Class_PID::Class_PID__sub_object()       0x08003db1   Thumb Code     0  main.o(i._ZN9Class_PIDC1Ev)
    main                                     0x08003e6d   Thumb Code   374  main.o(i.main)
    void Math_Constrain<float>(T1*, T1, T1)  0x08004029   Thumb Code    40  alg_pid.o(t._Z14Math_ConstrainIfEvPT_S0_S0_)
    T1 Math_Abs<float>(T1)                   0x08004051   Thumb Code    26  alg_pid.o(t._Z8Math_AbsIfET_S0_)
    _fp_init                                 0x0800406b   Thumb Code    10  fpinit.o(x$fpl$fpinit)
    __fplib_config_fpu_vfp                   0x08004073   Thumb Code     0  fpinit.o(x$fpl$fpinit)
    __fplib_config_pureend_doubles           0x08004073   Thumb Code     0  fpinit.o(x$fpl$fpinit)
    AHBPrescTable                            0x0800407c   Data          16  system_stm32f4xx.o(.constdata)
    APBPrescTable                            0x0800408c   Data           8  system_stm32f4xx.o(.constdata)
    Region$$Table$$Base                      0x08004094   Number         0  anon$$obj.o(Region$$Table)
    Region$$Table$$Limit                     0x080040b4   Number         0  anon$$obj.o(Region$$Table)
    SHT$$INIT_ARRAY$$Base                    0x080040b4   Number         0  main.o(.init_array)
    SHT$$INIT_ARRAY$$Limit                   0x080040b8   Number         0  init_aeabi.o(.init_array)
    Target_Angle                             0x20000000   Data           4  main.o(.data)
    Now_Angle                                0x20000004   Data           4  main.o(.data)
    Target_Omega                             0x20000008   Data           4  main.o(.data)
    Now_Omega                                0x2000000c   Data           4  main.o(.data)
    Counter                                  0x20000010   Data           4  main.o(.data)
    CAN1_0x1ff_Tx_Data                       0x2000026c   Data           8  drv_can.o(.data)
    CAN1_0x200_Tx_Data                       0x20000274   Data           8  drv_can.o(.data)
    CAN1_0x2ff_Tx_Data                       0x2000027c   Data           8  drv_can.o(.data)
    CAN2_0x1ff_Tx_Data                       0x20000284   Data           8  drv_can.o(.data)
    CAN2_0x200_Tx_Data                       0x2000028c   Data           8  drv_can.o(.data)
    CAN2_0x2ff_Tx_Data                       0x20000294   Data           8  drv_can.o(.data)
    CAN_Supercap_Tx_Data                     0x2000029c   Data           8  drv_can.o(.data)
    uwTick                                   0x200002a8   Data           4  stm32f4xx_hal.o(.data)
    uwTickPrio                               0x200002ac   Data           4  stm32f4xx_hal.o(.data)
    uwTickFreq                               0x200002b0   Data           1  stm32f4xx_hal.o(.data)
    SystemCoreClock                          0x200002b4   Data           4  system_stm32f4xx.o(.data)
    serialplot                               0x200002b8   Data          72  main.o(.bss)
    motor                                    0x20000300   Data         248  main.o(.bss)
    hcan1                                    0x200003f8   Data          40  can.o(.bss)
    huart2                                   0x20000420   Data          72  usart.o(.bss)
    hdma_usart2_rx                           0x20000468   Data          96  usart.o(.bss)
    hdma_usart2_tx                           0x200004c8   Data          96  usart.o(.bss)
    UART1_Manage_Object                      0x20000528   Data         524  drv_uart.o(.bss)
    UART2_Manage_Object                      0x20000734   Data         524  drv_uart.o(.bss)
    UART3_Manage_Object                      0x20000940   Data         524  drv_uart.o(.bss)
    UART4_Manage_Object                      0x20000b4c   Data         524  drv_uart.o(.bss)
    UART5_Manage_Object                      0x20000d58   Data         524  drv_uart.o(.bss)
    UART6_Manage_Object                      0x20000f64   Data         524  drv_uart.o(.bss)
    UART7_Manage_Object                      0x20001170   Data         524  drv_uart.o(.bss)
    UART8_Manage_Object                      0x2000137c   Data         524  drv_uart.o(.bss)
    CAN1_Manage_Object                       0x20001588   Data          44  drv_can.o(.bss)
    CAN2_Manage_Object                       0x200015b4   Data          44  drv_can.o(.bss)
    __libspace_start                         0x200015e0   Data          96  libspace.o(.bss)
    __temporary_stack_top$libspace           0x20001640   Data           0  libspace.o(.bss)



==============================================================================

Memory Map of the image

  Image Entry point : 0x080001ad

  Load Region LR_IROM1 (Base: 0x08000000, Size: 0x00004370, Max: 0x00200000, ABSOLUTE, COMPRESSED[0x000040dc])

    Execution Region ER_IROM1 (Exec base: 0x08000000, Load base: 0x08000000, Size: 0x000040b8, Max: 0x00200000, ABSOLUTE)

    Exec Addr    Load Addr    Size         Type   Attr      Idx    E Section Name        Object

    0x08000000   0x08000000   0x000001ac   Data   RO            3    RESET               startup_stm32f427xx.o
    0x080001ac   0x080001ac   0x00000008   Code   RO         3727  * !!!main             c_w.l(__main.o)
    0x080001b4   0x080001b4   0x00000034   Code   RO         3971    !!!scatter          c_w.l(__scatter.o)
    0x080001e8   0x080001e8   0x0000003a   Code   RO         3969    !!dczerorl          c_w.l(__dczerorl.o)
    0x08000222   0x08000222   0x00000002   PAD
    0x08000224   0x08000224   0x0000001c   Code   RO         3973    !!handler_zi        c_w.l(__scatter_zi.o)
    0x08000240   0x08000240   0x00000002   Code   RO         3893    .ARM.Collect$$libinit$$00000000  c_w.l(libinit.o)
    0x08000242   0x08000242   0x00000004   Code   RO         3772    .ARM.Collect$$libinit$$00000001  c_w.l(libinit2.o)
    0x08000246   0x08000246   0x00000000   Code   RO         3775    .ARM.Collect$$libinit$$00000004  c_w.l(libinit2.o)
    0x08000246   0x08000246   0x00000000   Code   RO         3778    .ARM.Collect$$libinit$$0000000A  c_w.l(libinit2.o)
    0x08000246   0x08000246   0x00000000   Code   RO         3780    .ARM.Collect$$libinit$$0000000C  c_w.l(libinit2.o)
    0x08000246   0x08000246   0x00000000   Code   RO         3782    .ARM.Collect$$libinit$$0000000E  c_w.l(libinit2.o)
    0x08000246   0x08000246   0x00000000   Code   RO         3785    .ARM.Collect$$libinit$$00000011  c_w.l(libinit2.o)
    0x08000246   0x08000246   0x00000000   Code   RO         3787    .ARM.Collect$$libinit$$00000013  c_w.l(libinit2.o)
    0x08000246   0x08000246   0x00000000   Code   RO         3789    .ARM.Collect$$libinit$$00000015  c_w.l(libinit2.o)
    0x08000246   0x08000246   0x00000000   Code   RO         3791    .ARM.Collect$$libinit$$00000017  c_w.l(libinit2.o)
    0x08000246   0x08000246   0x00000000   Code   RO         3793    .ARM.Collect$$libinit$$00000019  c_w.l(libinit2.o)
    0x08000246   0x08000246   0x00000000   Code   RO         3795    .ARM.Collect$$libinit$$0000001B  c_w.l(libinit2.o)
    0x08000246   0x08000246   0x00000000   Code   RO         3797    .ARM.Collect$$libinit$$0000001D  c_w.l(libinit2.o)
    0x08000246   0x08000246   0x00000000   Code   RO         3799    .ARM.Collect$$libinit$$0000001F  c_w.l(libinit2.o)
    0x08000246   0x08000246   0x00000000   Code   RO         3801    .ARM.Collect$$libinit$$00000021  c_w.l(libinit2.o)
    0x08000246   0x08000246   0x00000000   Code   RO         3803    .ARM.Collect$$libinit$$00000023  c_w.l(libinit2.o)
    0x08000246   0x08000246   0x00000000   Code   RO         3805    .ARM.Collect$$libinit$$00000025  c_w.l(libinit2.o)
    0x08000246   0x08000246   0x00000000   Code   RO         3809    .ARM.Collect$$libinit$$0000002C  c_w.l(libinit2.o)
    0x08000246   0x08000246   0x00000000   Code   RO         3811    .ARM.Collect$$libinit$$0000002E  c_w.l(libinit2.o)
    0x08000246   0x08000246   0x00000000   Code   RO         3813    .ARM.Collect$$libinit$$00000030  c_w.l(libinit2.o)
    0x08000246   0x08000246   0x00000004   Code   RO         3814    .ARM.Collect$$libinit$$00000031  c_w.l(libinit2.o)
    0x0800024a   0x0800024a   0x00000000   Code   RO         3815    .ARM.Collect$$libinit$$00000032  c_w.l(libinit2.o)
    0x0800024a   0x0800024a   0x00000002   Code   RO         3816    .ARM.Collect$$libinit$$00000033  c_w.l(libinit2.o)
    0x0800024c   0x0800024c   0x00000002   Code   RO         3934    .ARM.Collect$$libshutdown$$00000000  c_w.l(libshutdown.o)
    0x0800024e   0x0800024e   0x00000000   Code   RO         3950    .ARM.Collect$$libshutdown$$00000002  c_w.l(libshutdown2.o)
    0x0800024e   0x0800024e   0x00000000   Code   RO         3952    .ARM.Collect$$libshutdown$$00000004  c_w.l(libshutdown2.o)
    0x0800024e   0x0800024e   0x00000000   Code   RO         3954    .ARM.Collect$$libshutdown$$00000006  c_w.l(libshutdown2.o)
    0x0800024e   0x0800024e   0x00000000   Code   RO         3957    .ARM.Collect$$libshutdown$$00000009  c_w.l(libshutdown2.o)
    0x0800024e   0x0800024e   0x00000000   Code   RO         3960    .ARM.Collect$$libshutdown$$0000000C  c_w.l(libshutdown2.o)
    0x0800024e   0x0800024e   0x00000000   Code   RO         3962    .ARM.Collect$$libshutdown$$0000000E  c_w.l(libshutdown2.o)
    0x0800024e   0x0800024e   0x00000000   Code   RO         3965    .ARM.Collect$$libshutdown$$00000011  c_w.l(libshutdown2.o)
    0x0800024e   0x0800024e   0x00000002   Code   RO         3966    .ARM.Collect$$libshutdown$$00000012  c_w.l(libshutdown2.o)
    0x08000250   0x08000250   0x00000000   Code   RO         3765    .ARM.Collect$$rtentry$$00000000  c_w.l(__rtentry.o)
    0x08000250   0x08000250   0x00000000   Code   RO         3848    .ARM.Collect$$rtentry$$00000002  c_w.l(__rtentry2.o)
    0x08000250   0x08000250   0x00000006   Code   RO         3860    .ARM.Collect$$rtentry$$00000004  c_w.l(__rtentry4.o)
    0x08000256   0x08000256   0x00000000   Code   RO         3850    .ARM.Collect$$rtentry$$00000009  c_w.l(__rtentry2.o)
    0x08000256   0x08000256   0x00000004   Code   RO         3851    .ARM.Collect$$rtentry$$0000000A  c_w.l(__rtentry2.o)
    0x0800025a   0x0800025a   0x00000000   Code   RO         3853    .ARM.Collect$$rtentry$$0000000C  c_w.l(__rtentry2.o)
    0x0800025a   0x0800025a   0x00000008   Code   RO         3854    .ARM.Collect$$rtentry$$0000000D  c_w.l(__rtentry2.o)
    0x08000262   0x08000262   0x00000002   Code   RO         3896    .ARM.Collect$$rtexit$$00000000  c_w.l(rtexit.o)
    0x08000264   0x08000264   0x00000000   Code   RO         3916    .ARM.Collect$$rtexit$$00000002  c_w.l(rtexit2.o)
    0x08000264   0x08000264   0x00000004   Code   RO         3917    .ARM.Collect$$rtexit$$00000003  c_w.l(rtexit2.o)
    0x08000268   0x08000268   0x00000006   Code   RO         3918    .ARM.Collect$$rtexit$$00000004  c_w.l(rtexit2.o)
    0x0800026e   0x0800026e   0x00000002   PAD
    0x08000270   0x08000270   0x00000040   Code   RO            4    .text               startup_stm32f427xx.o
    0x080002b0   0x080002b0   0x000000ee   Code   RO         3719    .text               c_w.l(lludivv7m.o)
    0x0800039e   0x0800039e   0x0000004e   Code   RO         3721    .text               c_w.l(rt_memclr_w.o)
    0x080003ec   0x080003ec   0x00000006   Code   RO         3725    .text               c_w.l(heapauxi.o)
    0x080003f2   0x080003f2   0x00000002   PAD
    0x080003f4   0x080003f4   0x00000024   Code   RO         3732    .text               c_w.l(init_aeabi.o)
    0x08000418   0x08000418   0x00000008   Code   RO         3873    .text               c_w.l(libspace.o)
    0x08000420   0x08000420   0x0000004a   Code   RO         3876    .text               c_w.l(sys_stackheap_outer.o)
    0x0800046a   0x0800046a   0x00000012   Code   RO         3878    .text               c_w.l(exit.o)
    0x0800047c   0x0800047c   0x0000000c   Code   RO         3910    .text               c_w.l(sys_exit.o)
    0x08000488   0x08000488   0x00000002   Code   RO         3912    .text               c_w.l(use_no_semi.o)
    0x0800048a   0x0800048a   0x00000000   Code   RO         3914    .text               c_w.l(indicate_semi.o)
    0x0800048a   0x0800048a   0x00000004   Code   RO          368    i.BusFault_Handler  stm32f4xx_it.o
    0x0800048e   0x0800048e   0x00000002   PAD
    0x08000490   0x08000490   0x00000010   Code   RO          369    i.CAN1_RX0_IRQHandler  stm32f4xx_it.o
    0x080004a0   0x080004a0   0x00000010   Code   RO          370    i.CAN1_RX1_IRQHandler  stm32f4xx_it.o
    0x080004b0   0x080004b0   0x00000010   Code   RO          371    i.DMA1_Stream5_IRQHandler  stm32f4xx_it.o
    0x080004c0   0x080004c0   0x00000010   Code   RO          372    i.DMA1_Stream6_IRQHandler  stm32f4xx_it.o
    0x080004d0   0x080004d0   0x00000002   Code   RO          373    i.DebugMon_Handler  stm32f4xx_it.o
    0x080004d2   0x080004d2   0x00000006   Code   RO           13    i.Error_Handler     main.o
    0x080004d8   0x080004d8   0x0000014a   Code   RO         1514    i.HAL_CAN_AddTxMessage  stm32f4xx_hal_can.o
    0x08000622   0x08000622   0x00000002   PAD
    0x08000624   0x08000624   0x00000120   Code   RO         1515    i.HAL_CAN_ConfigFilter  stm32f4xx_hal_can.o
    0x08000744   0x08000744   0x00000002   Code   RO         1518    i.HAL_CAN_ErrorCallback  stm32f4xx_hal_can.o
    0x08000746   0x08000746   0x00000194   Code   RO         1521    i.HAL_CAN_GetRxMessage  stm32f4xx_hal_can.o
    0x080008da   0x080008da   0x0000024e   Code   RO         1525    i.HAL_CAN_IRQHandler  stm32f4xx_hal_can.o
    0x08000b28   0x08000b28   0x00000174   Code   RO         1526    i.HAL_CAN_Init      stm32f4xx_hal_can.o
    0x08000c9c   0x08000c9c   0x000000a8   Code   RO          254    i.HAL_CAN_MspInit   can.o
    0x08000d44   0x08000d44   0x00000002   Code   RO         1533    i.HAL_CAN_RxFifo0FullCallback  stm32f4xx_hal_can.o
    0x08000d46   0x08000d46   0x00000002   PAD
    0x08000d48   0x08000d48   0x00000058   Code   RO          785    i.HAL_CAN_RxFifo0MsgPendingCallback  drv_can.o
    0x08000da0   0x08000da0   0x00000002   Code   RO         1535    i.HAL_CAN_RxFifo1FullCallback  stm32f4xx_hal_can.o
    0x08000da2   0x08000da2   0x00000002   PAD
    0x08000da4   0x08000da4   0x00000058   Code   RO          786    i.HAL_CAN_RxFifo1MsgPendingCallback  drv_can.o
    0x08000dfc   0x08000dfc   0x00000002   Code   RO         1537    i.HAL_CAN_SleepCallback  stm32f4xx_hal_can.o
    0x08000dfe   0x08000dfe   0x0000005e   Code   RO         1538    i.HAL_CAN_Start     stm32f4xx_hal_can.o
    0x08000e5c   0x08000e5c   0x00000002   Code   RO         1540    i.HAL_CAN_TxMailbox0AbortCallback  stm32f4xx_hal_can.o
    0x08000e5e   0x08000e5e   0x00000002   Code   RO         1541    i.HAL_CAN_TxMailbox0CompleteCallback  stm32f4xx_hal_can.o
    0x08000e60   0x08000e60   0x00000002   Code   RO         1542    i.HAL_CAN_TxMailbox1AbortCallback  stm32f4xx_hal_can.o
    0x08000e62   0x08000e62   0x00000002   Code   RO         1543    i.HAL_CAN_TxMailbox1CompleteCallback  stm32f4xx_hal_can.o
    0x08000e64   0x08000e64   0x00000002   Code   RO         1544    i.HAL_CAN_TxMailbox2AbortCallback  stm32f4xx_hal_can.o
    0x08000e66   0x08000e66   0x00000002   Code   RO         1545    i.HAL_CAN_TxMailbox2CompleteCallback  stm32f4xx_hal_can.o
    0x08000e68   0x08000e68   0x00000002   Code   RO         1547    i.HAL_CAN_WakeUpFromRxMsgCallback  stm32f4xx_hal_can.o
    0x08000e6a   0x08000e6a   0x000000ac   Code   RO         2418    i.HAL_DMA_Abort     stm32f4xx_hal_dma.o
    0x08000f16   0x08000f16   0x00000028   Code   RO         2419    i.HAL_DMA_Abort_IT  stm32f4xx_hal_dma.o
    0x08000f3e   0x08000f3e   0x00000002   PAD
    0x08000f40   0x08000f40   0x00000240   Code   RO         2423    i.HAL_DMA_IRQHandler  stm32f4xx_hal_dma.o
    0x08001180   0x08001180   0x000000ec   Code   RO         2424    i.HAL_DMA_Init      stm32f4xx_hal_dma.o
    0x0800126c   0x0800126c   0x00000092   Code   RO         2427    i.HAL_DMA_Start_IT  stm32f4xx_hal_dma.o
    0x080012fe   0x080012fe   0x00000002   PAD
    0x08001300   0x08001300   0x00000028   Code   RO         2945    i.HAL_Delay         stm32f4xx_hal.o
    0x08001328   0x08001328   0x00000210   Code   RO         2302    i.HAL_GPIO_Init     stm32f4xx_hal_gpio.o
    0x08001538   0x08001538   0x0000000c   Code   RO         2306    i.HAL_GPIO_WritePin  stm32f4xx_hal_gpio.o
    0x08001544   0x08001544   0x0000000c   Code   RO         2953    i.HAL_GetTick       stm32f4xx_hal.o
    0x08001550   0x08001550   0x00000018   Code   RO         2959    i.HAL_IncTick       stm32f4xx_hal.o
    0x08001568   0x08001568   0x0000003c   Code   RO         2960    i.HAL_Init          stm32f4xx_hal.o
    0x080015a4   0x080015a4   0x0000004c   Code   RO         2961    i.HAL_InitTick      stm32f4xx_hal.o
    0x080015f0   0x080015f0   0x00000048   Code   RO          488    i.HAL_MspInit       stm32f4xx_hal_msp.o
    0x08001638   0x08001638   0x00000028   Code   RO         2765    i.HAL_NVIC_EnableIRQ  stm32f4xx_hal_cortex.o
    0x08001660   0x08001660   0x0000007c   Code   RO         2771    i.HAL_NVIC_SetPriority  stm32f4xx_hal_cortex.o
    0x080016dc   0x080016dc   0x00000028   Code   RO         2772    i.HAL_NVIC_SetPriorityGrouping  stm32f4xx_hal_cortex.o
    0x08001704   0x08001704   0x0000008c   Code   RO         2682    i.HAL_PWREx_EnableOverDrive  stm32f4xx_hal_pwr_ex.o
    0x08001790   0x08001790   0x00000184   Code   RO         1783    i.HAL_RCC_ClockConfig  stm32f4xx_hal_rcc.o
    0x08001914   0x08001914   0x0000000c   Code   RO         1788    i.HAL_RCC_GetHCLKFreq  stm32f4xx_hal_rcc.o
    0x08001920   0x08001920   0x00000020   Code   RO         1790    i.HAL_RCC_GetPCLK1Freq  stm32f4xx_hal_rcc.o
    0x08001940   0x08001940   0x00000020   Code   RO         1791    i.HAL_RCC_GetPCLK2Freq  stm32f4xx_hal_rcc.o
    0x08001960   0x08001960   0x000000b0   Code   RO         1792    i.HAL_RCC_GetSysClockFreq  stm32f4xx_hal_rcc.o
    0x08001a10   0x08001a10   0x0000049c   Code   RO         1795    i.HAL_RCC_OscConfig  stm32f4xx_hal_rcc.o
    0x08001eac   0x08001eac   0x00000034   Code   RO         2776    i.HAL_SYSTICK_Config  stm32f4xx_hal_cortex.o
    0x08001ee0   0x08001ee0   0x00000070   Code   RO         3256    i.HAL_UARTEx_ReceiveToIdle_DMA  stm32f4xx_hal_uart.o
    0x08001f50   0x08001f50   0x00000188   Code   RO          732    i.HAL_UARTEx_RxEventCallback  drv_uart.o
    0x080020d8   0x080020d8   0x00000002   Code   RO         3272    i.HAL_UART_ErrorCallback  stm32f4xx_hal_uart.o
    0x080020da   0x080020da   0x00000002   PAD
    0x080020dc   0x080020dc   0x00000308   Code   RO         3275    i.HAL_UART_IRQHandler  stm32f4xx_hal_uart.o
    0x080023e4   0x080023e4   0x00000076   Code   RO         3276    i.HAL_UART_Init     stm32f4xx_hal_uart.o
    0x0800245a   0x0800245a   0x00000002   PAD
    0x0800245c   0x0800245c   0x0000011c   Code   RO          324    i.HAL_UART_MspInit  usart.o
    0x08002578   0x08002578   0x00000002   Code   RO         3282    i.HAL_UART_RxCpltCallback  stm32f4xx_hal_uart.o
    0x0800257a   0x0800257a   0x00000002   Code   RO         3283    i.HAL_UART_RxHalfCpltCallback  stm32f4xx_hal_uart.o
    0x0800257c   0x0800257c   0x0000009c   Code   RO         3285    i.HAL_UART_Transmit_DMA  stm32f4xx_hal_uart.o
    0x08002618   0x08002618   0x00000002   Code   RO         3287    i.HAL_UART_TxCpltCallback  stm32f4xx_hal_uart.o
    0x0800261a   0x0800261a   0x00000002   Code   RO         3288    i.HAL_UART_TxHalfCpltCallback  stm32f4xx_hal_uart.o
    0x0800261c   0x0800261c   0x00000004   Code   RO          374    i.HardFault_Handler  stm32f4xx_it.o
    0x08002620   0x08002620   0x00000044   Code   RO          255    i.MX_CAN1_Init      can.o
    0x08002664   0x08002664   0x00000048   Code   RO          298    i.MX_DMA_Init       dma.o
    0x080026ac   0x080026ac   0x000000b4   Code   RO          228    i.MX_GPIO_Init      gpio.o
    0x08002760   0x08002760   0x00000038   Code   RO          325    i.MX_USART2_UART_Init  usart.o
    0x08002798   0x08002798   0x00000004   Code   RO          375    i.MemManage_Handler  stm32f4xx_it.o
    0x0800279c   0x0800279c   0x00000004   Code   RO          376    i.NMI_Handler       stm32f4xx_it.o
    0x080027a0   0x080027a0   0x00000002   Code   RO          377    i.PendSV_Handler    stm32f4xx_it.o
    0x080027a2   0x080027a2   0x00000002   Code   RO          378    i.SVC_Handler       stm32f4xx_it.o
    0x080027a4   0x080027a4   0x00000008   Code   RO          379    i.SysTick_Handler   stm32f4xx_it.o
    0x080027ac   0x080027ac   0x00000014   Code   RO         3682    i.SystemInit        system_stm32f4xx.o
    0x080027c0   0x080027c0   0x000000d8   Code   RO         3289    i.UART_Start_Receive_DMA  stm32f4xx_hal_uart.o
    0x08002898   0x08002898   0x00000010   Code   RO          380    i.USART2_IRQHandler  stm32f4xx_it.o
    0x080028a8   0x080028a8   0x00000004   Code   RO          381    i.UsageFault_Handler  stm32f4xx_it.o
    0x080028ac   0x080028ac   0x00000014   Code   RO          922    i._Z11BSP_DC24_LD20Enum_BSP_DC24_Status  drv_bsp.o
    0x080028c0   0x080028c0   0x00000014   Code   RO          923    i._Z11BSP_DC24_LU20Enum_BSP_DC24_Status  drv_bsp.o
    0x080028d4   0x080028d4   0x00000014   Code   RO          924    i._Z11BSP_DC24_RD20Enum_BSP_DC24_Status  drv_bsp.o
    0x080028e8   0x080028e8   0x00000014   Code   RO          925    i._Z11BSP_DC24_RU20Enum_BSP_DC24_Status  drv_bsp.o
    0x080028fc   0x080028fc   0x00000028   Code   RO          787    i._Z13CAN_Send_DataP17CAN_HandleTypeDeftPht  drv_can.o
    0x08002924   0x08002924   0x00000014   Code   RO          733    i._Z14UART_Send_DataP20__UART_HandleTypeDefPht  drv_uart.o
    0x08002938   0x08002938   0x0000006c   Code   RO         1045    i._Z16allocate_tx_dataP17CAN_HandleTypeDef17Enum_CAN_Motor_ID  dvc_motor.o
    0x080029a4   0x080029a4   0x000000bc   Code   RO           14    i._Z18SystemClock_Configv  main.o
    0x08002a60   0x08002a60   0x00000020   Code   RO           15    i._Z19CAN_Motor_Call_BackP20Struct_CAN_Rx_Buffer  main.o
    0x08002a80   0x08002a80   0x0000006e   Code   RO          788    i._Z22CAN_Filter_Mask_ConfigP17CAN_HandleTypeDefhjj  drv_can.o
    0x08002aee   0x08002aee   0x00000002   PAD
    0x08002af0   0x08002af0   0x00000034   Code   RO          789    i._Z29TIM_CAN_PeriodElapsedCallbackv  drv_can.o
    0x08002b24   0x08002b24   0x00000018   Code   RO          734    i._Z30TIM_UART_PeriodElapsedCallbackv  drv_uart.o
    0x08002b3c   0x08002b3c   0x0000009a   Code   RO          926    i._Z8BSP_Initjff    drv_bsp.o
    0x08002bd6   0x08002bd6   0x00000002   PAD
    0x08002bd8   0x08002bd8   0x00000084   Code   RO          790    i._Z8CAN_InitP17CAN_HandleTypeDefPFvP20Struct_CAN_Rx_BufferE  drv_can.o
    0x08002c5c   0x08002c5c   0x00000014   Code   RO          927    i._Z9BSP_LED_119Enum_BSP_LED_Status  drv_bsp.o
    0x08002c70   0x08002c70   0x00000014   Code   RO          928    i._Z9BSP_LED_219Enum_BSP_LED_Status  drv_bsp.o
    0x08002c84   0x08002c84   0x00000014   Code   RO          929    i._Z9BSP_LED_319Enum_BSP_LED_Status  drv_bsp.o
    0x08002c98   0x08002c98   0x00000014   Code   RO          930    i._Z9BSP_LED_419Enum_BSP_LED_Status  drv_bsp.o
    0x08002cac   0x08002cac   0x00000014   Code   RO          931    i._Z9BSP_LED_519Enum_BSP_LED_Status  drv_bsp.o
    0x08002cc0   0x08002cc0   0x00000014   Code   RO          932    i._Z9BSP_LED_619Enum_BSP_LED_Status  drv_bsp.o
    0x08002cd4   0x08002cd4   0x00000014   Code   RO          933    i._Z9BSP_LED_719Enum_BSP_LED_Status  drv_bsp.o
    0x08002ce8   0x08002ce8   0x00000018   Code   RO          934    i._Z9BSP_LED_819Enum_BSP_LED_Status  drv_bsp.o
    0x08002d00   0x08002d00   0x00000018   Code   RO          935    i._Z9BSP_LED_G19Enum_BSP_LED_Status  drv_bsp.o
    0x08002d18   0x08002d18   0x00000018   Code   RO          936    i._Z9BSP_LED_R19Enum_BSP_LED_Status  drv_bsp.o
    0x08002d30   0x08002d30   0x00000168   Code   RO          735    i._Z9UART_InitP20__UART_HandleTypeDefPFvPhtEt  drv_uart.o
    0x08002e98   0x08002e98   0x00000006   Code   RO         1067    i._ZN16Class_Motor_C62013Get_Now_AngleEv  dvc_motor.o
    0x08002e9e   0x08002e9e   0x00000006   Code   RO         1068    i._ZN16Class_Motor_C62013Get_Now_OmegaEv  dvc_motor.o
    0x08002ea4   0x08002ea4   0x00000006   Code   RO         1071    i._ZN16Class_Motor_C62016Get_Target_AngleEv  dvc_motor.o
    0x08002eaa   0x08002eaa   0x00000006   Code   RO         1072    i._ZN16Class_Motor_C62016Get_Target_OmegaEv  dvc_motor.o
    0x08002eb0   0x08002eb0   0x00000006   Code   RO         1073    i._ZN16Class_Motor_C62016Set_Target_AngleEf  dvc_motor.o
    0x08002eb6   0x08002eb6   0x00000002   PAD
    0x08002eb8   0x08002eb8   0x000000e4   Code   RO         1077    i._ZN16Class_Motor_C62018CAN_RxCpltCallbackEPh  dvc_motor.o
    0x08002f9c   0x08002f9c   0x00000130   Code   RO         1082    i._ZN16Class_Motor_C62029TIM_PID_PeriodElapsedCallbackEv  dvc_motor.o
    0x080030cc   0x080030cc   0x00000058   Code   RO         1084    i._ZN16Class_Motor_C6204InitEP17CAN_HandleTypeDef17Enum_CAN_Motor_ID19Enum_Control_Methodff  dvc_motor.o
    0x08003124   0x08003124   0x00000028   Code   RO         1085    i._ZN16Class_Motor_C6206OutputEv  dvc_motor.o
    0x0800314c   0x0800314c   0x00000006   Code   RO         1087    i._ZN16Class_Motor_C6207Set_OutEf  dvc_motor.o
    0x08003152   0x08003152   0x00000002   PAD
    0x08003154   0x08003154   0x0000009c   Code   RO           71    i._ZN16Class_Motor_C620C1Ev  main.o
    0x080031f0   0x080031f0   0x0000000c   Code   RO          518    i._ZN16Class_Serialplot31TIM_Write_PeriodElapsedCallbackEv  dvc_serialplot.o
    0x080031fc   0x080031fc   0x000000c4   Code   RO          519    i._ZN16Class_Serialplot4InitEP20__UART_HandleTypeDefhPPc25Enum_Serialplot_Data_Typeh  dvc_serialplot.o
    0x080032c0   0x080032c0   0x000000e0   Code   RO          520    i._ZN16Class_Serialplot6OutputEv  dvc_serialplot.o
    0x080033a0   0x080033a0   0x0000003a   Code   RO          521    i._ZN16Class_Serialplot8Set_DataEhz  dvc_serialplot.o
    0x080033da   0x080033da   0x0000002c   Code   RO         2430    i._ZN41_INTERNAL_19_stm32f4xx_hal_dma_c_c25f65ec13DMA_SetConfigEP19__DMA_HandleTypeDefjjj  stm32f4xx_hal_dma.o
    0x08003406   0x08003406   0x000000aa   Code   RO         2431    i._ZN41_INTERNAL_19_stm32f4xx_hal_dma_c_c25f65ec18DMA_CheckFifoParamEP19__DMA_HandleTypeDef  stm32f4xx_hal_dma.o
    0x080034b0   0x080034b0   0x00000034   Code   RO         2432    i._ZN41_INTERNAL_19_stm32f4xx_hal_dma_c_c25f65ec23DMA_CalcBaseAndBitshiftEP19__DMA_HandleTypeDef  stm32f4xx_hal_dma.o
    0x080034e4   0x080034e4   0x00000050   Code   RO         3291    i._ZN42_INTERNAL_20_stm32f4xx_hal_uart_c_d497114f13UART_DMAErrorEP19__DMA_HandleTypeDef  stm32f4xx_hal_uart.o
    0x08003534   0x08003534   0x0000022c   Code   RO         3292    i._ZN42_INTERNAL_20_stm32f4xx_hal_uart_c_d497114f14UART_SetConfigEP20__UART_HandleTypeDef  stm32f4xx_hal_uart.o
    0x08003760   0x08003760   0x000000fc   Code   RO         3293    i._ZN42_INTERNAL_20_stm32f4xx_hal_uart_c_d497114f15UART_Receive_ITEP20__UART_HandleTypeDef  stm32f4xx_hal_uart.o
    0x0800385c   0x0800385c   0x00000060   Code   RO         3294    i._ZN42_INTERNAL_20_stm32f4xx_hal_uart_c_d497114f16UART_Transmit_ITEP20__UART_HandleTypeDef  stm32f4xx_hal_uart.o
    0x080038bc   0x080038bc   0x00000024   Code   RO         3295    i._ZN42_INTERNAL_20_stm32f4xx_hal_uart_c_d497114f18UART_DMARxHalfCpltEP19__DMA_HandleTypeDef  stm32f4xx_hal_uart.o
    0x080038e0   0x080038e0   0x0000000e   Code   RO         3296    i._ZN42_INTERNAL_20_stm32f4xx_hal_uart_c_d497114f18UART_DMATxHalfCpltEP19__DMA_HandleTypeDef  stm32f4xx_hal_uart.o
    0x080038ee   0x080038ee   0x0000006c   Code   RO         3297    i._ZN42_INTERNAL_20_stm32f4xx_hal_uart_c_d497114f18UART_EndRxTransferEP20__UART_HandleTypeDef  stm32f4xx_hal_uart.o
    0x0800395a   0x0800395a   0x00000026   Code   RO         3298    i._ZN42_INTERNAL_20_stm32f4xx_hal_uart_c_d497114f18UART_EndTxTransferEP20__UART_HandleTypeDef  stm32f4xx_hal_uart.o
    0x08003980   0x08003980   0x000000b4   Code   RO         3299    i._ZN42_INTERNAL_20_stm32f4xx_hal_uart_c_d497114f19UART_DMAReceiveCpltEP19__DMA_HandleTypeDef  stm32f4xx_hal_uart.o
    0x08003a34   0x08003a34   0x00000020   Code   RO         3300    i._ZN42_INTERNAL_20_stm32f4xx_hal_uart_c_d497114f19UART_EndTransmit_ITEP20__UART_HandleTypeDef  stm32f4xx_hal_uart.o
    0x08003a54   0x08003a54   0x00000012   Code   RO         3301    i._ZN42_INTERNAL_20_stm32f4xx_hal_uart_c_d497114f20UART_DMAAbortOnErrorEP19__DMA_HandleTypeDef  stm32f4xx_hal_uart.o
    0x08003a66   0x08003a66   0x00000058   Code   RO         3302    i._ZN42_INTERNAL_20_stm32f4xx_hal_uart_c_d497114f20UART_DMATransmitCpltEP19__DMA_HandleTypeDef  stm32f4xx_hal_uart.o
    0x08003abe   0x08003abe   0x00000002   PAD
    0x08003ac0   0x08003ac0   0x00000028   Code   RO         2778    i._ZN44_INTERNAL_22_stm32f4xx_hal_cortex_c_2992dbc018__NVIC_SetPriorityE9IRQn_Typej  stm32f4xx_hal_cortex.o
    0x08003ae8   0x08003ae8   0x00000010   Code   RO         2779    i._ZN44_INTERNAL_22_stm32f4xx_hal_cortex_c_2992dbc026__NVIC_GetPriorityGroupingEv  stm32f4xx_hal_cortex.o
    0x08003af8   0x08003af8   0x00000006   Code   RO          603    i._ZN9Class_PID10Set_TargetEf  alg_pid.o
    0x08003afe   0x08003afe   0x00000002   PAD
    0x08003b00   0x08003b00   0x00000274   Code   RO          611    i._ZN9Class_PID32TIM_Adjust_PeriodElapsedCallbackEv  alg_pid.o
    0x08003d74   0x08003d74   0x00000030   Code   RO          612    i._ZN9Class_PID4InitEfffffffffff16Enum_PID_D_First  alg_pid.o
    0x08003da4   0x08003da4   0x00000006   Code   RO          613    i._ZN9Class_PID7Get_OutEv  alg_pid.o
    0x08003daa   0x08003daa   0x00000006   Code   RO          618    i._ZN9Class_PID7Set_NowEf  alg_pid.o
    0x08003db0   0x08003db0   0x00000090   Code   RO           68    i._ZN9Class_PIDC1Ev  main.o
    0x08003e40   0x08003e40   0x0000002c   Code   RO           17    i.__sti___8_main_cpp_18ce1bfb  main.o
    0x08003e6c   0x08003e6c   0x000001bc   Code   RO           18    i.main              main.o
    0x08004028   0x08004028   0x00000028   Code   RO          709    t._Z14Math_ConstrainIfEvPT_S0_S0_  alg_pid.o
    0x08004050   0x08004050   0x0000001a   Code   RO          702    t._Z8Math_AbsIfET_S0_  alg_pid.o
    0x0800406a   0x0800406a   0x0000000a   Code   RO         3871    x$fpl$fpinit        fz_wm.l(fpinit.o)
    0x08004074   0x08004074   0x00000008   Data   RO         2448    .constdata          stm32f4xx_hal_dma.o
    0x0800407c   0x0800407c   0x00000018   Data   RO         3685    .constdata          system_stm32f4xx.o
    0x08004094   0x08004094   0x00000020   Data   RO         3967    Region$$Table       anon$$obj.o
    0x080040b4   0x080040b4   0x00000004   Data   RO           27    .init_array         main.o
    0x080040b8   0x080040b4   0x00000000   Data   RO         3730    .init_array         c_w.l(init_aeabi.o)


    Execution Region RW_IRAM2 (Exec base: 0x10000000, Load base: 0x080040dc, Size: 0x00000000, Max: 0x00010000, ABSOLUTE)

    **** No section assigned to this execution region ****


    Execution Region RW_IRAM1 (Exec base: 0x20000000, Load base: 0x080040b8, Size: 0x00001c40, Max: 0x00030000, ABSOLUTE, COMPRESSED[0x00000024])

    Exec Addr    Load Addr    Size         Type   Attr      Idx    E Section Name        Object

    0x20000000   COMPRESSED   0x0000026c   Data   RW           26    .data               main.o
    0x2000026c   COMPRESSED   0x0000003c   Data   RW          798    .data               drv_can.o
    0x200002a8   COMPRESSED   0x00000009   Data   RW         2996    .data               stm32f4xx_hal.o
    0x200002b1   COMPRESSED   0x00000003   PAD
    0x200002b4   COMPRESSED   0x00000004   Data   RW         3686    .data               system_stm32f4xx.o
    0x200002b8        -       0x00000140   Zero   RW           25    .bss                main.o
    0x200003f8        -       0x00000028   Zero   RW          259    .bss                can.o
    0x20000420        -       0x00000108   Zero   RW          329    .bss                usart.o
    0x20000528        -       0x00001060   Zero   RW          740    .bss                drv_uart.o
    0x20001588        -       0x00000058   Zero   RW          797    .bss                drv_can.o
    0x200015e0        -       0x00000060   Zero   RW         3874    .bss                c_w.l(libspace.o)
    0x20001640        -       0x00000200   Zero   RW            2    HEAP                startup_stm32f427xx.o
    0x20001840        -       0x00000400   Zero   RW            1    STACK               startup_stm32f427xx.o


==============================================================================

Image component sizes


      Code (inc. data)   RO Data    RW Data    ZI Data      Debug   Object Name

       760          6          0          0          0       4468   alg_pid.o
       236         20          0          0         40       1649   can.o
        72          4          0          0          0        766   dma.o
       446         62          0          0          0       7795   drv_bsp.o
       510         60          0         60         88       5547   drv_can.o
       796        140          0          0       4192       4198   drv_uart.o
       804         60          0          0          0     624624   dvc_motor.o
       490         66          0          0          0       5529   dvc_serialplot.o
       180         10          0          0          0        963   gpio.o
      1014        114          4        620        320     733020   main.o
        64         26        428          0       1536        828   startup_stm32f427xx.o
       212         36          0          9          0       9449   stm32f4xx_hal.o
      2100          4          0          0          0      12784   stm32f4xx_hal_can.o
       312         22          0          0          0      34231   stm32f4xx_hal_cortex.o
      1436         16          8          0          0       6926   stm32f4xx_hal_dma.o
       540         54          0          0          0       2108   stm32f4xx_hal_gpio.o
        72          4          0          0          0        854   stm32f4xx_hal_msp.o
       140         12          0          0          0       1272   stm32f4xx_hal_pwr_ex.o
      1820         84          0          0          0       5552   stm32f4xx_hal_rcc.o
      2886         40          0          0          0      16791   stm32f4xx_hal_uart.o
       114         30          0          0          0       6522   stm32f4xx_it.o
        20          6         24          4          0       1107   system_stm32f4xx.o
       340         36          0          0        264       1852   usart.o

    ----------------------------------------------------------------------
     15392        912        496        696       6440    1488835   Object Totals
         0          0         32          0          0          0   (incl. Generated)
        28          0          0          3          0          0   (incl. Padding)

    ----------------------------------------------------------------------

      Code (inc. data)   RO Data    RW Data    ZI Data      Debug   Library Member Name

        58          0          0          0          0          0   __dczerorl.o
         8          0          0          0          0         68   __main.o
         0          0          0          0          0          0   __rtentry.o
        12          0          0          0          0          0   __rtentry2.o
         6          0          0          0          0          0   __rtentry4.o
        52          8          0          0          0          0   __scatter.o
        28          0          0          0          0          0   __scatter_zi.o
        18          0          0          0          0         80   exit.o
         6          0          0          0          0        152   heapauxi.o
         0          0          0          0          0          0   indicate_semi.o
        36         10          0          0          0         80   init_aeabi.o
         2          0          0          0          0          0   libinit.o
        10          0          0          0          0          0   libinit2.o
         2          0          0          0          0          0   libshutdown.o
         2          0          0          0          0          0   libshutdown2.o
         8          4          0          0         96         68   libspace.o
       238          0          0          0          0        100   lludivv7m.o
        78          0          0          0          0         80   rt_memclr_w.o
         2          0          0          0          0          0   rtexit.o
        10          0          0          0          0          0   rtexit2.o
        12          4          0          0          0         68   sys_exit.o
        74          0          0          0          0         80   sys_stackheap_outer.o
         2          0          0          0          0         68   use_no_semi.o
        10          0          0          0          0        116   fpinit.o

    ----------------------------------------------------------------------
       680         26          0          0         96        960   Library Totals
         6          0          0          0          0          0   (incl. Padding)

    ----------------------------------------------------------------------

      Code (inc. data)   RO Data    RW Data    ZI Data      Debug   Library Name

       664         26          0          0         96        844   c_w.l
        10          0          0          0          0        116   fz_wm.l

    ----------------------------------------------------------------------
       680         26          0          0         96        960   Library Totals

    ----------------------------------------------------------------------

==============================================================================


      Code (inc. data)   RO Data    RW Data    ZI Data      Debug   

     16072        938        496        696       6536    1476383   Grand Totals
     16072        938        496         36       6536    1476383   ELF Image Totals (compressed)
     16072        938        496         36          0          0   ROM Totals

==============================================================================

    Total RO  Size (Code + RO Data)                16568 (  16.18kB)
    Total RW  Size (RW Data + ZI Data)              7232 (   7.06kB)
    Total ROM Size (Code + RO Data + RW Data)      16604 (  16.21kB)

==============================================================================

